******************************************************************************
                  TI ARM Linker Unix v20.2.5                   
******************************************************************************
>> Linked Tue Dec  7 02:31:08 2021

OUTPUT FILE NAME:   <IRAcer.out>
ENTRY POINT SYMBOL: "_c_int00_noargs"  address: 000048b1


MEMORY CONFIGURATION

         name            origin    length      used     unused   attr    fill
----------------------  --------  ---------  --------  --------  ----  --------
  MAIN                  00000000   00040000  00005188  0003ae78  R  X
  INFO                  00200000   00004000  00000000  00004000  R  X
  SRAM_CODE             01000000   00010000  000026b0  0000d950  RW X
  SRAM_DATA             20000000   00010000  000026b0  0000d950  RW  


SEGMENT ALLOCATION MAP

run origin  load origin   length   init length attrs members
----------  ----------- ---------- ----------- ----- -------
00000000    00000000    00005188   00005188    r-x
  00000000    00000000    000000e4   000000e4    r-- .intvecs
  000000e4    000000e4    00004e2c   00004e2c    r-x .text
  00004f10    00004f10    00000170   00000170    r-- .const
  00005080    00005080    00000108   00000108    r-- .cinit
20000000    20000000    000024b0   00000000    rw-
  20000000    20000000    000019f0   00000000    rw- .bss
  200019f0    200019f0    00000800   00000000    rw- .sysmem
  200021f0    200021f0    000002c0   00000000    rw- .data
2000fe00    2000fe00    00000200   00000000    rw-
  2000fe00    2000fe00    00000200   00000000    rw- .stack


SECTION ALLOCATION MAP

 output                                  attributes/
section   page    origin      length       input sections
--------  ----  ----------  ----------   ----------------
.intvecs   0    00000000    000000e4     
                  00000000    000000e4     startup_msp432p401r_ccs.obj (.intvecs:retain)

.text      0    000000e4    00004e2c     
                  000000e4    00000a4e     rtsv7M4_T_le_v4SPD16_eabi.lib : _printfi.c.obj (.text:__TI_printfi)
                  00000b32    00000002     startup_msp432p401r_ccs.obj (.text:Default_Handler)
                  00000b34    0000029c     Ultrasonic.obj (.text:TA1_0_IRQHandler)
                  00000dd0    00000270     rtsv7M4_T_le_v4SPD16_eabi.lib : _printfi.c.obj (.text:_pconv_a)
                  00001040    000001d0                                   : _printfi.c.obj (.text:_pconv_g)
                  00001210    000001cc     UART.obj (.text:init_UART)
                  000013dc    000001b6     rtsv7M4_T_le_v4SPD16_eabi.lib : fd_add_t2.asm.obj (.text)
                  00001592    00000002                                   : _lock.c.obj (.text:_nop)
                  00001594    00000168     Encoder.obj (.text:TA0_N_IRQHandler)
                  000016fc    00000158     UART_Driver.obj (.text:UART_Printf)
                  00001854    00000144     msp432p4xx_driverlib.lib : timer_a.o (.text:privateTimer_AProcessClockSourceDivider)
                  00001998    00000140     UART_Driver.obj (.text:UART_Read)
                  00001ad8    0000013c     rtsv7M4_T_le_v4SPD16_eabi.lib : _printfi.c.obj (.text:_pconv_e)
                  00001c14    00000136                                   : fd_div_t2.asm.obj (.text)
                  00001d4a    00000002                                   : div0.asm.obj (.text)
                  00001d4c    00000124                                   : _printfi.c.obj (.text:fcvt)
                  00001e70    00000120     UART.obj (.text:sendData)
                  00001f90    0000011c     msp432p4xx_driverlib.lib : uart.o (.text:UART_initModule)
                  000020ac    0000011c     main.obj (.text:main)
                  000021c8    00000114     rtsv7M4_T_le_v4SPD16_eabi.lib : fputs.c.obj (.text:fputs)
                  000022dc    00000110                                   : s_scalbn.c.obj (.text:scalbn)
                  000023ec    00000104     msp432p4xx_driverlib.lib : cs.o (.text:_CSComputeCLKFrequency)
                  000024f0    00000100     rtsv7M4_T_le_v4SPD16_eabi.lib : memory.c.obj (.text:aligned_alloc)
                  000025f0    000000fc                                   : fd_mul_t2.asm.obj (.text)
                  000026ec    000000f8     msp432p4xx_driverlib.lib : cs.o (.text:CS_getDCOFrequency)
                  000027e4    000000e4     rtsv7M4_T_le_v4SPD16_eabi.lib : memory.c.obj (.text:free)
                  000028c8    000000dc                                   : setvbuf.c.obj (.text:setvbuf)
                  000029a4    000000d4     ESP8266.obj (.text:ESP8266_EstablishConnection)
                  00002a78    000000ba     MSPIO.obj (.text:MSPrintf)
                  00002b32    00000002     --HOLE-- [fill = 0]
                  00002b34    000000b4     UART.obj (.text:uartLoop)
                  00002be8    000000b1     rtsv7M4_T_le_v4SPD16_eabi.lib : _printfi.c.obj (.text:_ltostr)
                  00002c99    00000003     --HOLE-- [fill = 0]
                  00002c9c    000000a0     ESP8266.obj (.text:ESP8266_SendData)
                  00002d3c    0000009c     UART_Driver.obj (.text:EUSCIA0_IRQHandler)
                  00002dd8    0000009c     rtsv7M4_T_le_v4SPD16_eabi.lib : memcpy_t2.asm.obj (.text)
                  00002e74    00000096                                   : ull_div_t2.asm.obj (.text)
                  00002f0a    00000002     --HOLE-- [fill = 0]
                  00002f0c    00000094     msp432p4xx_driverlib.lib : sysctl_a.o (.text:SysCtl_A_getTLVInfo)
                  00002fa0    00000090     Ultrasonic.obj (.text:getHCSR04Distance)
                  00003030    0000008c     UART_Driver.obj (.text:EUSCIA2_IRQHandler)
                  000030bc    0000008c     MSPIO.obj (.text:PrintInteger)
                  00003148    0000008c     rtsv7M4_T_le_v4SPD16_eabi.lib : fputc.c.obj (.text:fputc)
                  000031d4    00000088     msp432p4xx_driverlib.lib : gpio.o (.text:GPIO_setAsPeripheralModuleFunctionOutputPin)
                  0000325c    00000086     rtsv7M4_T_le_v4SPD16_eabi.lib : fd_cmp_t2.asm.obj (.text:__aeabi_cdcmple)
                  000032e2    00000086                                   : fd_cmp_t2.asm.obj (.text:__aeabi_cdrcmple)
                  00003368    00000080     ESP8266.obj (.text:ESP8266_EnableMultipleConnections)
                  000033e8    00000080     msp432p4xx_driverlib.lib : interrupt.o (.text:Interrupt_enableInterrupt)
                  00003468    0000007c     ESP8266.obj (.text:ESP8266_WaitForAnswer)
                  000034e4    0000007c     msp432p4xx_driverlib.lib : cs.o (.text:_CSGetDOCFrequency)
                  00003560    0000007a     rtsv7M4_T_le_v4SPD16_eabi.lib : memset_t2.asm.obj (.text)
                  000035da    00000002     --HOLE-- [fill = 0]
                  000035dc    00000078     system_msp432p401r.obj (.text:SystemInit)
                  00003654    00000074     msp432p4xx_driverlib.lib : timer_a.o (.text:Timer_A_generatePWM)
                  000036c8    00000074     rtsv7M4_T_le_v4SPD16_eabi.lib : fclose.c.obj (.text:__TI_closefile)
                  0000373c    00000070                                   : memory.c.obj (.text:split)
                  000037ac    0000006e                                   : _printfi.c.obj (.text:_mcpy)
                  0000381a    00000002     --HOLE-- [fill = 0]
                  0000381c    0000006e                                   : ltoa.c.obj (.text:ltoa)
                  0000388a    0000006e                                   : fd_tos_t2.asm.obj (.text)
                  000038f8    0000006c                                   : hostrename.c.obj (.text:HOSTrename)
                  00003964    00000068                                   : hostlseek.c.obj (.text:HOSTlseek)
                  000039cc    00000068     msp432p4xx_driverlib.lib : timer_a.o (.text:Timer_A_configureUpMode)
                  00003a34    00000068     rtsv7M4_T_le_v4SPD16_eabi.lib : copy_decompress_lzss.c.obj (.text:decompress:lzss:__TI_decompress_lzss)
                  00003a9c    00000068     Encoder.obj (.text:init_Encoder)
                  00003b04    00000068     rtsv7M4_T_le_v4SPD16_eabi.lib : printf.c.obj (.text:printf)
                  00003b6c    00000064     msp432p4xx_driverlib.lib : uart.o (.text:UART_getEnabledInterruptStatus)
                  00003bd0    00000064     rtsv7M4_T_le_v4SPD16_eabi.lib : s_frexp.c.obj (.text:frexp)
                  00003c34    00000064                                   : fseek.c.obj (.text:fseek)
                  00003c98    00000062     msp432p4xx_driverlib.lib : cs.o (.text:_CSGetDividerValue)
                  00003cfa    00000062     rtsv7M4_T_le_v4SPD16_eabi.lib : _io_perm.c.obj (.text:__TI_wrt_ok)
                  00003d5c    00000060                                   : hostopen.c.obj (.text:HOSTopen)
                  00003dbc    0000005c     ESP8266.obj (.text:ESP8266_Port80)
                  00003e18    0000005c     rtsv7M4_T_le_v4SPD16_eabi.lib : close.c.obj (.text:close)
                  00003e74    00000058     msp432p4xx_driverlib.lib : gpio.o (.text:GPIO_setAsInputPinWithPullDownResistor)
                  00003ecc    00000058                              : gpio.o (.text:GPIO_setAsInputPinWithPullUpResistor)
                  00003f24    00000058     rtsv7M4_T_le_v4SPD16_eabi.lib : hostread.c.obj (.text:HOSTread)
                  00003f7c    00000058                                   : hostwrite.c.obj (.text:HOSTwrite)
                  00003fd4    00000056                                   : _printfi.c.obj (.text:_pconv_f)
                  0000402a    00000002     --HOLE-- [fill = 0]
                  0000402c    00000054     ESP8266.obj (.text:ESP8266_ChangeMode1)
                  00004080    00000054     rtsv7M4_T_le_v4SPD16_eabi.lib : _ltoa.c.obj (.text:__TI_ltoa)
                  000040d4    00000054     Ultrasonic.obj (.text:init_ultrasonic)
                  00004128    00000052     rtsv7M4_T_le_v4SPD16_eabi.lib : _printfi.c.obj (.text:_ecpy)
                  0000417a    00000002     --HOLE-- [fill = 0]
                  0000417c    00000050     ESP8266.obj (.text:ESP8266_Close)
                  000041cc    0000004c     msp432p4xx_driverlib.lib : gpio.o (.text:GPIO_setAsInputPin)
                  00004218    0000004c                              : timer_a.o (.text:Timer_A_getCounterValue)
                  00004264    0000004c     UART_Driver.obj (.text:UART_Available)
                  000042b0    0000004c     rtsv7M4_T_le_v4SPD16_eabi.lib : fflush.c.obj (.text:__TI_doflush)
                  000042fc    0000004c                                   : atoi.c.obj (.text:atoi)
                  00004348    00000048     UART_Driver.obj (.text:UART_Flush)
                  00004390    00000048     rtsv7M4_T_le_v4SPD16_eabi.lib : exit.c.obj (.text:exit)
                  000043d8    00000048     PWM.obj (.text:leftDirection)
                  00004420    00000048     PWM.obj (.text:rightDirection)
                  00004468    00000048     rtsv7M4_T_le_v4SPD16_eabi.lib : fd_toi_t2.asm.obj (.text)
                  000044b0    00000044                                   : hostclose.c.obj (.text:HOSTclose)
                  000044f4    00000044                                   : hostunlink.c.obj (.text:HOSTunlink)
                  00004538    00000044                                   : autoinit.c.obj (.text:__TI_auto_init_nobinit_nopinit:__TI_auto_init_nobinit_nopinit)
                  0000457c    00000044                                   : getdevice.c.obj (.text:getdevice)
                  000045c0    00000044     PWM.obj (.text:init_PWM)
                  00004604    00000040     msp432p4xx_driverlib.lib : gpio.o (.text:GPIO_setAsOutputPin)
                  00004644    00000040     UART_Driver.obj (.text:UART_Write)
                  00004684    0000003e     rtsv7M4_T_le_v4SPD16_eabi.lib : _printfi.c.obj (.text:_fcpy)
                  000046c2    00000002     --HOLE-- [fill = 0]
                  000046c4    00000038                                   : trgmsg.c.obj (.text:__TI_writemsg)
                  000046fc    00000038     Ultrasonic.obj (.text:getHCSR04Time)
                  00004734    00000038     rtsv7M4_T_le_v4SPD16_eabi.lib : fs_tod_t2.asm.obj (.text)
                  0000476c    00000038     PWM.obj (.text:slowDown)
                  000047a4    00000038     PWM.obj (.text:speedUp)
                  000047dc    00000036     rtsv7M4_T_le_v4SPD16_eabi.lib : strncpy.c.obj (.text:strncpy)
                  00004812    00000002     --HOLE-- [fill = 0]
                  00004814    00000034     ESP8266.obj (.text:ESP8266_HardReset)
                  00004848    00000034     rtsv7M4_T_le_v4SPD16_eabi.lib : fopen.c.obj (.text:__TI_cleanup)
                  0000487c    00000034                                   : trgmsg.c.obj (.text:__TI_readmsg)
                  000048b0    00000034                                   : boot_cortex_m.c.obj (.text:_c_int00_noargs:_c_int00_noargs)
                  000048e4    00000034     PWM.obj (.text:stop)
                  00004918    00000034     rtsv7M4_T_le_v4SPD16_eabi.lib : strstr.c.obj (.text:strstr)
                  0000494c    00000030     msp432p4xx_driverlib.lib : cs.o (.text:CS_clearInterruptFlag)
                  0000497c    00000030                              : gpio.o (.text:GPIO_getInputPinValue)
                  000049ac    00000030     rtsv7M4_T_le_v4SPD16_eabi.lib : getdevice.c.obj (.text:finddevice)
                  000049dc    0000002e                                   : i_tofd_t2.asm.obj (.text)
                  00004a0a    00000002     --HOLE-- [fill = 0]
                  00004a0c    0000002c     msp432p4xx_driverlib.lib : timer_a.o (.text:Timer_A_clearCaptureCompareInterrupt)
                  00004a38    0000002c     rtsv7M4_T_le_v4SPD16_eabi.lib : unlink.c.obj (.text:unlink)
                  00004a64    00000028     msp432p4xx_driverlib.lib : cs.o (.text:CS_getSMCLK)
                  00004a8c    00000028                              : gpio.o (.text:GPIO_clearInterruptFlag)
                  00004ab4    00000028                              : gpio.o (.text:GPIO_enableInterrupt)
                  00004adc    00000028                              : gpio.o (.text:GPIO_setOutputHighOnPin)
                  00004b04    00000028                              : gpio.o (.text:GPIO_setOutputLowOnPin)
                  00004b2c    00000028                              : gpio.o (.text:GPIO_toggleOutputOnPin)
                  00004b54    00000028     rtsv7M4_T_le_v4SPD16_eabi.lib : memory.c.obj (.text:free_list_insert)
                  00004b7c    00000028                                   : lseek.c.obj (.text:lseek)
                  00004ba4    00000028                                   : write.c.obj (.text:write)
                  00004bcc    00000024     PWM.obj (.text:Delay)
                  00004bf0    00000024     Ultrasonic.obj (.text:Delay)
                  00004c14    00000024     main.obj (.text:Delay)
                  00004c38    00000024     msp432p4xx_driverlib.lib : gpio.o (.text:GPIO_getInterruptStatus)
                  00004c5c    00000024     Encoder.obj (.text:PORT2_IRQHandler)
                  00004c80    00000024     Encoder.obj (.text:PORT5_IRQHandler)
                  00004ca4    00000024     PWM.obj (.text:getSlowSpeed)
                  00004cc8    00000022     MSPIO.obj (.text:PrintString)
                  00004cea    00000020     rtsv7M4_T_le_v4SPD16_eabi.lib : memchr.c.obj (.text:memchr)
                  00004d0a    00000002     --HOLE-- [fill = 0]
                  00004d0c    0000001c                                   : memory.c.obj (.text:free_list_remove)
                  00004d28    0000001c                                   : memccpy.c.obj (.text:memccpy)
                  00004d44    0000001a                                   : s_copysign.c.obj (.text:copysign)
                  00004d5e    00000002     --HOLE-- [fill = 0]
                  00004d60    00000018     msp432p4xx_driverlib.lib : timer_a.o (.text:Timer_A_clearTimer)
                  00004d78    00000018                              : uart.o (.text:UART_getInterruptStatus)
                  00004d90    00000018     PWM.obj (.text:forwardDirection)
                  00004da8    00000018     PWM.obj (.text:reverseDirection)
                  00004dc0    00000018     rtsv7M4_T_le_v4SPD16_eabi.lib : strcmp.c.obj (.text:strcmp)
                  00004dd8    00000016     msp432p4xx_driverlib.lib : timer_a.o (.text:Timer_A_clearInterruptFlag)
                  00004dee    00000016                              : timer_a.o (.text:Timer_A_startCounter)
                  00004e04    00000016     rtsv7M4_T_le_v4SPD16_eabi.lib : strchr.c.obj (.text:strchr)
                  00004e1a    00000002     --HOLE-- [fill = 0]
                  00004e1c    00000014     ESP8266.obj (.text:ESP8266_ClearBuffer)
                  00004e30    00000014     IRLine.obj (.text:IRSensorSetup)
                  00004e44    00000014     MSPIO.obj (.text:PrintChar)
                  00004e58    00000014     msp432p4xx_driverlib.lib : timer_a.o (.text:Timer_A_stopTimer)
                  00004e6c    00000014     rtsv7M4_T_le_v4SPD16_eabi.lib : strcpy.c.obj (.text:strcpy)
                  00004e80    00000014                                   : strlen.c.obj (.text:strlen)
                  00004e94    00000012                                   : wcslen.c.obj (.text:wcslen)
                  00004ea6    00000010     msp432p4xx_driverlib.lib : interrupt.o (.text:Interrupt_enableMaster)
                  00004eb6    0000000e     rtsv7M4_T_le_v4SPD16_eabi.lib : copy_decompress_none.c.obj (.text:decompress:none:__TI_decompress_none)
                  00004ec4    0000000c     msp432p4xx_driverlib.lib : cpu.o (.text:CPU_cpsie)
                  00004ed0    0000000c     startup_msp432p401r_ccs.obj (.text:Reset_Handler)
                  00004edc    0000000c     rtsv7M4_T_le_v4SPD16_eabi.lib : copy_zero_init.c.obj (.text:decompress:ZI:__TI_zero_init)
                  00004ee8    00000008     ESP8266.obj (.text:ESP8266_GetBuffer)
                  00004ef0    00000008     rtsv7M4_T_le_v4SPD16_eabi.lib : errno.c.obj (.text:__aeabi_errno_addr)
                  00004ef8    00000008                                   : memory.c.obj (.text:malloc)
                  00004f00    00000004                                   : printf.c.obj (.text:_outc)
                  00004f04    00000004                                   : printf.c.obj (.text:_outs)
                  00004f08    00000004                                   : pre_init.c.obj (.text:_system_pre_init)
                  00004f0c    00000004                                   : exit.c.obj (.text:abort:abort)

.const     0    00004f10    00000170     
                  00004f10    00000101     rtsv7M4_T_le_v4SPD16_eabi.lib : ctype.c.obj (.const:.string:_ctypes_)
                  00005011    00000003     --HOLE-- [fill = 0]
                  00005014    00000030     msp432p4xx_driverlib.lib : gpio.o (.const:GPIO_PORT_TO_BASE)
                  00005044    00000018     Ultrasonic.obj (.const:$P$T0$1)
                  0000505c    00000018     Encoder.obj (.const:upConfig)
                  00005074    00000008     msp432p4xx_driverlib.lib : interrupt.o (.const:g_pulEnRegs)
                  0000507c    00000004     Encoder.obj (.const)

.cinit     0    00005080    00000108     
                  00005080    000000dd     (.cinit..data.load) [load image, compression = lzss]
                  0000515d    00000003     --HOLE-- [fill = 0]
                  00005160    0000000c     (__TI_handler_table)
                  0000516c    00000004     --HOLE-- [fill = 0]
                  00005170    00000008     (.cinit..bss.load) [load image, compression = zero_init]
                  00005178    00000010     (__TI_cinit_table)

.init_array 
*          0    00000000    00000000     UNINITIALIZED

.binit     0    00000000    00000000     

.bss       0    20000000    000019f0     UNINITIALIZED
                  20000000    00000800     (.common:ESP8266_Buffer)
                  20000800    00000800     (.common:UARTA0Data)
                  20001000    00000800     (.common:UARTA2Data)
                  20001800    00000120     rtsv7M4_T_le_v4SPD16_eabi.lib : trgmsg.c.obj (.bss:_CIOBUF_)
                  20001920    000000a0     (.common:__TI_tmpnams)
                  200019c0    00000008     msp432p4xx_driverlib.lib : cs.o (.bss)
                  200019c8    00000008     (.common:parmbuf)
                  200019d0    00000004     (.common:SR04IntTimes)
                  200019d4    00000004     (.common:UARTA0ReadIndex)
                  200019d8    00000004     (.common:UARTA0WriteIndex)
                  200019dc    00000004     (.common:UARTA2ReadIndex)
                  200019e0    00000004     (.common:UARTA2WriteIndex)
                  200019e4    00000004     (.common:encoderTimes)
                  200019e8    00000004     (.common:foo)
                  200019ec    00000004     (.common:receivedData)

.sysmem    0    200019f0    00000800     UNINITIALIZED
                  200019f0    00000010     rtsv7M4_T_le_v4SPD16_eabi.lib : memory.c.obj (.sysmem)
                  20001a00    000007f0     --HOLE--

.data      0    200021f0    000002c0     UNINITIALIZED
                  200021f0    000000f0     rtsv7M4_T_le_v4SPD16_eabi.lib : defs.c.obj (.data:_ftable)
                  200022e0    00000078                                   : host_device.c.obj (.data:_device)
                  20002358    00000050                                   : host_device.c.obj (.data:_stream)
                  200023a8    00000036     UART.obj (.data:HTTP_Request)
                  200023de    00000002     --HOLE--
                  200023e0    00000028     UART.obj (.data:UART0Config)
                  20002408    00000028     UART.obj (.data:UART2Config)
                  20002430    00000018     PWM.obj (.data:pwm2Config)
                  20002448    00000018     PWM.obj (.data:pwmConfig)
                  20002460    00000010     rtsv7M4_T_le_v4SPD16_eabi.lib : defs.c.obj (.data)
                  20002470    0000000c                                   : exit.c.obj (.data:$O1$$)
                  2000247c    0000000c     UART.obj (.data:HTTP_WebPage)
                  20002488    00000008     rtsv7M4_T_le_v4SPD16_eabi.lib : _lock.c.obj (.data:$O1$$)
                  20002490    00000008                                   : memory.c.obj (.data:$O1$$)
                  20002498    00000008     Encoder.obj (.data)
                  200024a0    00000005     UART.obj (.data:Port)
                  200024a5    00000003     --HOLE--
                  200024a8    00000004     UART.obj (.data)
                  200024ac    00000004     rtsv7M4_T_le_v4SPD16_eabi.lib : errno.c.obj (.data)

.stack     0    2000fe00    00000200     UNINITIALIZED
                  2000fe00    00000004     rtsv7M4_T_le_v4SPD16_eabi.lib : boot_cortex_m.c.obj (.stack)
                  2000fe04    000001fc     --HOLE--

__llvm_prf_cnts 
*          0    20000000    00000000     UNINITIALIZED

MODULE SUMMARY

       Module                        code    ro data   rw data
       ------                        ----    -------   -------
    ./
       UART.obj                      928     0         12638  
       Ultrasonic.obj                988     24        16     
       PWM.obj                       496     0         96     
       Encoder.obj                   536     28        16     
       main.obj                      320     0         8      
       system_msp432p401r.obj        120     0         0      
       IRLine.obj                    20      0         0      
    +--+-----------------------------+-------+---------+---------+
       Total:                        3408    52        12774  
                                                              
    ./Devices/
       ESP8266.obj                   960     0         0      
       MSPIO.obj                     380     0         0      
    +--+-----------------------------+-------+---------+---------+
       Total:                        1340    0         0      
                                                              
    ./Hardware/
       UART_Driver.obj               1172    0         0      
    +--+-----------------------------+-------+---------+---------+
       Total:                        1172    0         0      
                                                              
    ./ccs/
       startup_msp432p401r_ccs.obj   14      228       0      
    +--+-----------------------------+-------+---------+---------+
       Total:                        14      228       0      
                                                              
    /Applications/TI/ccs/tools/compiler/ti-cgt-arm_20.2.5.LTS/lib/rtsv7M4_T_le_v4SPD16_eabi.lib
       _printfi.c.obj                4851    0         0      
       defs.c.obj                    0       0         832    
       memory.c.obj                  672     0         16     
       trgmsg.c.obj                  108     0         576    
       fd_add_t2.asm.obj             438     0         0      
       host_device.c.obj             0       0         400    
       fd_div_t2.asm.obj             310     0         0      
       fputs.c.obj                   276     0         0      
       s_scalbn.c.obj                272     0         0      
       fd_cmp_t2.asm.obj             268     0         0      
       ctype.c.obj                   0       257       0      
       fd_mul_t2.asm.obj             252     0         0      
       setvbuf.c.obj                 220     0         0      
       memcpy_t2.asm.obj             156     0         0      
       ull_div_t2.asm.obj            150     0         0      
       fputc.c.obj                   140     0         0      
       memset_t2.asm.obj             122     0         0      
       fclose.c.obj                  116     0         0      
       getdevice.c.obj               116     0         0      
       hostopen.c.obj                96      0         16     
       printf.c.obj                  112     0         0      
       fd_tos_t2.asm.obj             110     0         0      
       ltoa.c.obj                    110     0         0      
       hostrename.c.obj              108     0         0      
       copy_decompress_lzss.c.obj    104     0         0      
       hostlseek.c.obj               104     0         0      
       exit.c.obj                    76      0         24     
       fseek.c.obj                   100     0         0      
       s_frexp.c.obj                 100     0         0      
       _io_perm.c.obj                98      0         0      
       close.c.obj                   92      0         0      
       hostread.c.obj                88      0         0      
       hostwrite.c.obj               88      0         0      
       _ltoa.c.obj                   84      0         0      
       atoi.c.obj                    76      0         0      
       fflush.c.obj                  76      0         0      
       fd_toi_t2.asm.obj             72      0         0      
       autoinit.c.obj                68      0         0      
       hostclose.c.obj               68      0         0      
       hostunlink.c.obj              68      0         0      
       fs_tod_t2.asm.obj             56      0         0      
       strncpy.c.obj                 54      0         0      
       boot_cortex_m.c.obj           52      0         0      
       fopen.c.obj                   52      0         0      
       strstr.c.obj                  52      0         0      
       i_tofd_t2.asm.obj             46      0         0      
       unlink.c.obj                  44      0         0      
       lseek.c.obj                   40      0         0      
       write.c.obj                   40      0         0      
       memchr.c.obj                  32      0         0      
       memccpy.c.obj                 28      0         0      
       s_copysign.c.obj              26      0         0      
       strcmp.c.obj                  24      0         0      
       strchr.c.obj                  22      0         0      
       strcpy.c.obj                  20      0         0      
       strlen.c.obj                  20      0         0      
       _lock.c.obj                   2       0         16     
       wcslen.c.obj                  18      0         0      
       errno.c.obj                   8       0         8      
       copy_decompress_none.c.obj    14      0         0      
       copy_zero_init.c.obj          12      0         0      
       pre_init.c.obj                4       0         0      
       div0.asm.obj                  2       0         0      
    +--+-----------------------------+-------+---------+---------+
       Total:                        11033   257       1888   
                                                              
    /Applications/TI/simplelink_msp432p4_sdk_3_40_01_02/source/ti/devices/msp432p4xx/driverlib/ccs/msp432p4xx_driverlib.lib
       cs.o                          818     0         16     
       gpio.o                        736     48        0      
       timer_a.o                     752     0         0      
       uart.o                        408     0         0      
       interrupt.o                   144     8         0      
       sysctl_a.o                    148     0         0      
       cpu.o                         12      0         0      
    +--+-----------------------------+-------+---------+---------+
       Total:                        3018    56        16     
                                                              
       Heap:                         0       0         4096   
       Stack:                        0       0         1024   
       Linker Generated:             0       257       0      
    +--+-----------------------------+-------+---------+---------+
       Grand Total:                  19985   850       19798  


LINKER GENERATED COPY TABLES

__TI_cinit_table @ 00005178 records: 2, size/record: 8, table size: 16
	.data: load addr=00005080, load size=000000dd bytes, run addr=200021f0, run size=000002c0 bytes, compression=lzss
	.bss: load addr=00005170, load size=00000008 bytes, run addr=20000000, run size=000019f0 bytes, compression=zero_init


LINKER GENERATED HANDLER TABLE

__TI_handler_table @ 00005160 records: 3, size/record: 4, table size: 12
	index: 0, handler: __TI_decompress_lzss
	index: 1, handler: __TI_decompress_none
	index: 2, handler: __TI_zero_init


GLOBAL SYMBOLS: SORTED ALPHABETICALLY BY Name 

address   name                                       
-------   ----                                       
00000b33  ADC14_IRQHandler                           
00000b33  AES256_IRQHandler                          
00000b33  BusFault_Handler                           
00004f0d  C$$EXIT                                    
000046f3  C$$IO$$                                    
00000b33  COMP_E0_IRQHandler                         
00000b33  COMP_E1_IRQHandler                         
00004ec5  CPU_cpsie                                  
00000b33  CS_IRQHandler                              
0000494d  CS_clearInterruptFlag                      
000026ed  CS_getDCOFrequency                         
00004a65  CS_getSMCLK                                
00000b33  DMA_ERR_IRQHandler                         
00000b33  DMA_INT0_IRQHandler                        
00000b33  DMA_INT1_IRQHandler                        
00000b33  DMA_INT2_IRQHandler                        
00000b33  DMA_INT3_IRQHandler                        
00000b33  DebugMon_Handler                           
00000b33  Default_Handler                            
20000000  ESP8266_Buffer                             
0000402d  ESP8266_ChangeMode1                        
00004e1d  ESP8266_ClearBuffer                        
0000417d  ESP8266_Close                              
00003369  ESP8266_EnableMultipleConnections          
000029a5  ESP8266_EstablishConnection                
00004ee9  ESP8266_GetBuffer                          
00004815  ESP8266_HardReset                          
00003dbd  ESP8266_Port80                             
00002c9d  ESP8266_SendData                           
00003469  ESP8266_WaitForAnswer                      
00002d3d  EUSCIA0_IRQHandler                         
00002d3d  EUSCIA0_IRQHandler                         
00000b33  EUSCIA1_IRQHandler                         
00003031  EUSCIA2_IRQHandler                         
00003031  EUSCIA2_IRQHandler                         
00000b33  EUSCIA3_IRQHandler                         
00000b33  EUSCIB0_IRQHandler                         
00000b33  EUSCIB1_IRQHandler                         
00000b33  EUSCIB2_IRQHandler                         
00000b33  EUSCIB3_IRQHandler                         
00000b33  FLCTL_IRQHandler                           
00000b33  FPU_IRQHandler                             
00004a8d  GPIO_clearInterruptFlag                    
00004ab5  GPIO_enableInterrupt                       
0000497d  GPIO_getInputPinValue                      
00004c39  GPIO_getInterruptStatus                    
000041cd  GPIO_setAsInputPin                         
00003e75  GPIO_setAsInputPinWithPullDownResistor     
00003ecd  GPIO_setAsInputPinWithPullUpResistor       
00004605  GPIO_setAsOutputPin                        
000031d5  GPIO_setAsPeripheralModuleFunctionOutputPin
00004add  GPIO_setOutputHighOnPin                    
00004b05  GPIO_setOutputLowOnPin                     
00004b2d  GPIO_toggleOutputOnPin                     
000044b1  HOSTclose                                  
00003965  HOSTlseek                                  
00003d5d  HOSTopen                                   
00003f25  HOSTread                                   
000038f9  HOSTrename                                 
000044f5  HOSTunlink                                 
00003f7d  HOSTwrite                                  
200023a8  HTTP_Request                               
200024a8  HTTP_Request_Size                          
2000247c  HTTP_WebPage                               
00000b33  HardFault_Handler                          
00004e31  IRSensorSetup                              
000033e9  Interrupt_enableInterrupt                  
00004ea7  Interrupt_enableMaster                     
00002a79  MSPrintf                                   
00000b33  MemManage_Handler                          
00000b33  NMI_Handler                                
00000b33  PCM_IRQHandler                             
00000b33  PORT1_IRQHandler                           
00004c5d  PORT2_IRQHandler                           
00004c5d  PORT2_IRQHandler                           
00000b33  PORT3_IRQHandler                           
00000b33  PORT4_IRQHandler                           
00004c81  PORT5_IRQHandler                           
00004c81  PORT5_IRQHandler                           
00000b33  PORT6_IRQHandler                           
00000b33  PSS_IRQHandler                             
00000b33  PendSV_Handler                             
200024a0  Port                                       
00004e45  PrintChar                                  
000030bd  PrintInteger                               
00004cc9  PrintString                                
00000b33  RTC_C_IRQHandler                           
00004ed1  Reset_Handler                              
200019d0  SR04IntTimes                               
00000b33  SVC_Handler                                
00002f0d  SysCtl_A_getTLVInfo                        
00000b33  SysTick_Handler                            
000035dd  SystemInit                                 
00000b33  T32_INT1_IRQHandler                        
00000b33  T32_INT2_IRQHandler                        
00000b33  T32_INTC_IRQHandler                        
00000b33  TA0_0_IRQHandler                           
00001595  TA0_N_IRQHandler                           
00001595  TA0_N_IRQHandler                           
00000b35  TA1_0_IRQHandler                           
00000b35  TA1_0_IRQHandler                           
00000b33  TA1_N_IRQHandler                           
00000b33  TA2_0_IRQHandler                           
00000b33  TA2_N_IRQHandler                           
00000b33  TA3_0_IRQHandler                           
00000b33  TA3_N_IRQHandler                           
00004a0d  Timer_A_clearCaptureCompareInterrupt       
00004dd9  Timer_A_clearInterruptFlag                 
00004d61  Timer_A_clearTimer                         
000039cd  Timer_A_configureUpMode                    
00003655  Timer_A_generatePWM                        
00004219  Timer_A_getCounterValue                    
00004def  Timer_A_startCounter                       
00004e59  Timer_A_stopTimer                          
200023e0  UART0Config                                
20002408  UART2Config                                
20000800  UARTA0Data                                 
200019d4  UARTA0ReadIndex                            
200019d8  UARTA0WriteIndex                           
20001000  UARTA2Data                                 
200019dc  UARTA2ReadIndex                            
200019e0  UARTA2WriteIndex                           
00004265  UART_Available                             
00004349  UART_Flush                                 
000016fd  UART_Printf                                
00001999  UART_Read                                  
00004645  UART_Write                                 
00003b6d  UART_getEnabledInterruptStatus             
00004d79  UART_getInterruptStatus                    
00001f91  UART_initModule                            
00000b33  UsageFault_Handler                         
4000480c  WDTCTL_SYM                                 
00000b33  WDT_A_IRQHandler                           
20001800  __CIOBUF_                                  
20010000  __STACK_END                                
00000200  __STACK_SIZE                               
00000800  __SYSMEM_SIZE                              
00005178  __TI_CINIT_Base                            
00005188  __TI_CINIT_Limit                           
00005160  __TI_Handler_Table_Base                    
0000516c  __TI_Handler_Table_Limit                   
00004539  __TI_auto_init_nobinit_nopinit             
00004849  __TI_cleanup                               
20002470  __TI_cleanup_ptr                           
000036c9  __TI_closefile                             
00003a35  __TI_decompress_lzss                       
00004eb7  __TI_decompress_none                       
000042b1  __TI_doflush                               
20002474  __TI_dtors_ptr                             
20002478  __TI_enable_exit_profile_output            
20002460  __TI_ft_end                                
00004081  __TI_ltoa                                  
ffffffff  __TI_pprof_out_hndl                        
000000e5  __TI_printfi                               
ffffffff  __TI_prof_data_size                        
ffffffff  __TI_prof_data_start                       
0000487d  __TI_readmsg                               
00000000  __TI_static_base__                         
20001920  __TI_tmpnams                               
000046c5  __TI_writemsg                              
00003cfb  __TI_wrt_ok                                
00004edd  __TI_zero_init                             
0000325d  __aeabi_cdcmpeq                            
0000325d  __aeabi_cdcmple                            
000032e3  __aeabi_cdrcmple                           
0000388b  __aeabi_d2f                                
00004469  __aeabi_d2iz                               
000013e7  __aeabi_dadd                               
00001c15  __aeabi_ddiv                               
000025f1  __aeabi_dmul                               
000013dd  __aeabi_dsub                               
00004ef1  __aeabi_errno_addr                         
00004735  __aeabi_f2d                                
000049dd  __aeabi_i2d                                
00001d4b  __aeabi_idiv0                              
00001d4b  __aeabi_ldiv0                              
00003561  __aeabi_memclr                             
00003561  __aeabi_memclr4                            
00003561  __aeabi_memclr8                            
00002dd9  __aeabi_memcpy                             
00002dd9  __aeabi_memcpy4                            
00002dd9  __aeabi_memcpy8                            
00003563  __aeabi_memset                             
00003563  __aeabi_memset4                            
00003563  __aeabi_memset8                            
2000246c  __aeabi_stderr                             
20002464  __aeabi_stdin                              
20002468  __aeabi_stdout                             
00002e75  __aeabi_uldivmod                           
ffffffff  __binit__                                  
ffffffff  __c_args__                                 
UNDEFED   __mpu_init                                 
2000fe00  __stack                                    
20000000  __start___llvm_prf_cnts                    
20000000  __stop___llvm_prf_cnts                     
000048b1  _c_int00_noargs                            
00004f10  _ctypes_                                   
200022e0  _device                                    
200021f0  _ftable                                    
20002488  _lock                                      
00001593  _nop                                       
20002358  _stream                                    
200019f0  _sys_memory                                
UNDEFED   _system_post_cinit                         
00004f09  _system_pre_init                           
2000248c  _unlock                                    
00004f0d  abort                                      
000024f1  aligned_alloc                              
000042fd  atoi                                       
ffffffff  binit                                      
00003e19  close                                      
00004d45  copysign                                   
00004d45  copysignl                                  
0000507c  diameter                                   
200019e4  encoderTimes                               
200024ac  errno                                      
00004391  exit                                       
000049ad  finddevice                                 
200019e8  foo                                        
00004d91  forwardDirection                           
00003149  fputc                                      
000021c9  fputs                                      
000027e5  free                                       
00003bd1  frexp                                      
00003bd1  frexpl                                     
00003c35  fseek                                      
00002fa1  getHCSR04Distance                          
00004ca5  getSlowSpeed                               
0000457d  getdevice                                  
00003a9d  init_Encoder                               
000045c1  init_PWM                                   
00001211  init_UART                                  
000040d5  init_ultrasonic                            
00000000  interruptVectors                           
000022dd  ldexp                                      
000022dd  ldexpl                                     
000043d9  leftDirection                              
2000249c  leftrotation                               
00004b7d  lseek                                      
0000381d  ltoa                                       
000020ad  main                                       
00004ef9  malloc                                     
000024f1  memalign                                   
00004d29  memccpy                                    
00004ceb  memchr                                     
00002dd9  memcpy                                     
00003569  memset                                     
200019c8  parmbuf                                    
00003b05  printf                                     
00003149  putc                                       
20002430  pwm2Config                                 
20002448  pwmConfig                                  
200019ec  receivedData                               
00004a39  remove                                     
00004da9  reverseDirection                           
00004421  rightDirection                             
20002498  rightrotation                              
000022dd  scalbn                                     
000022dd  scalbnl                                    
00001e71  sendData                                   
000028c9  setvbuf                                    
0000476d  slowDown                                   
000047a5  speedUp                                    
000048e5  stop                                       
00004e05  strchr                                     
00004dc1  strcmp                                     
00004e6d  strcpy                                     
00004e81  strlen                                     
000047dd  strncpy                                    
00004919  strstr                                     
00002b35  uartLoop                                   
00004a39  unlink                                     
0000505c  upConfig                                   
00004e95  wcslen                                     
00004ba5  write                                      


GLOBAL SYMBOLS: SORTED BY Symbol Address 

address   name                                       
-------   ----                                       
00000000  __TI_static_base__                         
00000000  interruptVectors                           
000000e5  __TI_printfi                               
00000200  __STACK_SIZE                               
00000800  __SYSMEM_SIZE                              
00000b33  ADC14_IRQHandler                           
00000b33  AES256_IRQHandler                          
00000b33  BusFault_Handler                           
00000b33  COMP_E0_IRQHandler                         
00000b33  COMP_E1_IRQHandler                         
00000b33  CS_IRQHandler                              
00000b33  DMA_ERR_IRQHandler                         
00000b33  DMA_INT0_IRQHandler                        
00000b33  DMA_INT1_IRQHandler                        
00000b33  DMA_INT2_IRQHandler                        
00000b33  DMA_INT3_IRQHandler                        
00000b33  DebugMon_Handler                           
00000b33  Default_Handler                            
00000b33  EUSCIA1_IRQHandler                         
00000b33  EUSCIA3_IRQHandler                         
00000b33  EUSCIB0_IRQHandler                         
00000b33  EUSCIB1_IRQHandler                         
00000b33  EUSCIB2_IRQHandler                         
00000b33  EUSCIB3_IRQHandler                         
00000b33  FLCTL_IRQHandler                           
00000b33  FPU_IRQHandler                             
00000b33  HardFault_Handler                          
00000b33  MemManage_Handler                          
00000b33  NMI_Handler                                
00000b33  PCM_IRQHandler                             
00000b33  PORT1_IRQHandler                           
00000b33  PORT3_IRQHandler                           
00000b33  PORT4_IRQHandler                           
00000b33  PORT6_IRQHandler                           
00000b33  PSS_IRQHandler                             
00000b33  PendSV_Handler                             
00000b33  RTC_C_IRQHandler                           
00000b33  SVC_Handler                                
00000b33  SysTick_Handler                            
00000b33  T32_INT1_IRQHandler                        
00000b33  T32_INT2_IRQHandler                        
00000b33  T32_INTC_IRQHandler                        
00000b33  TA0_0_IRQHandler                           
00000b33  TA1_N_IRQHandler                           
00000b33  TA2_0_IRQHandler                           
00000b33  TA2_N_IRQHandler                           
00000b33  TA3_0_IRQHandler                           
00000b33  TA3_N_IRQHandler                           
00000b33  UsageFault_Handler                         
00000b33  WDT_A_IRQHandler                           
00000b35  TA1_0_IRQHandler                           
00000b35  TA1_0_IRQHandler                           
00001211  init_UART                                  
000013dd  __aeabi_dsub                               
000013e7  __aeabi_dadd                               
00001593  _nop                                       
00001595  TA0_N_IRQHandler                           
00001595  TA0_N_IRQHandler                           
000016fd  UART_Printf                                
00001999  UART_Read                                  
00001c15  __aeabi_ddiv                               
00001d4b  __aeabi_idiv0                              
00001d4b  __aeabi_ldiv0                              
00001e71  sendData                                   
00001f91  UART_initModule                            
000020ad  main                                       
000021c9  fputs                                      
000022dd  ldexp                                      
000022dd  ldexpl                                     
000022dd  scalbn                                     
000022dd  scalbnl                                    
000024f1  aligned_alloc                              
000024f1  memalign                                   
000025f1  __aeabi_dmul                               
000026ed  CS_getDCOFrequency                         
000027e5  free                                       
000028c9  setvbuf                                    
000029a5  ESP8266_EstablishConnection                
00002a79  MSPrintf                                   
00002b35  uartLoop                                   
00002c9d  ESP8266_SendData                           
00002d3d  EUSCIA0_IRQHandler                         
00002d3d  EUSCIA0_IRQHandler                         
00002dd9  __aeabi_memcpy                             
00002dd9  __aeabi_memcpy4                            
00002dd9  __aeabi_memcpy8                            
00002dd9  memcpy                                     
00002e75  __aeabi_uldivmod                           
00002f0d  SysCtl_A_getTLVInfo                        
00002fa1  getHCSR04Distance                          
00003031  EUSCIA2_IRQHandler                         
00003031  EUSCIA2_IRQHandler                         
000030bd  PrintInteger                               
00003149  fputc                                      
00003149  putc                                       
000031d5  GPIO_setAsPeripheralModuleFunctionOutputPin
0000325d  __aeabi_cdcmpeq                            
0000325d  __aeabi_cdcmple                            
000032e3  __aeabi_cdrcmple                           
00003369  ESP8266_EnableMultipleConnections          
000033e9  Interrupt_enableInterrupt                  
00003469  ESP8266_WaitForAnswer                      
00003561  __aeabi_memclr                             
00003561  __aeabi_memclr4                            
00003561  __aeabi_memclr8                            
00003563  __aeabi_memset                             
00003563  __aeabi_memset4                            
00003563  __aeabi_memset8                            
00003569  memset                                     
000035dd  SystemInit                                 
00003655  Timer_A_generatePWM                        
000036c9  __TI_closefile                             
0000381d  ltoa                                       
0000388b  __aeabi_d2f                                
000038f9  HOSTrename                                 
00003965  HOSTlseek                                  
000039cd  Timer_A_configureUpMode                    
00003a35  __TI_decompress_lzss                       
00003a9d  init_Encoder                               
00003b05  printf                                     
00003b6d  UART_getEnabledInterruptStatus             
00003bd1  frexp                                      
00003bd1  frexpl                                     
00003c35  fseek                                      
00003cfb  __TI_wrt_ok                                
00003d5d  HOSTopen                                   
00003dbd  ESP8266_Port80                             
00003e19  close                                      
00003e75  GPIO_setAsInputPinWithPullDownResistor     
00003ecd  GPIO_setAsInputPinWithPullUpResistor       
00003f25  HOSTread                                   
00003f7d  HOSTwrite                                  
0000402d  ESP8266_ChangeMode1                        
00004081  __TI_ltoa                                  
000040d5  init_ultrasonic                            
0000417d  ESP8266_Close                              
000041cd  GPIO_setAsInputPin                         
00004219  Timer_A_getCounterValue                    
00004265  UART_Available                             
000042b1  __TI_doflush                               
000042fd  atoi                                       
00004349  UART_Flush                                 
00004391  exit                                       
000043d9  leftDirection                              
00004421  rightDirection                             
00004469  __aeabi_d2iz                               
000044b1  HOSTclose                                  
000044f5  HOSTunlink                                 
00004539  __TI_auto_init_nobinit_nopinit             
0000457d  getdevice                                  
000045c1  init_PWM                                   
00004605  GPIO_setAsOutputPin                        
00004645  UART_Write                                 
000046c5  __TI_writemsg                              
000046f3  C$$IO$$                                    
00004735  __aeabi_f2d                                
0000476d  slowDown                                   
000047a5  speedUp                                    
000047dd  strncpy                                    
00004815  ESP8266_HardReset                          
00004849  __TI_cleanup                               
0000487d  __TI_readmsg                               
000048b1  _c_int00_noargs                            
000048e5  stop                                       
00004919  strstr                                     
0000494d  CS_clearInterruptFlag                      
0000497d  GPIO_getInputPinValue                      
000049ad  finddevice                                 
000049dd  __aeabi_i2d                                
00004a0d  Timer_A_clearCaptureCompareInterrupt       
00004a39  remove                                     
00004a39  unlink                                     
00004a65  CS_getSMCLK                                
00004a8d  GPIO_clearInterruptFlag                    
00004ab5  GPIO_enableInterrupt                       
00004add  GPIO_setOutputHighOnPin                    
00004b05  GPIO_setOutputLowOnPin                     
00004b2d  GPIO_toggleOutputOnPin                     
00004b7d  lseek                                      
00004ba5  write                                      
00004c39  GPIO_getInterruptStatus                    
00004c5d  PORT2_IRQHandler                           
00004c5d  PORT2_IRQHandler                           
00004c81  PORT5_IRQHandler                           
00004c81  PORT5_IRQHandler                           
00004ca5  getSlowSpeed                               
00004cc9  PrintString                                
00004ceb  memchr                                     
00004d29  memccpy                                    
00004d45  copysign                                   
00004d45  copysignl                                  
00004d61  Timer_A_clearTimer                         
00004d79  UART_getInterruptStatus                    
00004d91  forwardDirection                           
00004da9  reverseDirection                           
00004dc1  strcmp                                     
00004dd9  Timer_A_clearInterruptFlag                 
00004def  Timer_A_startCounter                       
00004e05  strchr                                     
00004e1d  ESP8266_ClearBuffer                        
00004e31  IRSensorSetup                              
00004e45  PrintChar                                  
00004e59  Timer_A_stopTimer                          
00004e6d  strcpy                                     
00004e81  strlen                                     
00004e95  wcslen                                     
00004ea7  Interrupt_enableMaster                     
00004eb7  __TI_decompress_none                       
00004ec5  CPU_cpsie                                  
00004ed1  Reset_Handler                              
00004edd  __TI_zero_init                             
00004ee9  ESP8266_GetBuffer                          
00004ef1  __aeabi_errno_addr                         
00004ef9  malloc                                     
00004f09  _system_pre_init                           
00004f0d  C$$EXIT                                    
00004f0d  abort                                      
00004f10  _ctypes_                                   
0000505c  upConfig                                   
0000507c  diameter                                   
00005160  __TI_Handler_Table_Base                    
0000516c  __TI_Handler_Table_Limit                   
00005178  __TI_CINIT_Base                            
00005188  __TI_CINIT_Limit                           
20000000  ESP8266_Buffer                             
20000000  __start___llvm_prf_cnts                    
20000000  __stop___llvm_prf_cnts                     
20000800  UARTA0Data                                 
20001000  UARTA2Data                                 
20001800  __CIOBUF_                                  
20001920  __TI_tmpnams                               
200019c8  parmbuf                                    
200019d0  SR04IntTimes                               
200019d4  UARTA0ReadIndex                            
200019d8  UARTA0WriteIndex                           
200019dc  UARTA2ReadIndex                            
200019e0  UARTA2WriteIndex                           
200019e4  encoderTimes                               
200019e8  foo                                        
200019ec  receivedData                               
200019f0  _sys_memory                                
200021f0  _ftable                                    
200022e0  _device                                    
20002358  _stream                                    
200023a8  HTTP_Request                               
200023e0  UART0Config                                
20002408  UART2Config                                
20002430  pwm2Config                                 
20002448  pwmConfig                                  
20002460  __TI_ft_end                                
20002464  __aeabi_stdin                              
20002468  __aeabi_stdout                             
2000246c  __aeabi_stderr                             
20002470  __TI_cleanup_ptr                           
20002474  __TI_dtors_ptr                             
20002478  __TI_enable_exit_profile_output            
2000247c  HTTP_WebPage                               
20002488  _lock                                      
2000248c  _unlock                                    
20002498  rightrotation                              
2000249c  leftrotation                               
200024a0  Port                                       
200024a8  HTTP_Request_Size                          
200024ac  errno                                      
2000fe00  __stack                                    
20010000  __STACK_END                                
4000480c  WDTCTL_SYM                                 
ffffffff  __TI_pprof_out_hndl                        
ffffffff  __TI_prof_data_size                        
ffffffff  __TI_prof_data_start                       
ffffffff  __binit__                                  
ffffffff  __c_args__                                 
ffffffff  binit                                      
UNDEFED   __mpu_init                                 
UNDEFED   _system_post_cinit                         

[275 symbols]
