******************************************************************************
                  TI ARM Linker PC v20.2.5                     
******************************************************************************
>> Linked Sun Nov 14 05:31:36 2021

OUTPUT FILE NAME:   <IRAcer.out>
ENTRY POINT SYMBOL: "_c_int00_noargs"  address: 000032d9


MEMORY CONFIGURATION

         name            origin    length      used     unused   attr    fill
----------------------  --------  ---------  --------  --------  ----  --------
  MAIN                  00000000   00040000  000038b4  0003c74c  R  X
  INFO                  00200000   00004000  00000000  00004000  R  X
  SRAM_CODE             01000000   00010000  00001dcc  0000e234  RW X
  SRAM_DATA             20000000   00010000  00001dcc  0000e234  RW  


SEGMENT ALLOCATION MAP

run origin  load origin   length   init length attrs members
----------  ----------- ---------- ----------- ----- -------
00000000    00000000    000038b8   000038b8    r-x
  00000000    00000000    000000e4   000000e4    r-- .intvecs
  000000e4    000000e4    000035ec   000035ec    r-x .text
  000036d0    000036d0    00000154   00000154    r-- .const
  00003828    00003828    00000090   00000090    r-- .cinit
20000000    20000000    00001bd0   00000000    rw-
  20000000    20000000    000011e4   00000000    rw- .bss
  200011e8    200011e8    00000800   00000000    rw- .sysmem
  200019e8    200019e8    000001e8   00000000    rw- .data
2000fe00    2000fe00    00000200   00000000    rw-
  2000fe00    2000fe00    00000200   00000000    rw- .stack


SECTION ALLOCATION MAP

 output                                  attributes/
section   page    origin      length       input sections
--------  ----  ----------  ----------   ----------------
.intvecs   0    00000000    000000e4     
                  00000000    000000e4     startup_msp432p401r_ccs.obj (.intvecs:retain)

.text      0    000000e4    000035ec     
                  000000e4    00000a4e     rtsv7M4_T_le_v4SPD16_eabi.lib : _printfi.c.obj (.text:__TI_printfi)
                  00000b32    00000002     startup_msp432p401r_ccs.obj (.text:Default_Handler)
                  00000b34    00000270     rtsv7M4_T_le_v4SPD16_eabi.lib : _printfi.c.obj (.text:_pconv_a)
                  00000da4    000001d0                                   : _printfi.c.obj (.text:_pconv_g)
                  00000f74    000001b6                                   : fd_add_t2.asm.obj (.text)
                  0000112a    00000002                                   : _lock.c.obj (.text:_nop)
                  0000112c    00000144     msp432p4xx_driverlib.lib : timer_a.o (.text:privateTimer_AProcessClockSourceDivider)
                  00001270    0000013c     rtsv7M4_T_le_v4SPD16_eabi.lib : _printfi.c.obj (.text:_pconv_e)
                  000013ac    00000136                                   : fd_div_t2.asm.obj (.text)
                  000014e2    00000002                                   : div0.asm.obj (.text)
                  000014e4    00000124                                   : _printfi.c.obj (.text:fcvt)
                  00001608    00000114                                   : fputs.c.obj (.text:fputs)
                  0000171c    00000110                                   : s_scalbn.c.obj (.text:scalbn)
                  0000182c    00000104     msp432p4xx_driverlib.lib : cs.o (.text:_CSComputeCLKFrequency)
                  00001930    00000100     rtsv7M4_T_le_v4SPD16_eabi.lib : memory.c.obj (.text:aligned_alloc)
                  00001a30    000000fc                                   : fd_mul_t2.asm.obj (.text)
                  00001b2c    000000f8     msp432p4xx_driverlib.lib : cs.o (.text:CS_getDCOFrequency)
                  00001c24    000000e4     rtsv7M4_T_le_v4SPD16_eabi.lib : memory.c.obj (.text:free)
                  00001d08    000000dc                                   : setvbuf.c.obj (.text:setvbuf)
                  00001de4    000000c8     Ultrasonic.obj (.text:init_ultrasonic)
                  00001eac    000000b1     rtsv7M4_T_le_v4SPD16_eabi.lib : _printfi.c.obj (.text:_ltostr)
                  00001f5d    00000003     --HOLE-- [fill = 0]
                  00001f60    0000009c     UART_Driver.obj (.text:EUSCIA0_IRQHandler)
                  00001ffc    0000009c     rtsv7M4_T_le_v4SPD16_eabi.lib : memcpy_t2.asm.obj (.text)
                  00002098    00000096                                   : ull_div_t2.asm.obj (.text)
                  0000212e    00000002     --HOLE-- [fill = 0]
                  00002130    00000094     msp432p4xx_driverlib.lib : sysctl_a.o (.text:SysCtl_A_getTLVInfo)
                  000021c4    0000008c     UART_Driver.obj (.text:EUSCIA2_IRQHandler)
                  00002250    0000008c     rtsv7M4_T_le_v4SPD16_eabi.lib : fputc.c.obj (.text:fputc)
                  000022dc    00000088     Ultrasonic.obj (.text:getHCSR04Distance)
                  00002364    00000086     rtsv7M4_T_le_v4SPD16_eabi.lib : fd_cmp_t2.asm.obj (.text:__aeabi_cdcmple)
                  000023ea    00000086                                   : fd_cmp_t2.asm.obj (.text:__aeabi_cdrcmple)
                  00002470    00000080     msp432p4xx_driverlib.lib : interrupt.o (.text:Interrupt_enableInterrupt)
                  000024f0    0000007c                              : cs.o (.text:_CSGetDOCFrequency)
                  0000256c    0000007a     rtsv7M4_T_le_v4SPD16_eabi.lib : memset_t2.asm.obj (.text)
                  000025e6    00000002     --HOLE-- [fill = 0]
                  000025e8    00000078     system_msp432p401r.obj (.text:SystemInit)
                  00002660    00000074     rtsv7M4_T_le_v4SPD16_eabi.lib : fclose.c.obj (.text:__TI_closefile)
                  000026d4    00000070                                   : memory.c.obj (.text:split)
                  00002744    0000006e                                   : _printfi.c.obj (.text:_mcpy)
                  000027b2    00000002     --HOLE-- [fill = 0]
                  000027b4    0000006c                                   : hostrename.c.obj (.text:HOSTrename)
                  00002820    00000068                                   : hostlseek.c.obj (.text:HOSTlseek)
                  00002888    00000068     msp432p4xx_driverlib.lib : timer_a.o (.text:Timer_A_configureUpMode)
                  000028f0    00000068     rtsv7M4_T_le_v4SPD16_eabi.lib : copy_decompress_lzss.c.obj (.text:decompress:lzss:__TI_decompress_lzss)
                  00002958    00000068                                   : printf.c.obj (.text:printf)
                  000029c0    00000064     msp432p4xx_driverlib.lib : uart.o (.text:UART_getEnabledInterruptStatus)
                  00002a24    00000064     rtsv7M4_T_le_v4SPD16_eabi.lib : s_frexp.c.obj (.text:frexp)
                  00002a88    00000064                                   : fseek.c.obj (.text:fseek)
                  00002aec    00000064     main.obj (.text:main)
                  00002b50    00000062     msp432p4xx_driverlib.lib : cs.o (.text:_CSGetDividerValue)
                  00002bb2    00000062     rtsv7M4_T_le_v4SPD16_eabi.lib : _io_perm.c.obj (.text:__TI_wrt_ok)
                  00002c14    00000060                                   : hostopen.c.obj (.text:HOSTopen)
                  00002c74    0000005c                                   : close.c.obj (.text:close)
                  00002cd0    00000058                                   : hostread.c.obj (.text:HOSTread)
                  00002d28    00000058                                   : hostwrite.c.obj (.text:HOSTwrite)
                  00002d80    00000056                                   : _printfi.c.obj (.text:_pconv_f)
                  00002dd6    00000054                                   : _ltoa.c.obj (.text:__TI_ltoa)
                  00002e2a    00000052                                   : _printfi.c.obj (.text:_ecpy)
                  00002e7c    0000004c     msp432p4xx_driverlib.lib : timer_a.o (.text:Timer_A_getCounterValue)
                  00002ec8    0000004c     rtsv7M4_T_le_v4SPD16_eabi.lib : fflush.c.obj (.text:__TI_doflush)
                  00002f14    0000004c                                   : atoi.c.obj (.text:atoi)
                  00002f60    00000048     Ultrasonic.obj (.text:PORT3_IRQHandler)
                  00002fa8    00000048     rtsv7M4_T_le_v4SPD16_eabi.lib : exit.c.obj (.text:exit)
                  00002ff0    00000048                                   : fd_toi_t2.asm.obj (.text)
                  00003038    00000044                                   : hostclose.c.obj (.text:HOSTclose)
                  0000307c    00000044                                   : hostunlink.c.obj (.text:HOSTunlink)
                  000030c0    00000044                                   : autoinit.c.obj (.text:__TI_auto_init_nobinit_nopinit:__TI_auto_init_nobinit_nopinit)
                  00003104    00000044                                   : getdevice.c.obj (.text:getdevice)
                  00003148    00000040     msp432p4xx_driverlib.lib : gpio.o (.text:GPIO_setAsOutputPin)
                  00003188    0000003e     rtsv7M4_T_le_v4SPD16_eabi.lib : _printfi.c.obj (.text:_fcpy)
                  000031c6    00000002     --HOLE-- [fill = 0]
                  000031c8    00000038                                   : trgmsg.c.obj (.text:__TI_writemsg)
                  00003200    00000038     Ultrasonic.obj (.text:getHCSR04Time)
                  00003238    00000036     rtsv7M4_T_le_v4SPD16_eabi.lib : strncpy.c.obj (.text:strncpy)
                  0000326e    00000002     --HOLE-- [fill = 0]
                  00003270    00000034                                   : fopen.c.obj (.text:__TI_cleanup)
                  000032a4    00000034                                   : trgmsg.c.obj (.text:__TI_readmsg)
                  000032d8    00000034                                   : boot_cortex_m.c.obj (.text:_c_int00_noargs:_c_int00_noargs)
                  0000330c    00000030     msp432p4xx_driverlib.lib : cs.o (.text:CS_clearInterruptFlag)
                  0000333c    00000030                              : gpio.o (.text:GPIO_getInputPinValue)
                  0000336c    00000030     rtsv7M4_T_le_v4SPD16_eabi.lib : getdevice.c.obj (.text:finddevice)
                  0000339c    0000002e                                   : i_tofd_t2.asm.obj (.text)
                  000033ca    00000002     --HOLE-- [fill = 0]
                  000033cc    0000002c     msp432p4xx_driverlib.lib : timer_a.o (.text:Timer_A_clearCaptureCompareInterrupt)
                  000033f8    0000002c     rtsv7M4_T_le_v4SPD16_eabi.lib : unlink.c.obj (.text:unlink)
                  00003424    00000028     msp432p4xx_driverlib.lib : cs.o (.text:CS_getSMCLK)
                  0000344c    00000028                              : gpio.o (.text:GPIO_setOutputHighOnPin)
                  00003474    00000028                              : gpio.o (.text:GPIO_setOutputLowOnPin)
                  0000349c    00000028     rtsv7M4_T_le_v4SPD16_eabi.lib : memory.c.obj (.text:free_list_insert)
                  000034c4    00000028                                   : lseek.c.obj (.text:lseek)
                  000034ec    00000028                                   : write.c.obj (.text:write)
                  00003514    00000024     Ultrasonic.obj (.text:Delay)
                  00003538    00000020     rtsv7M4_T_le_v4SPD16_eabi.lib : memchr.c.obj (.text:memchr)
                  00003558    0000001c     Ultrasonic.obj (.text:TA0_0_IRQHandler)
                  00003574    0000001c     rtsv7M4_T_le_v4SPD16_eabi.lib : memory.c.obj (.text:free_list_remove)
                  00003590    0000001c                                   : memccpy.c.obj (.text:memccpy)
                  000035ac    0000001a                                   : s_copysign.c.obj (.text:copysign)
                  000035c6    00000002     --HOLE-- [fill = 0]
                  000035c8    00000018     msp432p4xx_driverlib.lib : timer_a.o (.text:Timer_A_clearTimer)
                  000035e0    00000018                              : uart.o (.text:UART_getInterruptStatus)
                  000035f8    00000018     rtsv7M4_T_le_v4SPD16_eabi.lib : strcmp.c.obj (.text:strcmp)
                  00003610    00000016     msp432p4xx_driverlib.lib : timer_a.o (.text:Timer_A_startCounter)
                  00003626    00000016     rtsv7M4_T_le_v4SPD16_eabi.lib : strchr.c.obj (.text:strchr)
                  0000363c    00000014     msp432p4xx_driverlib.lib : timer_a.o (.text:Timer_A_stopTimer)
                  00003650    00000014     rtsv7M4_T_le_v4SPD16_eabi.lib : strcpy.c.obj (.text:strcpy)
                  00003664    00000014                                   : strlen.c.obj (.text:strlen)
                  00003678    00000012                                   : wcslen.c.obj (.text:wcslen)
                  0000368a    0000000e                                   : copy_decompress_none.c.obj (.text:decompress:none:__TI_decompress_none)
                  00003698    0000000c     startup_msp432p401r_ccs.obj (.text:Reset_Handler)
                  000036a4    0000000c     rtsv7M4_T_le_v4SPD16_eabi.lib : copy_zero_init.c.obj (.text:decompress:ZI:__TI_zero_init)
                  000036b0    00000008                                   : errno.c.obj (.text:__aeabi_errno_addr)
                  000036b8    00000008                                   : memory.c.obj (.text:malloc)
                  000036c0    00000004                                   : printf.c.obj (.text:_outc)
                  000036c4    00000004                                   : printf.c.obj (.text:_outs)
                  000036c8    00000004                                   : pre_init.c.obj (.text:_system_pre_init)
                  000036cc    00000004                                   : exit.c.obj (.text:abort:abort)

.const     0    000036d0    00000154     
                  000036d0    00000101     rtsv7M4_T_le_v4SPD16_eabi.lib : ctype.c.obj (.const:.string:_ctypes_)
                  000037d1    00000003     --HOLE-- [fill = 0]
                  000037d4    00000030     msp432p4xx_driverlib.lib : gpio.o (.const:GPIO_PORT_TO_BASE)
                  00003804    00000018     Ultrasonic.obj (.const:$P$T0$1)
                  0000381c    00000008     msp432p4xx_driverlib.lib : interrupt.o (.const:g_pulEnRegs)

.cinit     0    00003828    00000090     
                  00003828    00000068     (.cinit..data.load) [load image, compression = lzss]
                  00003890    0000000c     (__TI_handler_table)
                  0000389c    00000004     --HOLE-- [fill = 0]
                  000038a0    00000008     (.cinit..bss.load) [load image, compression = zero_init]
                  000038a8    00000010     (__TI_cinit_table)

.init_array 
*          0    00000000    00000000     UNINITIALIZED

.binit     0    00000000    00000000     

.bss       0    20000000    000011e4     UNINITIALIZED
                  20000000    00000800     (.common:UARTA0Data)
                  20000800    00000800     (.common:UARTA2Data)
                  20001000    00000120     rtsv7M4_T_le_v4SPD16_eabi.lib : trgmsg.c.obj (.bss:_CIOBUF_)
                  20001120    000000a0     (.common:__TI_tmpnams)
                  200011c0    00000008     msp432p4xx_driverlib.lib : cs.o (.bss)
                  200011c8    00000008     (.common:parmbuf)
                  200011d0    00000004     (.common:SR04IntTimes)
                  200011d4    00000004     (.common:UARTA0ReadIndex)
                  200011d8    00000004     (.common:UARTA0WriteIndex)
                  200011dc    00000004     (.common:UARTA2ReadIndex)
                  200011e0    00000004     (.common:UARTA2WriteIndex)

.sysmem    0    200011e8    00000800     UNINITIALIZED
                  200011e8    00000010     rtsv7M4_T_le_v4SPD16_eabi.lib : memory.c.obj (.sysmem)
                  200011f8    000007f0     --HOLE--

.data      0    200019e8    000001e8     UNINITIALIZED
                  200019e8    000000f0     rtsv7M4_T_le_v4SPD16_eabi.lib : defs.c.obj (.data:_ftable)
                  20001ad8    00000078                                   : host_device.c.obj (.data:_device)
                  20001b50    00000050                                   : host_device.c.obj (.data:_stream)
                  20001ba0    00000010                                   : defs.c.obj (.data)
                  20001bb0    0000000c                                   : exit.c.obj (.data:$O1$$)
                  20001bbc    00000008                                   : _lock.c.obj (.data:$O1$$)
                  20001bc4    00000008                                   : memory.c.obj (.data:$O1$$)
                  20001bcc    00000004                                   : errno.c.obj (.data)

.stack     0    2000fe00    00000200     UNINITIALIZED
                  2000fe00    00000004     rtsv7M4_T_le_v4SPD16_eabi.lib : boot_cortex_m.c.obj (.stack)
                  2000fe04    000001fc     --HOLE--

__llvm_prf_cnts 
*          0    20000000    00000000     UNINITIALIZED

MODULE SUMMARY

       Module                        code    ro data   rw data
       ------                        ----    -------   -------
    .\
       UART.obj                      0       0         8224   
       Ultrasonic.obj                528     24        8      
       system_msp432p401r.obj        120     0         0      
       main.obj                      100     0         0      
    +--+-----------------------------+-------+---------+---------+
       Total:                        748     24        8232   
                                                              
    .\Hardware\
       UART_Driver.obj               296     0         0      
    +--+-----------------------------+-------+---------+---------+
       Total:                        296     0         0      
                                                              
    .\ccs\
       startup_msp432p401r_ccs.obj   14      228       0      
    +--+-----------------------------+-------+---------+---------+
       Total:                        14      228       0      
                                                              
    C:/ti/simplelink_msp432p4_sdk_3_40_01_02/source/ti/devices/msp432p4xx/driverlib/ccs/msp432p4xx_driverlib.lib
       cs.o                          818     0         16     
       timer_a.o                     614     0         0      
       gpio.o                        192     48        0      
       sysctl_a.o                    148     0         0      
       interrupt.o                   128     8         0      
       uart.o                        124     0         0      
    +--+-----------------------------+-------+---------+---------+
       Total:                        2024    56        16     
                                                              
    C:\ti\ccs1010\ccs\tools\compiler\ti-cgt-arm_20.2.5.LTS\lib\rtsv7M4_T_le_v4SPD16_eabi.lib
       _printfi.c.obj                4851    0         0      
       defs.c.obj                    0       0         832    
       memory.c.obj                  672     0         16     
       trgmsg.c.obj                  108     0         576    
       fd_add_t2.asm.obj             438     0         0      
       host_device.c.obj             0       0         400    
       fd_div_t2.asm.obj             310     0         0      
       fputs.c.obj                   276     0         0      
       s_scalbn.c.obj                272     0         0      
       fd_cmp_t2.asm.obj             268     0         0      
       ctype.c.obj                   0       257       0      
       fd_mul_t2.asm.obj             252     0         0      
       setvbuf.c.obj                 220     0         0      
       memcpy_t2.asm.obj             156     0         0      
       ull_div_t2.asm.obj            150     0         0      
       fputc.c.obj                   140     0         0      
       memset_t2.asm.obj             122     0         0      
       fclose.c.obj                  116     0         0      
       getdevice.c.obj               116     0         0      
       hostopen.c.obj                96      0         16     
       printf.c.obj                  112     0         0      
       hostrename.c.obj              108     0         0      
       copy_decompress_lzss.c.obj    104     0         0      
       hostlseek.c.obj               104     0         0      
       exit.c.obj                    76      0         24     
       fseek.c.obj                   100     0         0      
       s_frexp.c.obj                 100     0         0      
       _io_perm.c.obj                98      0         0      
       close.c.obj                   92      0         0      
       hostread.c.obj                88      0         0      
       hostwrite.c.obj               88      0         0      
       _ltoa.c.obj                   84      0         0      
       atoi.c.obj                    76      0         0      
       fflush.c.obj                  76      0         0      
       fd_toi_t2.asm.obj             72      0         0      
       autoinit.c.obj                68      0         0      
       hostclose.c.obj               68      0         0      
       hostunlink.c.obj              68      0         0      
       strncpy.c.obj                 54      0         0      
       boot_cortex_m.c.obj           52      0         0      
       fopen.c.obj                   52      0         0      
       i_tofd_t2.asm.obj             46      0         0      
       unlink.c.obj                  44      0         0      
       lseek.c.obj                   40      0         0      
       write.c.obj                   40      0         0      
       memchr.c.obj                  32      0         0      
       memccpy.c.obj                 28      0         0      
       s_copysign.c.obj              26      0         0      
       strcmp.c.obj                  24      0         0      
       strchr.c.obj                  22      0         0      
       strcpy.c.obj                  20      0         0      
       strlen.c.obj                  20      0         0      
       _lock.c.obj                   2       0         16     
       wcslen.c.obj                  18      0         0      
       errno.c.obj                   8       0         8      
       copy_decompress_none.c.obj    14      0         0      
       copy_zero_init.c.obj          12      0         0      
       pre_init.c.obj                4       0         0      
       div0.asm.obj                  2       0         0      
    +--+-----------------------------+-------+---------+---------+
       Total:                        10705   257       1888   
                                                              
       Heap:                         0       0         4096   
       Stack:                        0       0         1024   
       Linker Generated:             0       140       0      
    +--+-----------------------------+-------+---------+---------+
       Grand Total:                  13787   705       15256  


LINKER GENERATED COPY TABLES

__TI_cinit_table @ 000038a8 records: 2, size/record: 8, table size: 16
	.data: load addr=00003828, load size=00000068 bytes, run addr=200019e8, run size=000001e8 bytes, compression=lzss
	.bss: load addr=000038a0, load size=00000008 bytes, run addr=20000000, run size=000011e4 bytes, compression=zero_init


LINKER GENERATED HANDLER TABLE

__TI_handler_table @ 00003890 records: 3, size/record: 4, table size: 12
	index: 0, handler: __TI_decompress_lzss
	index: 1, handler: __TI_decompress_none
	index: 2, handler: __TI_zero_init


GLOBAL SYMBOLS: SORTED ALPHABETICALLY BY Name 

address   name                                
-------   ----                                
00000b33  ADC14_IRQHandler                    
00000b33  AES256_IRQHandler                   
00000b33  BusFault_Handler                    
000036cd  C$$EXIT                             
000031f7  C$$IO$$                             
00000b33  COMP_E0_IRQHandler                  
00000b33  COMP_E1_IRQHandler                  
00000b33  CS_IRQHandler                       
0000330d  CS_clearInterruptFlag               
00001b2d  CS_getDCOFrequency                  
00003425  CS_getSMCLK                         
00000b33  DMA_ERR_IRQHandler                  
00000b33  DMA_INT0_IRQHandler                 
00000b33  DMA_INT1_IRQHandler                 
00000b33  DMA_INT2_IRQHandler                 
00000b33  DMA_INT3_IRQHandler                 
00000b33  DebugMon_Handler                    
00000b33  Default_Handler                     
00001f61  EUSCIA0_IRQHandler                  
00001f61  EUSCIA0_IRQHandler                  
00000b33  EUSCIA1_IRQHandler                  
000021c5  EUSCIA2_IRQHandler                  
000021c5  EUSCIA2_IRQHandler                  
00000b33  EUSCIA3_IRQHandler                  
00000b33  EUSCIB0_IRQHandler                  
00000b33  EUSCIB1_IRQHandler                  
00000b33  EUSCIB2_IRQHandler                  
00000b33  EUSCIB3_IRQHandler                  
00000b33  FLCTL_IRQHandler                    
00000b33  FPU_IRQHandler                      
0000333d  GPIO_getInputPinValue               
00003149  GPIO_setAsOutputPin                 
0000344d  GPIO_setOutputHighOnPin             
00003475  GPIO_setOutputLowOnPin              
00003039  HOSTclose                           
00002821  HOSTlseek                           
00002c15  HOSTopen                            
00002cd1  HOSTread                            
000027b5  HOSTrename                          
0000307d  HOSTunlink                          
00002d29  HOSTwrite                           
00000b33  HardFault_Handler                   
00002471  Interrupt_enableInterrupt           
00000b33  MemManage_Handler                   
00000b33  NMI_Handler                         
00000b33  PCM_IRQHandler                      
00000b33  PORT1_IRQHandler                    
00000b33  PORT2_IRQHandler                    
00002f61  PORT3_IRQHandler                    
00002f61  PORT3_IRQHandler                    
00000b33  PORT4_IRQHandler                    
00000b33  PORT5_IRQHandler                    
00000b33  PORT6_IRQHandler                    
00000b33  PSS_IRQHandler                      
00000b33  PendSV_Handler                      
00000b33  RTC_C_IRQHandler                    
00003699  Reset_Handler                       
200011d0  SR04IntTimes                        
00000b33  SVC_Handler                         
00002131  SysCtl_A_getTLVInfo                 
00000b33  SysTick_Handler                     
000025e9  SystemInit                          
00000b33  T32_INT1_IRQHandler                 
00000b33  T32_INT2_IRQHandler                 
00000b33  T32_INTC_IRQHandler                 
00003559  TA0_0_IRQHandler                    
00003559  TA0_0_IRQHandler                    
00000b33  TA0_N_IRQHandler                    
00000b33  TA1_0_IRQHandler                    
00000b33  TA1_N_IRQHandler                    
00000b33  TA2_0_IRQHandler                    
00000b33  TA2_N_IRQHandler                    
00000b33  TA3_0_IRQHandler                    
00000b33  TA3_N_IRQHandler                    
000033cd  Timer_A_clearCaptureCompareInterrupt
000035c9  Timer_A_clearTimer                  
00002889  Timer_A_configureUpMode             
00002e7d  Timer_A_getCounterValue             
00003611  Timer_A_startCounter                
0000363d  Timer_A_stopTimer                   
20000000  UARTA0Data                          
200011d4  UARTA0ReadIndex                     
200011d8  UARTA0WriteIndex                    
20000800  UARTA2Data                          
200011dc  UARTA2ReadIndex                     
200011e0  UARTA2WriteIndex                    
000029c1  UART_getEnabledInterruptStatus      
000035e1  UART_getInterruptStatus             
00000b33  UsageFault_Handler                  
4000480c  WDTCTL_SYM                          
00000b33  WDT_A_IRQHandler                    
20001000  __CIOBUF_                           
20010000  __STACK_END                         
00000200  __STACK_SIZE                        
00000800  __SYSMEM_SIZE                       
000038a8  __TI_CINIT_Base                     
000038b8  __TI_CINIT_Limit                    
00003890  __TI_Handler_Table_Base             
0000389c  __TI_Handler_Table_Limit            
000030c1  __TI_auto_init_nobinit_nopinit      
00003271  __TI_cleanup                        
20001bb0  __TI_cleanup_ptr                    
00002661  __TI_closefile                      
000028f1  __TI_decompress_lzss                
0000368b  __TI_decompress_none                
00002ec9  __TI_doflush                        
20001bb4  __TI_dtors_ptr                      
20001bb8  __TI_enable_exit_profile_output     
20001ba0  __TI_ft_end                         
00002dd7  __TI_ltoa                           
ffffffff  __TI_pprof_out_hndl                 
000000e5  __TI_printfi                        
ffffffff  __TI_prof_data_size                 
ffffffff  __TI_prof_data_start                
000032a5  __TI_readmsg                        
00000000  __TI_static_base__                  
20001120  __TI_tmpnams                        
000031c9  __TI_writemsg                       
00002bb3  __TI_wrt_ok                         
000036a5  __TI_zero_init                      
00002365  __aeabi_cdcmpeq                     
00002365  __aeabi_cdcmple                     
000023eb  __aeabi_cdrcmple                    
00002ff1  __aeabi_d2iz                        
00000f7f  __aeabi_dadd                        
000013ad  __aeabi_ddiv                        
00001a31  __aeabi_dmul                        
00000f75  __aeabi_dsub                        
000036b1  __aeabi_errno_addr                  
0000339d  __aeabi_i2d                         
000014e3  __aeabi_idiv0                       
000014e3  __aeabi_ldiv0                       
0000256d  __aeabi_memclr                      
0000256d  __aeabi_memclr4                     
0000256d  __aeabi_memclr8                     
00001ffd  __aeabi_memcpy                      
00001ffd  __aeabi_memcpy4                     
00001ffd  __aeabi_memcpy8                     
0000256f  __aeabi_memset                      
0000256f  __aeabi_memset4                     
0000256f  __aeabi_memset8                     
20001bac  __aeabi_stderr                      
20001ba4  __aeabi_stdin                       
20001ba8  __aeabi_stdout                      
00002099  __aeabi_uldivmod                    
ffffffff  __binit__                           
ffffffff  __c_args__                          
UNDEFED   __mpu_init                          
2000fe00  __stack                             
20000000  __start___llvm_prf_cnts             
20000000  __stop___llvm_prf_cnts              
000032d9  _c_int00_noargs                     
000036d0  _ctypes_                            
20001ad8  _device                             
200019e8  _ftable                             
20001bbc  _lock                               
0000112b  _nop                                
20001b50  _stream                             
200011e8  _sys_memory                         
UNDEFED   _system_post_cinit                  
000036c9  _system_pre_init                    
20001bc0  _unlock                             
000036cd  abort                               
00001931  aligned_alloc                       
00002f15  atoi                                
ffffffff  binit                               
00002c75  close                               
000035ad  copysign                            
000035ad  copysignl                           
20001bcc  errno                               
00002fa9  exit                                
0000336d  finddevice                          
00002251  fputc                               
00001609  fputs                               
00001c25  free                                
00002a25  frexp                               
00002a25  frexpl                              
00002a89  fseek                               
000022dd  getHCSR04Distance                   
00003105  getdevice                           
00001de5  init_ultrasonic                     
00000000  interruptVectors                    
0000171d  ldexp                               
0000171d  ldexpl                              
000034c5  lseek                               
00002aed  main                                
000036b9  malloc                              
00001931  memalign                            
00003591  memccpy                             
00003539  memchr                              
00001ffd  memcpy                              
00002575  memset                              
200011c8  parmbuf                             
00002959  printf                              
00002251  putc                                
000033f9  remove                              
0000171d  scalbn                              
0000171d  scalbnl                             
00001d09  setvbuf                             
00003627  strchr                              
000035f9  strcmp                              
00003651  strcpy                              
00003665  strlen                              
00003239  strncpy                             
000033f9  unlink                              
00003679  wcslen                              
000034ed  write                               


GLOBAL SYMBOLS: SORTED BY Symbol Address 

address   name                                
-------   ----                                
00000000  __TI_static_base__                  
00000000  interruptVectors                    
000000e5  __TI_printfi                        
00000200  __STACK_SIZE                        
00000800  __SYSMEM_SIZE                       
00000b33  ADC14_IRQHandler                    
00000b33  AES256_IRQHandler                   
00000b33  BusFault_Handler                    
00000b33  COMP_E0_IRQHandler                  
00000b33  COMP_E1_IRQHandler                  
00000b33  CS_IRQHandler                       
00000b33  DMA_ERR_IRQHandler                  
00000b33  DMA_INT0_IRQHandler                 
00000b33  DMA_INT1_IRQHandler                 
00000b33  DMA_INT2_IRQHandler                 
00000b33  DMA_INT3_IRQHandler                 
00000b33  DebugMon_Handler                    
00000b33  Default_Handler                     
00000b33  EUSCIA1_IRQHandler                  
00000b33  EUSCIA3_IRQHandler                  
00000b33  EUSCIB0_IRQHandler                  
00000b33  EUSCIB1_IRQHandler                  
00000b33  EUSCIB2_IRQHandler                  
00000b33  EUSCIB3_IRQHandler                  
00000b33  FLCTL_IRQHandler                    
00000b33  FPU_IRQHandler                      
00000b33  HardFault_Handler                   
00000b33  MemManage_Handler                   
00000b33  NMI_Handler                         
00000b33  PCM_IRQHandler                      
00000b33  PORT1_IRQHandler                    
00000b33  PORT2_IRQHandler                    
00000b33  PORT4_IRQHandler                    
00000b33  PORT5_IRQHandler                    
00000b33  PORT6_IRQHandler                    
00000b33  PSS_IRQHandler                      
00000b33  PendSV_Handler                      
00000b33  RTC_C_IRQHandler                    
00000b33  SVC_Handler                         
00000b33  SysTick_Handler                     
00000b33  T32_INT1_IRQHandler                 
00000b33  T32_INT2_IRQHandler                 
00000b33  T32_INTC_IRQHandler                 
00000b33  TA0_N_IRQHandler                    
00000b33  TA1_0_IRQHandler                    
00000b33  TA1_N_IRQHandler                    
00000b33  TA2_0_IRQHandler                    
00000b33  TA2_N_IRQHandler                    
00000b33  TA3_0_IRQHandler                    
00000b33  TA3_N_IRQHandler                    
00000b33  UsageFault_Handler                  
00000b33  WDT_A_IRQHandler                    
00000f75  __aeabi_dsub                        
00000f7f  __aeabi_dadd                        
0000112b  _nop                                
000013ad  __aeabi_ddiv                        
000014e3  __aeabi_idiv0                       
000014e3  __aeabi_ldiv0                       
00001609  fputs                               
0000171d  ldexp                               
0000171d  ldexpl                              
0000171d  scalbn                              
0000171d  scalbnl                             
00001931  aligned_alloc                       
00001931  memalign                            
00001a31  __aeabi_dmul                        
00001b2d  CS_getDCOFrequency                  
00001c25  free                                
00001d09  setvbuf                             
00001de5  init_ultrasonic                     
00001f61  EUSCIA0_IRQHandler                  
00001f61  EUSCIA0_IRQHandler                  
00001ffd  __aeabi_memcpy                      
00001ffd  __aeabi_memcpy4                     
00001ffd  __aeabi_memcpy8                     
00001ffd  memcpy                              
00002099  __aeabi_uldivmod                    
00002131  SysCtl_A_getTLVInfo                 
000021c5  EUSCIA2_IRQHandler                  
000021c5  EUSCIA2_IRQHandler                  
00002251  fputc                               
00002251  putc                                
000022dd  getHCSR04Distance                   
00002365  __aeabi_cdcmpeq                     
00002365  __aeabi_cdcmple                     
000023eb  __aeabi_cdrcmple                    
00002471  Interrupt_enableInterrupt           
0000256d  __aeabi_memclr                      
0000256d  __aeabi_memclr4                     
0000256d  __aeabi_memclr8                     
0000256f  __aeabi_memset                      
0000256f  __aeabi_memset4                     
0000256f  __aeabi_memset8                     
00002575  memset                              
000025e9  SystemInit                          
00002661  __TI_closefile                      
000027b5  HOSTrename                          
00002821  HOSTlseek                           
00002889  Timer_A_configureUpMode             
000028f1  __TI_decompress_lzss                
00002959  printf                              
000029c1  UART_getEnabledInterruptStatus      
00002a25  frexp                               
00002a25  frexpl                              
00002a89  fseek                               
00002aed  main                                
00002bb3  __TI_wrt_ok                         
00002c15  HOSTopen                            
00002c75  close                               
00002cd1  HOSTread                            
00002d29  HOSTwrite                           
00002dd7  __TI_ltoa                           
00002e7d  Timer_A_getCounterValue             
00002ec9  __TI_doflush                        
00002f15  atoi                                
00002f61  PORT3_IRQHandler                    
00002f61  PORT3_IRQHandler                    
00002fa9  exit                                
00002ff1  __aeabi_d2iz                        
00003039  HOSTclose                           
0000307d  HOSTunlink                          
000030c1  __TI_auto_init_nobinit_nopinit      
00003105  getdevice                           
00003149  GPIO_setAsOutputPin                 
000031c9  __TI_writemsg                       
000031f7  C$$IO$$                             
00003239  strncpy                             
00003271  __TI_cleanup                        
000032a5  __TI_readmsg                        
000032d9  _c_int00_noargs                     
0000330d  CS_clearInterruptFlag               
0000333d  GPIO_getInputPinValue               
0000336d  finddevice                          
0000339d  __aeabi_i2d                         
000033cd  Timer_A_clearCaptureCompareInterrupt
000033f9  remove                              
000033f9  unlink                              
00003425  CS_getSMCLK                         
0000344d  GPIO_setOutputHighOnPin             
00003475  GPIO_setOutputLowOnPin              
000034c5  lseek                               
000034ed  write                               
00003539  memchr                              
00003559  TA0_0_IRQHandler                    
00003559  TA0_0_IRQHandler                    
00003591  memccpy                             
000035ad  copysign                            
000035ad  copysignl                           
000035c9  Timer_A_clearTimer                  
000035e1  UART_getInterruptStatus             
000035f9  strcmp                              
00003611  Timer_A_startCounter                
00003627  strchr                              
0000363d  Timer_A_stopTimer                   
00003651  strcpy                              
00003665  strlen                              
00003679  wcslen                              
0000368b  __TI_decompress_none                
00003699  Reset_Handler                       
000036a5  __TI_zero_init                      
000036b1  __aeabi_errno_addr                  
000036b9  malloc                              
000036c9  _system_pre_init                    
000036cd  C$$EXIT                             
000036cd  abort                               
000036d0  _ctypes_                            
00003890  __TI_Handler_Table_Base             
0000389c  __TI_Handler_Table_Limit            
000038a8  __TI_CINIT_Base                     
000038b8  __TI_CINIT_Limit                    
20000000  UARTA0Data                          
20000000  __start___llvm_prf_cnts             
20000000  __stop___llvm_prf_cnts              
20000800  UARTA2Data                          
20001000  __CIOBUF_                           
20001120  __TI_tmpnams                        
200011c8  parmbuf                             
200011d0  SR04IntTimes                        
200011d4  UARTA0ReadIndex                     
200011d8  UARTA0WriteIndex                    
200011dc  UARTA2ReadIndex                     
200011e0  UARTA2WriteIndex                    
200011e8  _sys_memory                         
200019e8  _ftable                             
20001ad8  _device                             
20001b50  _stream                             
20001ba0  __TI_ft_end                         
20001ba4  __aeabi_stdin                       
20001ba8  __aeabi_stdout                      
20001bac  __aeabi_stderr                      
20001bb0  __TI_cleanup_ptr                    
20001bb4  __TI_dtors_ptr                      
20001bb8  __TI_enable_exit_profile_output     
20001bbc  _lock                               
20001bc0  _unlock                             
20001bcc  errno                               
2000fe00  __stack                             
20010000  __STACK_END                         
4000480c  WDTCTL_SYM                          
ffffffff  __TI_pprof_out_hndl                 
ffffffff  __TI_prof_data_size                 
ffffffff  __TI_prof_data_start                
ffffffff  __binit__                           
ffffffff  __c_args__                          
ffffffff  binit                               
UNDEFED   __mpu_init                          
UNDEFED   _system_post_cinit                  

[207 symbols]
