******************************************************************************
                  TI ARM Linker PC v20.2.5                     
******************************************************************************
>> Linked Fri Oct 22 01:35:15 2021

OUTPUT FILE NAME:   <IRAcer.out>
ENTRY POINT SYMBOL: "_c_int00_noargs"  address: 00003591


MEMORY CONFIGURATION

         name            origin    length      used     unused   attr    fill
----------------------  --------  ---------  --------  --------  ----  --------
  MAIN                  00000000   00040000  00003a68  0003c598  R  X
  INFO                  00200000   00004000  00000000  00004000  R  X
  SRAM_CODE             01000000   00010000  00001b98  0000e468  RW X
  SRAM_DATA             20000000   00010000  00001b98  0000e468  RW  


SEGMENT ALLOCATION MAP

run origin  load origin   length   init length attrs members
----------  ----------- ---------- ----------- ----- -------
00000000    00000000    00003a68   00003a68    r-x
  00000000    00000000    000000e4   000000e4    r-- .intvecs
  000000e4    000000e4    000037f0   000037f0    r-x .text
  000038d4    000038d4    0000013c   0000013c    r-- .const
  00003a10    00003a10    00000058   00000058    r-- .cinit
20000000    20000000    00001998   00000000    rw-
  20000000    20000000    00001914   00000000    rw- .bss
  20001914    20001914    00000084   00000000    rw- .data
2000fe00    2000fe00    00000200   00000000    rw-
  2000fe00    2000fe00    00000200   00000000    rw- .stack


SECTION ALLOCATION MAP

 output                                  attributes/
section   page    origin      length       input sections
--------  ----  ----------  ----------   ----------------
.intvecs   0    00000000    000000e4     
                  00000000    000000e4     startup_msp432p401r_ccs.obj (.intvecs:retain)

.text      0    000000e4    000037f0     
                  000000e4    00000a4e     rtsv7M4_T_le_v4SPD16_eabi.lib : _printfi.c.obj (.text:__TI_printfi)
                  00000b32    0000028a     msp432p4xx_driverlib.lib : pcm.o (.text:__PCM_setPowerStateAdvanced)
                  00000dbc    00000270     rtsv7M4_T_le_v4SPD16_eabi.lib : _printfi.c.obj (.text:_pconv_a)
                  0000102c    000001d0                                   : _printfi.c.obj (.text:_pconv_g)
                  000011fc    000001b6                                   : fd_add_t2.asm.obj (.text)
                  000013b2    00000002     startup_msp432p401r_ccs.obj (.text:Default_Handler)
                  000013b4    00000160     UART.obj (.text:setUpUART)
                  00001514    0000015c     msp432p4xx_driverlib.lib : pcm.o (.text:__PCM_setPowerModeAdvanced)
                  00001670    00000158     UART_Driver.obj (.text:UART_Printf)
                  000017c8    00000144     msp432p4xx_driverlib.lib : timer_a.o (.text:privateTimer_AProcessClockSourceDivider)
                  0000190c    00000140     UART_Driver.obj (.text:UART_Read)
                  00001a4c    0000013c     rtsv7M4_T_le_v4SPD16_eabi.lib : _printfi.c.obj (.text:_pconv_e)
                  00001b88    00000136                                   : fd_div_t2.asm.obj (.text)
                  00001cbe    00000002                                   : div0.asm.obj (.text)
                  00001cc0    00000124                                   : _printfi.c.obj (.text:fcvt)
                  00001de4    0000011c     msp432p4xx_driverlib.lib : uart.o (.text:UART_initModule)
                  00001f00    00000110     rtsv7M4_T_le_v4SPD16_eabi.lib : s_scalbn.c.obj (.text:scalbn)
                  00002010    00000108     msp432p4xx_driverlib.lib : pcm.o (.text:__PCM_setCoreVoltageLevelAdvanced)
                  00002118    000000fc     rtsv7M4_T_le_v4SPD16_eabi.lib : fd_mul_t2.asm.obj (.text)
                  00002214    000000ba     MSPIO.obj (.text:MSPrintf)
                  000022ce    00000002     --HOLE-- [fill = 0]
                  000022d0    000000b1     rtsv7M4_T_le_v4SPD16_eabi.lib : _printfi.c.obj (.text:_ltostr)
                  00002381    00000003     --HOLE-- [fill = 0]
                  00002384    000000a8     ESP8266.obj (.text:ESP8266_ConnectToAP)
                  0000242c    000000a8     UART_Driver.obj (.text:UART_Gets)
                  000024d4    0000009c     UART_Driver.obj (.text:EUSCIA0_IRQHandler)
                  00002570    0000009c     rtsv7M4_T_le_v4SPD16_eabi.lib : memcpy_t2.asm.obj (.text)
                  0000260c    00000098     main.obj (.text:main)
                  000026a4    00000096     rtsv7M4_T_le_v4SPD16_eabi.lib : ull_div_t2.asm.obj (.text)
                  0000273a    00000002     --HOLE-- [fill = 0]
                  0000273c    0000008c     UART_Driver.obj (.text:EUSCIA2_IRQHandler)
                  000027c8    0000008c     PWM.obj (.text:PORT1_IRQHandler)
                  00002854    0000008c     MSPIO.obj (.text:PrintInteger)
                  000028e0    00000086     rtsv7M4_T_le_v4SPD16_eabi.lib : fd_cmp_t2.asm.obj (.text:__aeabi_cdcmple)
                  00002966    00000086                                   : fd_cmp_t2.asm.obj (.text:__aeabi_cdrcmple)
                  000029ec    00000084     msp432p4xx_driverlib.lib : pcm.o (.text:PCM_gotoLPM3)
                  00002a70    00000080     ESP8266.obj (.text:ESP8266_Terminal)
                  00002af0    00000080     msp432p4xx_driverlib.lib : interrupt.o (.text:Interrupt_enableInterrupt)
                  00002b70    0000007c     ESP8266.obj (.text:ESP8266_WaitForAnswer)
                  00002bec    0000007a     rtsv7M4_T_le_v4SPD16_eabi.lib : memset_t2.asm.obj (.text)
                  00002c66    00000002     --HOLE-- [fill = 0]
                  00002c68    00000078     system_msp432p401r.obj (.text:SystemInit)
                  00002ce0    00000078     main.obj (.text:uart_println)
                  00002d58    00000074     msp432p4xx_driverlib.lib : timer_a.o (.text:Timer_A_generatePWM)
                  00002dcc    0000006e     rtsv7M4_T_le_v4SPD16_eabi.lib : _printfi.c.obj (.text:_mcpy)
                  00002e3a    00000068                                   : copy_decompress_lzss.c.obj (.text:decompress:lzss:__TI_decompress_lzss)
                  00002ea2    00000002     --HOLE-- [fill = 0]
                  00002ea4    00000068     PWM.obj (.text:init_wheel)
                  00002f0c    00000064     msp432p4xx_driverlib.lib : uart.o (.text:UART_getEnabledInterruptStatus)
                  00002f70    00000064     rtsv7M4_T_le_v4SPD16_eabi.lib : s_frexp.c.obj (.text:frexp)
                  00002fd4    0000005e     msp432p4xx_driverlib.lib : pcm.o (.text:PCM_getCoreVoltageLevel)
                  00003032    0000005a                              : pcm.o (.text:PCM_getPowerMode)
                  0000308c    00000058                              : gpio.o (.text:GPIO_setAsInputPinWithPullUpResistor)
                  000030e4    00000056     rtsv7M4_T_le_v4SPD16_eabi.lib : _printfi.c.obj (.text:_pconv_f)
                  0000313a    00000002     --HOLE-- [fill = 0]
                  0000313c    00000054     msp432p4xx_driverlib.lib : pcm.o (.text:PCM_shutdownDevice)
                  00003190    00000054     rtsv7M4_T_le_v4SPD16_eabi.lib : _ltoa.c.obj (.text:__TI_ltoa)
                  000031e4    00000052                                   : _printfi.c.obj (.text:_ecpy)
                  00003236    00000002     --HOLE-- [fill = 0]
                  00003238    0000004c     UART_Driver.obj (.text:UART_Available)
                  00003284    0000004c     rtsv7M4_T_le_v4SPD16_eabi.lib : atoi.c.obj (.text:atoi)
                  000032d0    00000048     msp432p4xx_driverlib.lib : flash.o (.text:FlashCtl_setWaitState)
                  00003318    00000048     main.obj (.text:PORT2_IRQHandler)
                  00003360    00000048     rtsv7M4_T_le_v4SPD16_eabi.lib : fd_toi_t2.asm.obj (.text)
                  000033a8    00000044                                   : autoinit.c.obj (.text:__TI_auto_init_nobinit_nopinit:__TI_auto_init_nobinit_nopinit)
                  000033ec    00000040     msp432p4xx_driverlib.lib : gpio.o (.text:GPIO_setAsOutputPin)
                  0000342c    00000040     UART_Driver.obj (.text:UART_Write)
                  0000346c    00000040     rtsv7M4_T_le_v4SPD16_eabi.lib : vsnprintf.c.obj (.text:vsnprintf)
                  000034ac    0000003e                                   : _printfi.c.obj (.text:_fcpy)
                  000034ea    00000002     --HOLE-- [fill = 0]
                  000034ec    0000003c     msp432p4xx_driverlib.lib : gpio.o (.text:GPIO_interruptEdgeSelect)
                  00003528    00000034                              : cs.o (.text:CS_setDCOCenteredFrequency)
                  0000355c    00000034     ESP8266.obj (.text:ESP8266_HardReset)
                  00003590    00000034     rtsv7M4_T_le_v4SPD16_eabi.lib : boot_cortex_m.c.obj (.text:_c_int00_noargs:_c_int00_noargs)
                  000035c4    00000034                                   : strstr.c.obj (.text:strstr)
                  000035f8    00000030                                   : vsnprintf.c.obj (.text:_outs)
                  00003628    0000002e                                   : i_tofd_t2.asm.obj (.text)
                  00003656    00000002     --HOLE-- [fill = 0]
                  00003658    0000002c     msp432p4xx_driverlib.lib : rtc_c.o (.text:RTC_C_holdClock)
                  00003684    00000028                              : gpio.o (.text:GPIO_clearInterruptFlag)
                  000036ac    00000028                              : gpio.o (.text:GPIO_enableInterrupt)
                  000036d4    00000028                              : gpio.o (.text:GPIO_toggleOutputOnPin)
                  000036fc    00000028                              : pcm.o (.text:PCM_gotoLPM0)
                  00003724    00000024                              : wdt_a.o (.text:WDT_A_holdTimer)
                  00003748    00000022     MSPIO.obj (.text:PrintString)
                  0000376a    0000001c     rtsv7M4_T_le_v4SPD16_eabi.lib : memccpy.c.obj (.text:memccpy)
                  00003786    0000001a                                   : s_copysign.c.obj (.text:copysign)
                  000037a0    00000018     msp432p4xx_driverlib.lib : uart.o (.text:UART_getInterruptStatus)
                  000037b8    00000018     rtsv7M4_T_le_v4SPD16_eabi.lib : vsnprintf.c.obj (.text:_outc)
                  000037d0    00000016                                   : strchr.c.obj (.text:strchr)
                  000037e6    00000002     --HOLE-- [fill = 0]
                  000037e8    00000014     msp432p4xx_driverlib.lib : pcm.o (.text:PCM_getPowerState)
                  000037fc    00000014     MSPIO.obj (.text:PrintChar)
                  00003810    00000014     rtsv7M4_T_le_v4SPD16_eabi.lib : strlen.c.obj (.text:strlen)
                  00003824    00000012                                   : wcslen.c.obj (.text:wcslen)
                  00003836    00000010     msp432p4xx_driverlib.lib : interrupt.o (.text:Interrupt_enableMaster)
                  00003846    00000010                              : pcm.o (.text:PCM_gotoLPM4)
                  00003856    00000010                              : pcm.o (.text:PCM_setCoreVoltageLevel)
                  00003866    00000010                              : pcm.o (.text:PCM_setPowerMode)
                  00003876    00000010                              : pcm.o (.text:PCM_setPowerState)
                  00003886    0000000e     rtsv7M4_T_le_v4SPD16_eabi.lib : copy_decompress_none.c.obj (.text:decompress:none:__TI_decompress_none)
                  00003894    0000000c     msp432p4xx_driverlib.lib : cpu.o (.text:CPU_cpsie)
                  000038a0    0000000c     startup_msp432p401r_ccs.obj (.text:Reset_Handler)
                  000038ac    0000000c     rtsv7M4_T_le_v4SPD16_eabi.lib : copy_zero_init.c.obj (.text:decompress:ZI:__TI_zero_init)
                  000038b8    00000008     ESP8266.obj (.text:ESP8266_GetBuffer)
                  000038c0    00000008     rtsv7M4_T_le_v4SPD16_eabi.lib : errno.c.obj (.text:__aeabi_errno_addr)
                  000038c8    00000004     msp432p4xx_driverlib.lib : cpu.o (.text:CPU_wfi)
                  000038cc    00000004     rtsv7M4_T_le_v4SPD16_eabi.lib : pre_init.c.obj (.text:_system_pre_init)
                  000038d0    00000004                                   : exit.c.obj (.text:abort:abort)

.const     0    000038d4    0000013c     
                  000038d4    00000101     rtsv7M4_T_le_v4SPD16_eabi.lib : ctype.c.obj (.const:.string:_ctypes_)
                  000039d5    00000003     --HOLE-- [fill = 0]
                  000039d8    00000030     msp432p4xx_driverlib.lib : gpio.o (.const:GPIO_PORT_TO_BASE)
                  00003a08    00000008                              : interrupt.o (.const:g_pulEnRegs)

.cinit     0    00003a10    00000058     
                  00003a10    00000033     (.cinit..data.load) [load image, compression = lzss]
                  00003a43    00000001     --HOLE-- [fill = 0]
                  00003a44    0000000c     (__TI_handler_table)
                  00003a50    00000008     (.cinit..bss.load) [load image, compression = zero_init]
                  00003a58    00000010     (__TI_cinit_table)

.init_array 
*          0    00000000    00000000     UNINITIALIZED

.binit     0    00000000    00000000     

.bss       0    20000000    00001914     UNINITIALIZED
                  20000000    00000800     (.common:ESP8266_Buffer)
                  20000800    00000800     (.common:UARTA0Data)
                  20001000    00000800     (.common:UARTA2Data)
                  20001800    00000100     main.obj (.bss:print_buffer$uart_println_1)
                  20001900    00000004     main.obj (.bss)
                  20001904    00000004     (.common:UARTA0ReadIndex)
                  20001908    00000004     (.common:UARTA0WriteIndex)
                  2000190c    00000004     (.common:UARTA2ReadIndex)
                  20001910    00000004     (.common:UARTA2WriteIndex)

.data      0    20001914    00000084     UNINITIALIZED
                  20001914    00000028     UART.obj (.data:UART0Config)
                  2000193c    00000028     UART.obj (.data:UART2Config)
                  20001964    00000018     PWM.obj (.data:pwmConfig)
                  2000197c    00000018     PWM.obj (.data:pwmConfig_B)
                  20001994    00000004     rtsv7M4_T_le_v4SPD16_eabi.lib : errno.c.obj (.data)

.stack     0    2000fe00    00000200     UNINITIALIZED
                  2000fe00    00000004     rtsv7M4_T_le_v4SPD16_eabi.lib : boot_cortex_m.c.obj (.stack)
                  2000fe04    000001fc     --HOLE--

__llvm_prf_cnts 
*          0    20000000    00000000     UNINITIALIZED

MODULE SUMMARY

       Module                        code    ro data   rw data
       ------                        ----    -------   -------
    .\
       UART.obj                      352     0         8384   
       main.obj                      344     0         520    
       PWM.obj                       244     0         96     
       system_msp432p401r.obj        120     0         0      
    +--+-----------------------------+-------+---------+---------+
       Total:                        1060    0         9000   
                                                              
    .\Devices\
       ESP8266.obj                   480     0         4096   
       MSPIO.obj                     380     0         0      
    +--+-----------------------------+-------+---------+---------+
       Total:                        860     0         4096   
                                                              
    .\Hardware\
       UART_Driver.obj               1268    0         0      
    +--+-----------------------------+-------+---------+---------+
       Total:                        1268    0         0      
                                                              
    .\ccs\
       startup_msp432p401r_ccs.obj   14      228       0      
    +--+-----------------------------+-------+---------+---------+
       Total:                        14      228       0      
                                                              
    C:/ti/simplelink_msp432p4_sdk_3_40_01_02/source/ti/devices/msp432p4xx/driverlib/ccs/msp432p4xx_driverlib.lib
       pcm.o                         1786    0         0      
       timer_a.o                     440     0         0      
       uart.o                        408     0         0      
       gpio.o                        332     48        0      
       interrupt.o                   144     8         0      
       flash.o                       72      0         0      
       cs.o                          52      0         0      
       rtc_c.o                       44      0         0      
       wdt_a.o                       36      0         0      
       cpu.o                         16      0         0      
    +--+-----------------------------+-------+---------+---------+
       Total:                        3330    56        0      
                                                              
    C:\ti\ccs1000\ccs\tools\compiler\ti-cgt-arm_20.2.5.LTS\lib\rtsv7M4_T_le_v4SPD16_eabi.lib
       _printfi.c.obj                4851    0         0      
       fd_add_t2.asm.obj             438     0         0      
       fd_div_t2.asm.obj             310     0         0      
       s_scalbn.c.obj                272     0         0      
       fd_cmp_t2.asm.obj             268     0         0      
       ctype.c.obj                   0       257       0      
       fd_mul_t2.asm.obj             252     0         0      
       memcpy_t2.asm.obj             156     0         0      
       ull_div_t2.asm.obj            150     0         0      
       vsnprintf.c.obj               136     0         0      
       memset_t2.asm.obj             122     0         0      
       copy_decompress_lzss.c.obj    104     0         0      
       s_frexp.c.obj                 100     0         0      
       _ltoa.c.obj                   84      0         0      
       atoi.c.obj                    76      0         0      
       fd_toi_t2.asm.obj             72      0         0      
       autoinit.c.obj                68      0         0      
       boot_cortex_m.c.obj           52      0         0      
       strstr.c.obj                  52      0         0      
       i_tofd_t2.asm.obj             46      0         0      
       memccpy.c.obj                 28      0         0      
       s_copysign.c.obj              26      0         0      
       strchr.c.obj                  22      0         0      
       strlen.c.obj                  20      0         0      
       wcslen.c.obj                  18      0         0      
       errno.c.obj                   8       0         8      
       copy_decompress_none.c.obj    14      0         0      
       copy_zero_init.c.obj          12      0         0      
       exit.c.obj                    4       0         0      
       pre_init.c.obj                4       0         0      
       div0.asm.obj                  2       0         0      
    +--+-----------------------------+-------+---------+---------+
       Total:                        7767    257       8      
                                                              
       Stack:                        0       0         1024   
       Linker Generated:             0       87        0      
    +--+-----------------------------+-------+---------+---------+
       Grand Total:                  14299   628       14128  


LINKER GENERATED COPY TABLES

__TI_cinit_table @ 00003a58 records: 2, size/record: 8, table size: 16
	.data: load addr=00003a10, load size=00000033 bytes, run addr=20001914, run size=00000084 bytes, compression=lzss
	.bss: load addr=00003a50, load size=00000008 bytes, run addr=20000000, run size=00001914 bytes, compression=zero_init


LINKER GENERATED HANDLER TABLE

__TI_handler_table @ 00003a44 records: 3, size/record: 4, table size: 12
	index: 0, handler: __TI_decompress_lzss
	index: 1, handler: __TI_decompress_none
	index: 2, handler: __TI_zero_init


GLOBAL SYMBOLS: SORTED ALPHABETICALLY BY Name 

address   name                                
-------   ----                                
000013b3  ADC14_IRQHandler                    
000013b3  AES256_IRQHandler                   
000013b3  BusFault_Handler                    
000038d1  C$$EXIT                             
000013b3  COMP_E0_IRQHandler                  
000013b3  COMP_E1_IRQHandler                  
00003895  CPU_cpsie                           
000038c9  CPU_wfi                             
000013b3  CS_IRQHandler                       
00003529  CS_setDCOCenteredFrequency          
000013b3  DMA_ERR_IRQHandler                  
000013b3  DMA_INT0_IRQHandler                 
000013b3  DMA_INT1_IRQHandler                 
000013b3  DMA_INT2_IRQHandler                 
000013b3  DMA_INT3_IRQHandler                 
000013b3  DebugMon_Handler                    
000013b3  Default_Handler                     
20000000  ESP8266_Buffer                      
00002385  ESP8266_ConnectToAP                 
000038b9  ESP8266_GetBuffer                   
0000355d  ESP8266_HardReset                   
00002a71  ESP8266_Terminal                    
00002b71  ESP8266_WaitForAnswer               
000024d5  EUSCIA0_IRQHandler                  
000024d5  EUSCIA0_IRQHandler                  
000013b3  EUSCIA1_IRQHandler                  
0000273d  EUSCIA2_IRQHandler                  
0000273d  EUSCIA2_IRQHandler                  
000013b3  EUSCIA3_IRQHandler                  
000013b3  EUSCIB0_IRQHandler                  
000013b3  EUSCIB1_IRQHandler                  
000013b3  EUSCIB2_IRQHandler                  
000013b3  EUSCIB3_IRQHandler                  
000013b3  FLCTL_IRQHandler                    
000013b3  FPU_IRQHandler                      
000032d1  FlashCtl_setWaitState               
00003685  GPIO_clearInterruptFlag             
000036ad  GPIO_enableInterrupt                
000034ed  GPIO_interruptEdgeSelect            
0000308d  GPIO_setAsInputPinWithPullUpResistor
000033ed  GPIO_setAsOutputPin                 
000036d5  GPIO_toggleOutputOnPin              
000013b3  HardFault_Handler                   
00002af1  Interrupt_enableInterrupt           
00003837  Interrupt_enableMaster              
00002215  MSPrintf                            
000013b3  MemManage_Handler                   
000013b3  NMI_Handler                         
000013b3  PCM_IRQHandler                      
00002fd5  PCM_getCoreVoltageLevel             
00003033  PCM_getPowerMode                    
000037e9  PCM_getPowerState                   
000036fd  PCM_gotoLPM0                        
000029ed  PCM_gotoLPM3                        
00003847  PCM_gotoLPM4                        
00003857  PCM_setCoreVoltageLevel             
00003867  PCM_setPowerMode                    
00003877  PCM_setPowerState                   
0000313d  PCM_shutdownDevice                  
000027c9  PORT1_IRQHandler                    
000027c9  PORT1_IRQHandler                    
00003319  PORT2_IRQHandler                    
00003319  PORT2_IRQHandler                    
000013b3  PORT3_IRQHandler                    
000013b3  PORT4_IRQHandler                    
000013b3  PORT5_IRQHandler                    
000013b3  PORT6_IRQHandler                    
000013b3  PSS_IRQHandler                      
000013b3  PendSV_Handler                      
000037fd  PrintChar                           
00002855  PrintInteger                        
00003749  PrintString                         
000013b3  RTC_C_IRQHandler                    
00003659  RTC_C_holdClock                     
000038a1  Reset_Handler                       
000013b3  SVC_Handler                         
000013b3  SysTick_Handler                     
00002c69  SystemInit                          
000013b3  T32_INT1_IRQHandler                 
000013b3  T32_INT2_IRQHandler                 
000013b3  T32_INTC_IRQHandler                 
000013b3  TA0_0_IRQHandler                    
000013b3  TA0_N_IRQHandler                    
000013b3  TA1_0_IRQHandler                    
000013b3  TA1_N_IRQHandler                    
000013b3  TA2_0_IRQHandler                    
000013b3  TA2_N_IRQHandler                    
000013b3  TA3_0_IRQHandler                    
000013b3  TA3_N_IRQHandler                    
00002d59  Timer_A_generatePWM                 
20001914  UART0Config                         
2000193c  UART2Config                         
20000800  UARTA0Data                          
20001904  UARTA0ReadIndex                     
20001908  UARTA0WriteIndex                    
20001000  UARTA2Data                          
2000190c  UARTA2ReadIndex                     
20001910  UARTA2WriteIndex                    
00003239  UART_Available                      
0000242d  UART_Gets                           
00001671  UART_Printf                         
0000190d  UART_Read                           
0000342d  UART_Write                          
00002f0d  UART_getEnabledInterruptStatus      
000037a1  UART_getInterruptStatus             
00001de5  UART_initModule                     
000013b3  UsageFault_Handler                  
4000480c  WDTCTL_SYM                          
000013b3  WDT_A_IRQHandler                    
00003725  WDT_A_holdTimer                     
20010000  __STACK_END                         
00000200  __STACK_SIZE                        
00003a58  __TI_CINIT_Base                     
00003a68  __TI_CINIT_Limit                    
00003a44  __TI_Handler_Table_Base             
00003a50  __TI_Handler_Table_Limit            
000033a9  __TI_auto_init_nobinit_nopinit      
00002e3b  __TI_decompress_lzss                
00003887  __TI_decompress_none                
00003191  __TI_ltoa                           
ffffffff  __TI_pprof_out_hndl                 
000000e5  __TI_printfi                        
ffffffff  __TI_prof_data_size                 
ffffffff  __TI_prof_data_start                
00000000  __TI_static_base__                  
000038ad  __TI_zero_init                      
000028e1  __aeabi_cdcmpeq                     
000028e1  __aeabi_cdcmple                     
00002967  __aeabi_cdrcmple                    
00003361  __aeabi_d2iz                        
00001207  __aeabi_dadd                        
00001b89  __aeabi_ddiv                        
00002119  __aeabi_dmul                        
000011fd  __aeabi_dsub                        
000038c1  __aeabi_errno_addr                  
00003629  __aeabi_i2d                         
00001cbf  __aeabi_idiv0                       
00001cbf  __aeabi_ldiv0                       
00002bed  __aeabi_memclr                      
00002bed  __aeabi_memclr4                     
00002bed  __aeabi_memclr8                     
00002571  __aeabi_memcpy                      
00002571  __aeabi_memcpy4                     
00002571  __aeabi_memcpy8                     
00002bef  __aeabi_memset                      
00002bef  __aeabi_memset4                     
00002bef  __aeabi_memset8                     
000026a5  __aeabi_uldivmod                    
ffffffff  __binit__                           
ffffffff  __c_args__                          
UNDEFED   __mpu_init                          
2000fe00  __stack                             
20000000  __start___llvm_prf_cnts             
20000000  __stop___llvm_prf_cnts              
00003591  _c_int00_noargs                     
000038d4  _ctypes_                            
UNDEFED   _system_post_cinit                  
000038cd  _system_pre_init                    
000038d1  abort                               
00003285  atoi                                
ffffffff  binit                               
00003787  copysign                            
00003787  copysignl                           
20001994  errno                               
00002f71  frexp                               
00002f71  frexpl                              
00002ea5  init_wheel                          
00000000  interruptVectors                    
00001f01  ldexp                               
00001f01  ldexpl                              
0000260d  main                                
0000376b  memccpy                             
00002571  memcpy                              
00002bf5  memset                              
20001800  print_buffer$uart_println_1         
20001964  pwmConfig                           
2000197c  pwmConfig_B                         
00001f01  scalbn                              
00001f01  scalbnl                             
000013b5  setUpUART                           
000037d1  strchr                              
00003811  strlen                              
000035c5  strstr                              
00002ce1  uart_println                        
0000346d  vsnprintf                           
00003825  wcslen                              


GLOBAL SYMBOLS: SORTED BY Symbol Address 

address   name                                
-------   ----                                
00000000  __TI_static_base__                  
00000000  interruptVectors                    
000000e5  __TI_printfi                        
00000200  __STACK_SIZE                        
000011fd  __aeabi_dsub                        
00001207  __aeabi_dadd                        
000013b3  ADC14_IRQHandler                    
000013b3  AES256_IRQHandler                   
000013b3  BusFault_Handler                    
000013b3  COMP_E0_IRQHandler                  
000013b3  COMP_E1_IRQHandler                  
000013b3  CS_IRQHandler                       
000013b3  DMA_ERR_IRQHandler                  
000013b3  DMA_INT0_IRQHandler                 
000013b3  DMA_INT1_IRQHandler                 
000013b3  DMA_INT2_IRQHandler                 
000013b3  DMA_INT3_IRQHandler                 
000013b3  DebugMon_Handler                    
000013b3  Default_Handler                     
000013b3  EUSCIA1_IRQHandler                  
000013b3  EUSCIA3_IRQHandler                  
000013b3  EUSCIB0_IRQHandler                  
000013b3  EUSCIB1_IRQHandler                  
000013b3  EUSCIB2_IRQHandler                  
000013b3  EUSCIB3_IRQHandler                  
000013b3  FLCTL_IRQHandler                    
000013b3  FPU_IRQHandler                      
000013b3  HardFault_Handler                   
000013b3  MemManage_Handler                   
000013b3  NMI_Handler                         
000013b3  PCM_IRQHandler                      
000013b3  PORT3_IRQHandler                    
000013b3  PORT4_IRQHandler                    
000013b3  PORT5_IRQHandler                    
000013b3  PORT6_IRQHandler                    
000013b3  PSS_IRQHandler                      
000013b3  PendSV_Handler                      
000013b3  RTC_C_IRQHandler                    
000013b3  SVC_Handler                         
000013b3  SysTick_Handler                     
000013b3  T32_INT1_IRQHandler                 
000013b3  T32_INT2_IRQHandler                 
000013b3  T32_INTC_IRQHandler                 
000013b3  TA0_0_IRQHandler                    
000013b3  TA0_N_IRQHandler                    
000013b3  TA1_0_IRQHandler                    
000013b3  TA1_N_IRQHandler                    
000013b3  TA2_0_IRQHandler                    
000013b3  TA2_N_IRQHandler                    
000013b3  TA3_0_IRQHandler                    
000013b3  TA3_N_IRQHandler                    
000013b3  UsageFault_Handler                  
000013b3  WDT_A_IRQHandler                    
000013b5  setUpUART                           
00001671  UART_Printf                         
0000190d  UART_Read                           
00001b89  __aeabi_ddiv                        
00001cbf  __aeabi_idiv0                       
00001cbf  __aeabi_ldiv0                       
00001de5  UART_initModule                     
00001f01  ldexp                               
00001f01  ldexpl                              
00001f01  scalbn                              
00001f01  scalbnl                             
00002119  __aeabi_dmul                        
00002215  MSPrintf                            
00002385  ESP8266_ConnectToAP                 
0000242d  UART_Gets                           
000024d5  EUSCIA0_IRQHandler                  
000024d5  EUSCIA0_IRQHandler                  
00002571  __aeabi_memcpy                      
00002571  __aeabi_memcpy4                     
00002571  __aeabi_memcpy8                     
00002571  memcpy                              
0000260d  main                                
000026a5  __aeabi_uldivmod                    
0000273d  EUSCIA2_IRQHandler                  
0000273d  EUSCIA2_IRQHandler                  
000027c9  PORT1_IRQHandler                    
000027c9  PORT1_IRQHandler                    
00002855  PrintInteger                        
000028e1  __aeabi_cdcmpeq                     
000028e1  __aeabi_cdcmple                     
00002967  __aeabi_cdrcmple                    
000029ed  PCM_gotoLPM3                        
00002a71  ESP8266_Terminal                    
00002af1  Interrupt_enableInterrupt           
00002b71  ESP8266_WaitForAnswer               
00002bed  __aeabi_memclr                      
00002bed  __aeabi_memclr4                     
00002bed  __aeabi_memclr8                     
00002bef  __aeabi_memset                      
00002bef  __aeabi_memset4                     
00002bef  __aeabi_memset8                     
00002bf5  memset                              
00002c69  SystemInit                          
00002ce1  uart_println                        
00002d59  Timer_A_generatePWM                 
00002e3b  __TI_decompress_lzss                
00002ea5  init_wheel                          
00002f0d  UART_getEnabledInterruptStatus      
00002f71  frexp                               
00002f71  frexpl                              
00002fd5  PCM_getCoreVoltageLevel             
00003033  PCM_getPowerMode                    
0000308d  GPIO_setAsInputPinWithPullUpResistor
0000313d  PCM_shutdownDevice                  
00003191  __TI_ltoa                           
00003239  UART_Available                      
00003285  atoi                                
000032d1  FlashCtl_setWaitState               
00003319  PORT2_IRQHandler                    
00003319  PORT2_IRQHandler                    
00003361  __aeabi_d2iz                        
000033a9  __TI_auto_init_nobinit_nopinit      
000033ed  GPIO_setAsOutputPin                 
0000342d  UART_Write                          
0000346d  vsnprintf                           
000034ed  GPIO_interruptEdgeSelect            
00003529  CS_setDCOCenteredFrequency          
0000355d  ESP8266_HardReset                   
00003591  _c_int00_noargs                     
000035c5  strstr                              
00003629  __aeabi_i2d                         
00003659  RTC_C_holdClock                     
00003685  GPIO_clearInterruptFlag             
000036ad  GPIO_enableInterrupt                
000036d5  GPIO_toggleOutputOnPin              
000036fd  PCM_gotoLPM0                        
00003725  WDT_A_holdTimer                     
00003749  PrintString                         
0000376b  memccpy                             
00003787  copysign                            
00003787  copysignl                           
000037a1  UART_getInterruptStatus             
000037d1  strchr                              
000037e9  PCM_getPowerState                   
000037fd  PrintChar                           
00003811  strlen                              
00003825  wcslen                              
00003837  Interrupt_enableMaster              
00003847  PCM_gotoLPM4                        
00003857  PCM_setCoreVoltageLevel             
00003867  PCM_setPowerMode                    
00003877  PCM_setPowerState                   
00003887  __TI_decompress_none                
00003895  CPU_cpsie                           
000038a1  Reset_Handler                       
000038ad  __TI_zero_init                      
000038b9  ESP8266_GetBuffer                   
000038c1  __aeabi_errno_addr                  
000038c9  CPU_wfi                             
000038cd  _system_pre_init                    
000038d1  C$$EXIT                             
000038d1  abort                               
000038d4  _ctypes_                            
00003a44  __TI_Handler_Table_Base             
00003a50  __TI_Handler_Table_Limit            
00003a58  __TI_CINIT_Base                     
00003a68  __TI_CINIT_Limit                    
20000000  ESP8266_Buffer                      
20000000  __start___llvm_prf_cnts             
20000000  __stop___llvm_prf_cnts              
20000800  UARTA0Data                          
20001000  UARTA2Data                          
20001800  print_buffer$uart_println_1         
20001904  UARTA0ReadIndex                     
20001908  UARTA0WriteIndex                    
2000190c  UARTA2ReadIndex                     
20001910  UARTA2WriteIndex                    
20001914  UART0Config                         
2000193c  UART2Config                         
20001964  pwmConfig                           
2000197c  pwmConfig_B                         
20001994  errno                               
2000fe00  __stack                             
20010000  __STACK_END                         
4000480c  WDTCTL_SYM                          
ffffffff  __TI_pprof_out_hndl                 
ffffffff  __TI_prof_data_size                 
ffffffff  __TI_prof_data_start                
ffffffff  __binit__                           
ffffffff  __c_args__                          
ffffffff  binit                               
UNDEFED   __mpu_init                          
UNDEFED   _system_post_cinit                  

[186 symbols]
