******************************************************************************
                  TI ARM Linker PC v20.2.5                     
******************************************************************************
>> Linked Wed Nov 17 02:31:54 2021

OUTPUT FILE NAME:   <IRAcer.out>
ENTRY POINT SYMBOL: "_c_int00_noargs"  address: 00003ce5


MEMORY CONFIGURATION

         name            origin    length      used     unused   attr    fill
----------------------  --------  ---------  --------  --------  ----  --------
  MAIN                  00000000   00040000  00004370  0003bc90  R  X
  INFO                  00200000   00004000  00000000  00004000  R  X
  SRAM_CODE             01000000   00010000  0000264c  0000d9b4  RW X
  SRAM_DATA             20000000   00010000  0000264c  0000d9b4  RW  


SEGMENT ALLOCATION MAP

run origin  load origin   length   init length attrs members
----------  ----------- ---------- ----------- ----- -------
00000000    00000000    00004370   00004370    r-x
  00000000    00000000    000000e4   000000e4    r-- .intvecs
  000000e4    000000e4    00004090   00004090    r-x .text
  00004174    00004174    00000154   00000154    r-- .const
  000042c8    000042c8    000000a8   000000a8    r-- .cinit
20000000    20000000    00002450   00000000    rw-
  20000000    20000000    000019e4   00000000    rw- .bss
  200019e8    200019e8    00000800   00000000    rw- .sysmem
  200021e8    200021e8    00000268   00000000    rw- .data
2000fe00    2000fe00    00000200   00000000    rw-
  2000fe00    2000fe00    00000200   00000000    rw- .stack


SECTION ALLOCATION MAP

 output                                  attributes/
section   page    origin      length       input sections
--------  ----  ----------  ----------   ----------------
.intvecs   0    00000000    000000e4     
                  00000000    000000e4     startup_msp432p401r_ccs.obj (.intvecs:retain)

.text      0    000000e4    00004090     
                  000000e4    00000a4e     rtsv7M4_T_le_v4SPD16_eabi.lib : _printfi.c.obj (.text:__TI_printfi)
                  00000b32    00000002     startup_msp432p401r_ccs.obj (.text:Default_Handler)
                  00000b34    00000270     rtsv7M4_T_le_v4SPD16_eabi.lib : _printfi.c.obj (.text:_pconv_a)
                  00000da4    000001d0                                   : _printfi.c.obj (.text:_pconv_g)
                  00000f74    000001b6                                   : fd_add_t2.asm.obj (.text)
                  0000112a    00000002                                   : _lock.c.obj (.text:_nop)
                  0000112c    0000015c     UART.obj (.text:init_UART)
                  00001288    00000158     UART_Driver.obj (.text:UART_Printf)
                  000013e0    00000144     msp432p4xx_driverlib.lib : timer_a.o (.text:privateTimer_AProcessClockSourceDivider)
                  00001524    00000140     UART_Driver.obj (.text:UART_Read)
                  00001664    0000013c     rtsv7M4_T_le_v4SPD16_eabi.lib : _printfi.c.obj (.text:_pconv_e)
                  000017a0    00000136                                   : fd_div_t2.asm.obj (.text)
                  000018d6    00000002                                   : div0.asm.obj (.text)
                  000018d8    00000124                                   : _printfi.c.obj (.text:fcvt)
                  000019fc    0000011c     msp432p4xx_driverlib.lib : uart.o (.text:UART_initModule)
                  00001b18    00000114     rtsv7M4_T_le_v4SPD16_eabi.lib : fputs.c.obj (.text:fputs)
                  00001c2c    00000110                                   : s_scalbn.c.obj (.text:scalbn)
                  00001d3c    00000104     msp432p4xx_driverlib.lib : cs.o (.text:_CSComputeCLKFrequency)
                  00001e40    00000100     rtsv7M4_T_le_v4SPD16_eabi.lib : memory.c.obj (.text:aligned_alloc)
                  00001f40    000000fc                                   : fd_mul_t2.asm.obj (.text)
                  0000203c    000000f8     msp432p4xx_driverlib.lib : cs.o (.text:CS_getDCOFrequency)
                  00002134    000000e4     rtsv7M4_T_le_v4SPD16_eabi.lib : memory.c.obj (.text:free)
                  00002218    000000dc                                   : setvbuf.c.obj (.text:setvbuf)
                  000022f4    000000ba     MSPIO.obj (.text:MSPrintf)
                  000023ae    00000002     --HOLE-- [fill = 0]
                  000023b0    000000b1     rtsv7M4_T_le_v4SPD16_eabi.lib : _printfi.c.obj (.text:_ltostr)
                  00002461    00000003     --HOLE-- [fill = 0]
                  00002464    000000ac     main.obj (.text:main)
                  00002510    0000009c     UART_Driver.obj (.text:EUSCIA0_IRQHandler)
                  000025ac    0000009c     rtsv7M4_T_le_v4SPD16_eabi.lib : memcpy_t2.asm.obj (.text)
                  00002648    00000096                                   : ull_div_t2.asm.obj (.text)
                  000026de    00000002     --HOLE-- [fill = 0]
                  000026e0    00000094     msp432p4xx_driverlib.lib : sysctl_a.o (.text:SysCtl_A_getTLVInfo)
                  00002774    00000090     ESP8266.obj (.text:ESP8266_ConnectToAP)
                  00002804    0000008c     UART_Driver.obj (.text:EUSCIA2_IRQHandler)
                  00002890    0000008c     MSPIO.obj (.text:PrintInteger)
                  0000291c    0000008c     rtsv7M4_T_le_v4SPD16_eabi.lib : fputc.c.obj (.text:fputc)
                  000029a8    00000088     msp432p4xx_driverlib.lib : gpio.o (.text:GPIO_setAsPeripheralModuleFunctionOutputPin)
                  00002a30    00000088     Ultrasonic.obj (.text:getHCSR04Distance)
                  00002ab8    00000086     rtsv7M4_T_le_v4SPD16_eabi.lib : fd_cmp_t2.asm.obj (.text:__aeabi_cdcmple)
                  00002b3e    00000086                                   : fd_cmp_t2.asm.obj (.text:__aeabi_cdrcmple)
                  00002bc4    00000080     msp432p4xx_driverlib.lib : interrupt.o (.text:Interrupt_enableInterrupt)
                  00002c44    0000007c     ESP8266.obj (.text:ESP8266_WaitForAnswer)
                  00002cc0    0000007c     msp432p4xx_driverlib.lib : cs.o (.text:_CSGetDOCFrequency)
                  00002d3c    0000007a     rtsv7M4_T_le_v4SPD16_eabi.lib : memset_t2.asm.obj (.text)
                  00002db6    00000002     --HOLE-- [fill = 0]
                  00002db8    00000078     system_msp432p401r.obj (.text:SystemInit)
                  00002e30    00000074     msp432p4xx_driverlib.lib : timer_a.o (.text:Timer_A_generatePWM)
                  00002ea4    00000074     rtsv7M4_T_le_v4SPD16_eabi.lib : fclose.c.obj (.text:__TI_closefile)
                  00002f18    00000070                                   : memory.c.obj (.text:split)
                  00002f88    0000006e                                   : _printfi.c.obj (.text:_mcpy)
                  00002ff6    00000002     --HOLE-- [fill = 0]
                  00002ff8    0000006c                                   : hostrename.c.obj (.text:HOSTrename)
                  00003064    00000068                                   : hostlseek.c.obj (.text:HOSTlseek)
                  000030cc    00000068     msp432p4xx_driverlib.lib : timer_a.o (.text:Timer_A_configureUpMode)
                  00003134    00000068     rtsv7M4_T_le_v4SPD16_eabi.lib : copy_decompress_lzss.c.obj (.text:decompress:lzss:__TI_decompress_lzss)
                  0000319c    00000068                                   : printf.c.obj (.text:printf)
                  00003204    00000064     msp432p4xx_driverlib.lib : uart.o (.text:UART_getEnabledInterruptStatus)
                  00003268    00000064     rtsv7M4_T_le_v4SPD16_eabi.lib : s_frexp.c.obj (.text:frexp)
                  000032cc    00000064                                   : fseek.c.obj (.text:fseek)
                  00003330    00000062     msp432p4xx_driverlib.lib : cs.o (.text:_CSGetDividerValue)
                  00003392    00000062     rtsv7M4_T_le_v4SPD16_eabi.lib : _io_perm.c.obj (.text:__TI_wrt_ok)
                  000033f4    00000060                                   : hostopen.c.obj (.text:HOSTopen)
                  00003454    0000005c                                   : close.c.obj (.text:close)
                  000034b0    00000058     msp432p4xx_driverlib.lib : gpio.o (.text:GPIO_setAsInputPinWithPullDownResistor)
                  00003508    00000058     rtsv7M4_T_le_v4SPD16_eabi.lib : hostread.c.obj (.text:HOSTread)
                  00003560    00000058                                   : hostwrite.c.obj (.text:HOSTwrite)
                  000035b8    00000056                                   : _printfi.c.obj (.text:_pconv_f)
                  0000360e    00000054                                   : _ltoa.c.obj (.text:__TI_ltoa)
                  00003662    00000002     --HOLE-- [fill = 0]
                  00003664    00000054     Ultrasonic.obj (.text:init_ultrasonic)
                  000036b8    00000052     rtsv7M4_T_le_v4SPD16_eabi.lib : _printfi.c.obj (.text:_ecpy)
                  0000370a    00000002     --HOLE-- [fill = 0]
                  0000370c    00000050     ESP8266.obj (.text:ESP8266_Disconnect)
                  0000375c    0000004c     msp432p4xx_driverlib.lib : timer_a.o (.text:Timer_A_getCounterValue)
                  000037a8    0000004c     UART_Driver.obj (.text:UART_Available)
                  000037f4    0000004c     rtsv7M4_T_le_v4SPD16_eabi.lib : fflush.c.obj (.text:__TI_doflush)
                  00003840    0000004c                                   : atoi.c.obj (.text:atoi)
                  0000388c    00000048                                   : exit.c.obj (.text:exit)
                  000038d4    00000048                                   : fd_toi_t2.asm.obj (.text)
                  0000391c    00000044                                   : hostclose.c.obj (.text:HOSTclose)
                  00003960    00000044                                   : hostunlink.c.obj (.text:HOSTunlink)
                  000039a4    00000044                                   : autoinit.c.obj (.text:__TI_auto_init_nobinit_nopinit:__TI_auto_init_nobinit_nopinit)
                  000039e8    00000044                                   : getdevice.c.obj (.text:getdevice)
                  00003a2c    00000044     PWM.obj (.text:init_PWM)
                  00003a70    00000040     msp432p4xx_driverlib.lib : gpio.o (.text:GPIO_setAsOutputPin)
                  00003ab0    00000040     UART_Driver.obj (.text:UART_Write)
                  00003af0    0000003e     rtsv7M4_T_le_v4SPD16_eabi.lib : _printfi.c.obj (.text:_fcpy)
                  00003b2e    00000002     --HOLE-- [fill = 0]
                  00003b30    00000038                                   : trgmsg.c.obj (.text:__TI_writemsg)
                  00003b68    00000038     Ultrasonic.obj (.text:getHCSR04Time)
                  00003ba0    00000038     PWM.obj (.text:slowDown)
                  00003bd8    00000038     PWM.obj (.text:speedUp)
                  00003c10    00000036     rtsv7M4_T_le_v4SPD16_eabi.lib : strncpy.c.obj (.text:strncpy)
                  00003c46    00000002     --HOLE-- [fill = 0]
                  00003c48    00000034     ESP8266.obj (.text:ESP8266_HardReset)
                  00003c7c    00000034     rtsv7M4_T_le_v4SPD16_eabi.lib : fopen.c.obj (.text:__TI_cleanup)
                  00003cb0    00000034                                   : trgmsg.c.obj (.text:__TI_readmsg)
                  00003ce4    00000034                                   : boot_cortex_m.c.obj (.text:_c_int00_noargs:_c_int00_noargs)
                  00003d18    00000034                                   : strstr.c.obj (.text:strstr)
                  00003d4c    00000030     msp432p4xx_driverlib.lib : cs.o (.text:CS_clearInterruptFlag)
                  00003d7c    00000030                              : gpio.o (.text:GPIO_getInputPinValue)
                  00003dac    00000030     rtsv7M4_T_le_v4SPD16_eabi.lib : getdevice.c.obj (.text:finddevice)
                  00003ddc    0000002e                                   : i_tofd_t2.asm.obj (.text)
                  00003e0a    00000002     --HOLE-- [fill = 0]
                  00003e0c    0000002c     msp432p4xx_driverlib.lib : timer_a.o (.text:Timer_A_clearCaptureCompareInterrupt)
                  00003e38    0000002c     rtsv7M4_T_le_v4SPD16_eabi.lib : unlink.c.obj (.text:unlink)
                  00003e64    00000028     msp432p4xx_driverlib.lib : cs.o (.text:CS_getSMCLK)
                  00003e8c    00000028                              : gpio.o (.text:GPIO_setOutputHighOnPin)
                  00003eb4    00000028                              : gpio.o (.text:GPIO_setOutputLowOnPin)
                  00003edc    00000028     rtsv7M4_T_le_v4SPD16_eabi.lib : memory.c.obj (.text:free_list_insert)
                  00003f04    00000028                                   : lseek.c.obj (.text:lseek)
                  00003f2c    00000028                                   : write.c.obj (.text:write)
                  00003f54    00000024     Ultrasonic.obj (.text:Delay)
                  00003f78    00000024     main.obj (.text:Delay)
                  00003f9c    00000022     MSPIO.obj (.text:PrintString)
                  00003fbe    00000020     rtsv7M4_T_le_v4SPD16_eabi.lib : memchr.c.obj (.text:memchr)
                  00003fde    00000002     --HOLE-- [fill = 0]
                  00003fe0    0000001c     Ultrasonic.obj (.text:TA1_0_IRQHandler)
                  00003ffc    0000001c     rtsv7M4_T_le_v4SPD16_eabi.lib : memory.c.obj (.text:free_list_remove)
                  00004018    0000001c                                   : memccpy.c.obj (.text:memccpy)
                  00004034    0000001a                                   : s_copysign.c.obj (.text:copysign)
                  0000404e    00000002     --HOLE-- [fill = 0]
                  00004050    00000018     msp432p4xx_driverlib.lib : timer_a.o (.text:Timer_A_clearTimer)
                  00004068    00000018                              : uart.o (.text:UART_getInterruptStatus)
                  00004080    00000018     rtsv7M4_T_le_v4SPD16_eabi.lib : strcmp.c.obj (.text:strcmp)
                  00004098    00000016     msp432p4xx_driverlib.lib : timer_a.o (.text:Timer_A_startCounter)
                  000040ae    00000016     rtsv7M4_T_le_v4SPD16_eabi.lib : strchr.c.obj (.text:strchr)
                  000040c4    00000014     MSPIO.obj (.text:PrintChar)
                  000040d8    00000014     msp432p4xx_driverlib.lib : timer_a.o (.text:Timer_A_stopTimer)
                  000040ec    00000014     rtsv7M4_T_le_v4SPD16_eabi.lib : strcpy.c.obj (.text:strcpy)
                  00004100    00000014                                   : strlen.c.obj (.text:strlen)
                  00004114    00000012                                   : wcslen.c.obj (.text:wcslen)
                  00004126    0000000e                                   : copy_decompress_none.c.obj (.text:decompress:none:__TI_decompress_none)
                  00004134    0000000c     startup_msp432p401r_ccs.obj (.text:Reset_Handler)
                  00004140    0000000c     rtsv7M4_T_le_v4SPD16_eabi.lib : copy_zero_init.c.obj (.text:decompress:ZI:__TI_zero_init)
                  0000414c    00000008     ESP8266.obj (.text:ESP8266_GetBuffer)
                  00004154    00000008     rtsv7M4_T_le_v4SPD16_eabi.lib : errno.c.obj (.text:__aeabi_errno_addr)
                  0000415c    00000008                                   : memory.c.obj (.text:malloc)
                  00004164    00000004                                   : printf.c.obj (.text:_outc)
                  00004168    00000004                                   : printf.c.obj (.text:_outs)
                  0000416c    00000004                                   : pre_init.c.obj (.text:_system_pre_init)
                  00004170    00000004                                   : exit.c.obj (.text:abort:abort)

.const     0    00004174    00000154     
                  00004174    00000101     rtsv7M4_T_le_v4SPD16_eabi.lib : ctype.c.obj (.const:.string:_ctypes_)
                  00004275    00000003     --HOLE-- [fill = 0]
                  00004278    00000030     msp432p4xx_driverlib.lib : gpio.o (.const:GPIO_PORT_TO_BASE)
                  000042a8    00000018     Ultrasonic.obj (.const:$P$T0$1)
                  000042c0    00000008     msp432p4xx_driverlib.lib : interrupt.o (.const:g_pulEnRegs)

.cinit     0    000042c8    000000a8     
                  000042c8    00000083     (.cinit..data.load) [load image, compression = lzss]
                  0000434b    00000001     --HOLE-- [fill = 0]
                  0000434c    0000000c     (__TI_handler_table)
                  00004358    00000008     (.cinit..bss.load) [load image, compression = zero_init]
                  00004360    00000010     (__TI_cinit_table)

.init_array 
*          0    00000000    00000000     UNINITIALIZED

.binit     0    00000000    00000000     

.bss       0    20000000    000019e4     UNINITIALIZED
                  20000000    00000800     (.common:ESP8266_Buffer)
                  20000800    00000800     (.common:UARTA0Data)
                  20001000    00000800     (.common:UARTA2Data)
                  20001800    00000120     rtsv7M4_T_le_v4SPD16_eabi.lib : trgmsg.c.obj (.bss:_CIOBUF_)
                  20001920    000000a0     (.common:__TI_tmpnams)
                  200019c0    00000008     msp432p4xx_driverlib.lib : cs.o (.bss)
                  200019c8    00000008     (.common:parmbuf)
                  200019d0    00000004     (.common:SR04IntTimes)
                  200019d4    00000004     (.common:UARTA0ReadIndex)
                  200019d8    00000004     (.common:UARTA0WriteIndex)
                  200019dc    00000004     (.common:UARTA2ReadIndex)
                  200019e0    00000004     (.common:UARTA2WriteIndex)

.sysmem    0    200019e8    00000800     UNINITIALIZED
                  200019e8    00000010     rtsv7M4_T_le_v4SPD16_eabi.lib : memory.c.obj (.sysmem)
                  200019f8    000007f0     --HOLE--

.data      0    200021e8    00000268     UNINITIALIZED
                  200021e8    000000f0     rtsv7M4_T_le_v4SPD16_eabi.lib : defs.c.obj (.data:_ftable)
                  200022d8    00000078                                   : host_device.c.obj (.data:_device)
                  20002350    00000050                                   : host_device.c.obj (.data:_stream)
                  200023a0    00000028     UART.obj (.data:UART0Config)
                  200023c8    00000028     UART.obj (.data:UART2Config)
                  200023f0    00000018     PWM.obj (.data:pwm2Config)
                  20002408    00000018     PWM.obj (.data:pwmConfig)
                  20002420    00000010     rtsv7M4_T_le_v4SPD16_eabi.lib : defs.c.obj (.data)
                  20002430    0000000c                                   : exit.c.obj (.data:$O1$$)
                  2000243c    00000008                                   : _lock.c.obj (.data:$O1$$)
                  20002444    00000008                                   : memory.c.obj (.data:$O1$$)
                  2000244c    00000004                                   : errno.c.obj (.data)

.stack     0    2000fe00    00000200     UNINITIALIZED
                  2000fe00    00000004     rtsv7M4_T_le_v4SPD16_eabi.lib : boot_cortex_m.c.obj (.stack)
                  2000fe04    000001fc     --HOLE--

__llvm_prf_cnts 
*          0    20000000    00000000     UNINITIALIZED

MODULE SUMMARY

       Module                        code    ro data   rw data
       ------                        ----    -------   -------
    .\
       UART.obj                      348     0         8384   
       Ultrasonic.obj                340     24        8      
       PWM.obj                       180     0         96     
       main.obj                      208     0         0      
       system_msp432p401r.obj        120     0         0      
    +--+-----------------------------+-------+---------+---------+
       Total:                        1196    24        8488   
                                                              
    .\Devices\
       ESP8266.obj                   408     0         4096   
       MSPIO.obj                     380     0         0      
    +--+-----------------------------+-------+---------+---------+
       Total:                        788     0         4096   
                                                              
    .\Hardware\
       UART_Driver.obj               1100    0         0      
    +--+-----------------------------+-------+---------+---------+
       Total:                        1100    0         0      
                                                              
    .\ccs\
       startup_msp432p401r_ccs.obj   14      228       0      
    +--+-----------------------------+-------+---------+---------+
       Total:                        14      228       0      
                                                              
    C:/ti/simplelink_msp432p4_sdk_3_40_01_02/source/ti/devices/msp432p4xx/driverlib/ccs/msp432p4xx_driverlib.lib
       cs.o                          818     0         16     
       timer_a.o                     730     0         0      
       gpio.o                        416     48        0      
       uart.o                        408     0         0      
       sysctl_a.o                    148     0         0      
       interrupt.o                   128     8         0      
    +--+-----------------------------+-------+---------+---------+
       Total:                        2648    56        16     
                                                              
    C:\ti\ccs1000\ccs\tools\compiler\ti-cgt-arm_20.2.5.LTS\lib\rtsv7M4_T_le_v4SPD16_eabi.lib
       _printfi.c.obj                4851    0         0      
       defs.c.obj                    0       0         832    
       memory.c.obj                  672     0         16     
       trgmsg.c.obj                  108     0         576    
       fd_add_t2.asm.obj             438     0         0      
       host_device.c.obj             0       0         400    
       fd_div_t2.asm.obj             310     0         0      
       fputs.c.obj                   276     0         0      
       s_scalbn.c.obj                272     0         0      
       fd_cmp_t2.asm.obj             268     0         0      
       ctype.c.obj                   0       257       0      
       fd_mul_t2.asm.obj             252     0         0      
       setvbuf.c.obj                 220     0         0      
       memcpy_t2.asm.obj             156     0         0      
       ull_div_t2.asm.obj            150     0         0      
       fputc.c.obj                   140     0         0      
       memset_t2.asm.obj             122     0         0      
       fclose.c.obj                  116     0         0      
       getdevice.c.obj               116     0         0      
       hostopen.c.obj                96      0         16     
       printf.c.obj                  112     0         0      
       hostrename.c.obj              108     0         0      
       copy_decompress_lzss.c.obj    104     0         0      
       hostlseek.c.obj               104     0         0      
       exit.c.obj                    76      0         24     
       fseek.c.obj                   100     0         0      
       s_frexp.c.obj                 100     0         0      
       _io_perm.c.obj                98      0         0      
       close.c.obj                   92      0         0      
       hostread.c.obj                88      0         0      
       hostwrite.c.obj               88      0         0      
       _ltoa.c.obj                   84      0         0      
       atoi.c.obj                    76      0         0      
       fflush.c.obj                  76      0         0      
       fd_toi_t2.asm.obj             72      0         0      
       autoinit.c.obj                68      0         0      
       hostclose.c.obj               68      0         0      
       hostunlink.c.obj              68      0         0      
       strncpy.c.obj                 54      0         0      
       boot_cortex_m.c.obj           52      0         0      
       fopen.c.obj                   52      0         0      
       strstr.c.obj                  52      0         0      
       i_tofd_t2.asm.obj             46      0         0      
       unlink.c.obj                  44      0         0      
       lseek.c.obj                   40      0         0      
       write.c.obj                   40      0         0      
       memchr.c.obj                  32      0         0      
       memccpy.c.obj                 28      0         0      
       s_copysign.c.obj              26      0         0      
       strcmp.c.obj                  24      0         0      
       strchr.c.obj                  22      0         0      
       strcpy.c.obj                  20      0         0      
       strlen.c.obj                  20      0         0      
       _lock.c.obj                   2       0         16     
       wcslen.c.obj                  18      0         0      
       errno.c.obj                   8       0         8      
       copy_decompress_none.c.obj    14      0         0      
       copy_zero_init.c.obj          12      0         0      
       pre_init.c.obj                4       0         0      
       div0.asm.obj                  2       0         0      
    +--+-----------------------------+-------+---------+---------+
       Total:                        10757   257       1888   
                                                              
       Heap:                         0       0         4096   
       Stack:                        0       0         1024   
       Linker Generated:             0       167       0      
    +--+-----------------------------+-------+---------+---------+
       Grand Total:                  16503   732       19608  


LINKER GENERATED COPY TABLES

__TI_cinit_table @ 00004360 records: 2, size/record: 8, table size: 16
	.data: load addr=000042c8, load size=00000083 bytes, run addr=200021e8, run size=00000268 bytes, compression=lzss
	.bss: load addr=00004358, load size=00000008 bytes, run addr=20000000, run size=000019e4 bytes, compression=zero_init


LINKER GENERATED HANDLER TABLE

__TI_handler_table @ 0000434c records: 3, size/record: 4, table size: 12
	index: 0, handler: __TI_decompress_lzss
	index: 1, handler: __TI_decompress_none
	index: 2, handler: __TI_zero_init


GLOBAL SYMBOLS: SORTED ALPHABETICALLY BY Name 

address   name                                       
-------   ----                                       
00000b33  ADC14_IRQHandler                           
00000b33  AES256_IRQHandler                          
00000b33  BusFault_Handler                           
00004171  C$$EXIT                                    
00003b5f  C$$IO$$                                    
00000b33  COMP_E0_IRQHandler                         
00000b33  COMP_E1_IRQHandler                         
00000b33  CS_IRQHandler                              
00003d4d  CS_clearInterruptFlag                      
0000203d  CS_getDCOFrequency                         
00003e65  CS_getSMCLK                                
00000b33  DMA_ERR_IRQHandler                         
00000b33  DMA_INT0_IRQHandler                        
00000b33  DMA_INT1_IRQHandler                        
00000b33  DMA_INT2_IRQHandler                        
00000b33  DMA_INT3_IRQHandler                        
00000b33  DebugMon_Handler                           
00000b33  Default_Handler                            
20000000  ESP8266_Buffer                             
00002775  ESP8266_ConnectToAP                        
0000370d  ESP8266_Disconnect                         
0000414d  ESP8266_GetBuffer                          
00003c49  ESP8266_HardReset                          
00002c45  ESP8266_WaitForAnswer                      
00002511  EUSCIA0_IRQHandler                         
00002511  EUSCIA0_IRQHandler                         
00000b33  EUSCIA1_IRQHandler                         
00002805  EUSCIA2_IRQHandler                         
00002805  EUSCIA2_IRQHandler                         
00000b33  EUSCIA3_IRQHandler                         
00000b33  EUSCIB0_IRQHandler                         
00000b33  EUSCIB1_IRQHandler                         
00000b33  EUSCIB2_IRQHandler                         
00000b33  EUSCIB3_IRQHandler                         
00000b33  FLCTL_IRQHandler                           
00000b33  FPU_IRQHandler                             
00003d7d  GPIO_getInputPinValue                      
000034b1  GPIO_setAsInputPinWithPullDownResistor     
00003a71  GPIO_setAsOutputPin                        
000029a9  GPIO_setAsPeripheralModuleFunctionOutputPin
00003e8d  GPIO_setOutputHighOnPin                    
00003eb5  GPIO_setOutputLowOnPin                     
0000391d  HOSTclose                                  
00003065  HOSTlseek                                  
000033f5  HOSTopen                                   
00003509  HOSTread                                   
00002ff9  HOSTrename                                 
00003961  HOSTunlink                                 
00003561  HOSTwrite                                  
00000b33  HardFault_Handler                          
00002bc5  Interrupt_enableInterrupt                  
000022f5  MSPrintf                                   
00000b33  MemManage_Handler                          
00000b33  NMI_Handler                                
00000b33  PCM_IRQHandler                             
00000b33  PORT1_IRQHandler                           
00000b33  PORT2_IRQHandler                           
00000b33  PORT3_IRQHandler                           
00000b33  PORT4_IRQHandler                           
00000b33  PORT5_IRQHandler                           
00000b33  PORT6_IRQHandler                           
00000b33  PSS_IRQHandler                             
00000b33  PendSV_Handler                             
000040c5  PrintChar                                  
00002891  PrintInteger                               
00003f9d  PrintString                                
00000b33  RTC_C_IRQHandler                           
00004135  Reset_Handler                              
200019d0  SR04IntTimes                               
00000b33  SVC_Handler                                
000026e1  SysCtl_A_getTLVInfo                        
00000b33  SysTick_Handler                            
00002db9  SystemInit                                 
00000b33  T32_INT1_IRQHandler                        
00000b33  T32_INT2_IRQHandler                        
00000b33  T32_INTC_IRQHandler                        
00000b33  TA0_0_IRQHandler                           
00000b33  TA0_N_IRQHandler                           
00003fe1  TA1_0_IRQHandler                           
00003fe1  TA1_0_IRQHandler                           
00000b33  TA1_N_IRQHandler                           
00000b33  TA2_0_IRQHandler                           
00000b33  TA2_N_IRQHandler                           
00000b33  TA3_0_IRQHandler                           
00000b33  TA3_N_IRQHandler                           
00003e0d  Timer_A_clearCaptureCompareInterrupt       
00004051  Timer_A_clearTimer                         
000030cd  Timer_A_configureUpMode                    
00002e31  Timer_A_generatePWM                        
0000375d  Timer_A_getCounterValue                    
00004099  Timer_A_startCounter                       
000040d9  Timer_A_stopTimer                          
200023a0  UART0Config                                
200023c8  UART2Config                                
20000800  UARTA0Data                                 
200019d4  UARTA0ReadIndex                            
200019d8  UARTA0WriteIndex                           
20001000  UARTA2Data                                 
200019dc  UARTA2ReadIndex                            
200019e0  UARTA2WriteIndex                           
000037a9  UART_Available                             
00001289  UART_Printf                                
00001525  UART_Read                                  
00003ab1  UART_Write                                 
00003205  UART_getEnabledInterruptStatus             
00004069  UART_getInterruptStatus                    
000019fd  UART_initModule                            
00000b33  UsageFault_Handler                         
4000480c  WDTCTL_SYM                                 
00000b33  WDT_A_IRQHandler                           
20001800  __CIOBUF_                                  
20010000  __STACK_END                                
00000200  __STACK_SIZE                               
00000800  __SYSMEM_SIZE                              
00004360  __TI_CINIT_Base                            
00004370  __TI_CINIT_Limit                           
0000434c  __TI_Handler_Table_Base                    
00004358  __TI_Handler_Table_Limit                   
000039a5  __TI_auto_init_nobinit_nopinit             
00003c7d  __TI_cleanup                               
20002430  __TI_cleanup_ptr                           
00002ea5  __TI_closefile                             
00003135  __TI_decompress_lzss                       
00004127  __TI_decompress_none                       
000037f5  __TI_doflush                               
20002434  __TI_dtors_ptr                             
20002438  __TI_enable_exit_profile_output            
20002420  __TI_ft_end                                
0000360f  __TI_ltoa                                  
ffffffff  __TI_pprof_out_hndl                        
000000e5  __TI_printfi                               
ffffffff  __TI_prof_data_size                        
ffffffff  __TI_prof_data_start                       
00003cb1  __TI_readmsg                               
00000000  __TI_static_base__                         
20001920  __TI_tmpnams                               
00003b31  __TI_writemsg                              
00003393  __TI_wrt_ok                                
00004141  __TI_zero_init                             
00002ab9  __aeabi_cdcmpeq                            
00002ab9  __aeabi_cdcmple                            
00002b3f  __aeabi_cdrcmple                           
000038d5  __aeabi_d2iz                               
00000f7f  __aeabi_dadd                               
000017a1  __aeabi_ddiv                               
00001f41  __aeabi_dmul                               
00000f75  __aeabi_dsub                               
00004155  __aeabi_errno_addr                         
00003ddd  __aeabi_i2d                                
000018d7  __aeabi_idiv0                              
000018d7  __aeabi_ldiv0                              
00002d3d  __aeabi_memclr                             
00002d3d  __aeabi_memclr4                            
00002d3d  __aeabi_memclr8                            
000025ad  __aeabi_memcpy                             
000025ad  __aeabi_memcpy4                            
000025ad  __aeabi_memcpy8                            
00002d3f  __aeabi_memset                             
00002d3f  __aeabi_memset4                            
00002d3f  __aeabi_memset8                            
2000242c  __aeabi_stderr                             
20002424  __aeabi_stdin                              
20002428  __aeabi_stdout                             
00002649  __aeabi_uldivmod                           
ffffffff  __binit__                                  
ffffffff  __c_args__                                 
UNDEFED   __mpu_init                                 
2000fe00  __stack                                    
20000000  __start___llvm_prf_cnts                    
20000000  __stop___llvm_prf_cnts                     
00003ce5  _c_int00_noargs                            
00004174  _ctypes_                                   
200022d8  _device                                    
200021e8  _ftable                                    
2000243c  _lock                                      
0000112b  _nop                                       
20002350  _stream                                    
200019e8  _sys_memory                                
UNDEFED   _system_post_cinit                         
0000416d  _system_pre_init                           
20002440  _unlock                                    
00004171  abort                                      
00001e41  aligned_alloc                              
00003841  atoi                                       
ffffffff  binit                                      
00003455  close                                      
00004035  copysign                                   
00004035  copysignl                                  
2000244c  errno                                      
0000388d  exit                                       
00003dad  finddevice                                 
0000291d  fputc                                      
00001b19  fputs                                      
00002135  free                                       
00003269  frexp                                      
00003269  frexpl                                     
000032cd  fseek                                      
00002a31  getHCSR04Distance                          
000039e9  getdevice                                  
00003a2d  init_PWM                                   
0000112d  init_UART                                  
00003665  init_ultrasonic                            
00000000  interruptVectors                           
00001c2d  ldexp                                      
00001c2d  ldexpl                                     
00003f05  lseek                                      
00002465  main                                       
0000415d  malloc                                     
00001e41  memalign                                   
00004019  memccpy                                    
00003fbf  memchr                                     
000025ad  memcpy                                     
00002d45  memset                                     
200019c8  parmbuf                                    
0000319d  printf                                     
0000291d  putc                                       
200023f0  pwm2Config                                 
20002408  pwmConfig                                  
00003e39  remove                                     
00001c2d  scalbn                                     
00001c2d  scalbnl                                    
00002219  setvbuf                                    
00003ba1  slowDown                                   
00003bd9  speedUp                                    
000040af  strchr                                     
00004081  strcmp                                     
000040ed  strcpy                                     
00004101  strlen                                     
00003c11  strncpy                                    
00003d19  strstr                                     
00003e39  unlink                                     
00004115  wcslen                                     
00003f2d  write                                      


GLOBAL SYMBOLS: SORTED BY Symbol Address 

address   name                                       
-------   ----                                       
00000000  __TI_static_base__                         
00000000  interruptVectors                           
000000e5  __TI_printfi                               
00000200  __STACK_SIZE                               
00000800  __SYSMEM_SIZE                              
00000b33  ADC14_IRQHandler                           
00000b33  AES256_IRQHandler                          
00000b33  BusFault_Handler                           
00000b33  COMP_E0_IRQHandler                         
00000b33  COMP_E1_IRQHandler                         
00000b33  CS_IRQHandler                              
00000b33  DMA_ERR_IRQHandler                         
00000b33  DMA_INT0_IRQHandler                        
00000b33  DMA_INT1_IRQHandler                        
00000b33  DMA_INT2_IRQHandler                        
00000b33  DMA_INT3_IRQHandler                        
00000b33  DebugMon_Handler                           
00000b33  Default_Handler                            
00000b33  EUSCIA1_IRQHandler                         
00000b33  EUSCIA3_IRQHandler                         
00000b33  EUSCIB0_IRQHandler                         
00000b33  EUSCIB1_IRQHandler                         
00000b33  EUSCIB2_IRQHandler                         
00000b33  EUSCIB3_IRQHandler                         
00000b33  FLCTL_IRQHandler                           
00000b33  FPU_IRQHandler                             
00000b33  HardFault_Handler                          
00000b33  MemManage_Handler                          
00000b33  NMI_Handler                                
00000b33  PCM_IRQHandler                             
00000b33  PORT1_IRQHandler                           
00000b33  PORT2_IRQHandler                           
00000b33  PORT3_IRQHandler                           
00000b33  PORT4_IRQHandler                           
00000b33  PORT5_IRQHandler                           
00000b33  PORT6_IRQHandler                           
00000b33  PSS_IRQHandler                             
00000b33  PendSV_Handler                             
00000b33  RTC_C_IRQHandler                           
00000b33  SVC_Handler                                
00000b33  SysTick_Handler                            
00000b33  T32_INT1_IRQHandler                        
00000b33  T32_INT2_IRQHandler                        
00000b33  T32_INTC_IRQHandler                        
00000b33  TA0_0_IRQHandler                           
00000b33  TA0_N_IRQHandler                           
00000b33  TA1_N_IRQHandler                           
00000b33  TA2_0_IRQHandler                           
00000b33  TA2_N_IRQHandler                           
00000b33  TA3_0_IRQHandler                           
00000b33  TA3_N_IRQHandler                           
00000b33  UsageFault_Handler                         
00000b33  WDT_A_IRQHandler                           
00000f75  __aeabi_dsub                               
00000f7f  __aeabi_dadd                               
0000112b  _nop                                       
0000112d  init_UART                                  
00001289  UART_Printf                                
00001525  UART_Read                                  
000017a1  __aeabi_ddiv                               
000018d7  __aeabi_idiv0                              
000018d7  __aeabi_ldiv0                              
000019fd  UART_initModule                            
00001b19  fputs                                      
00001c2d  ldexp                                      
00001c2d  ldexpl                                     
00001c2d  scalbn                                     
00001c2d  scalbnl                                    
00001e41  aligned_alloc                              
00001e41  memalign                                   
00001f41  __aeabi_dmul                               
0000203d  CS_getDCOFrequency                         
00002135  free                                       
00002219  setvbuf                                    
000022f5  MSPrintf                                   
00002465  main                                       
00002511  EUSCIA0_IRQHandler                         
00002511  EUSCIA0_IRQHandler                         
000025ad  __aeabi_memcpy                             
000025ad  __aeabi_memcpy4                            
000025ad  __aeabi_memcpy8                            
000025ad  memcpy                                     
00002649  __aeabi_uldivmod                           
000026e1  SysCtl_A_getTLVInfo                        
00002775  ESP8266_ConnectToAP                        
00002805  EUSCIA2_IRQHandler                         
00002805  EUSCIA2_IRQHandler                         
00002891  PrintInteger                               
0000291d  fputc                                      
0000291d  putc                                       
000029a9  GPIO_setAsPeripheralModuleFunctionOutputPin
00002a31  getHCSR04Distance                          
00002ab9  __aeabi_cdcmpeq                            
00002ab9  __aeabi_cdcmple                            
00002b3f  __aeabi_cdrcmple                           
00002bc5  Interrupt_enableInterrupt                  
00002c45  ESP8266_WaitForAnswer                      
00002d3d  __aeabi_memclr                             
00002d3d  __aeabi_memclr4                            
00002d3d  __aeabi_memclr8                            
00002d3f  __aeabi_memset                             
00002d3f  __aeabi_memset4                            
00002d3f  __aeabi_memset8                            
00002d45  memset                                     
00002db9  SystemInit                                 
00002e31  Timer_A_generatePWM                        
00002ea5  __TI_closefile                             
00002ff9  HOSTrename                                 
00003065  HOSTlseek                                  
000030cd  Timer_A_configureUpMode                    
00003135  __TI_decompress_lzss                       
0000319d  printf                                     
00003205  UART_getEnabledInterruptStatus             
00003269  frexp                                      
00003269  frexpl                                     
000032cd  fseek                                      
00003393  __TI_wrt_ok                                
000033f5  HOSTopen                                   
00003455  close                                      
000034b1  GPIO_setAsInputPinWithPullDownResistor     
00003509  HOSTread                                   
00003561  HOSTwrite                                  
0000360f  __TI_ltoa                                  
00003665  init_ultrasonic                            
0000370d  ESP8266_Disconnect                         
0000375d  Timer_A_getCounterValue                    
000037a9  UART_Available                             
000037f5  __TI_doflush                               
00003841  atoi                                       
0000388d  exit                                       
000038d5  __aeabi_d2iz                               
0000391d  HOSTclose                                  
00003961  HOSTunlink                                 
000039a5  __TI_auto_init_nobinit_nopinit             
000039e9  getdevice                                  
00003a2d  init_PWM                                   
00003a71  GPIO_setAsOutputPin                        
00003ab1  UART_Write                                 
00003b31  __TI_writemsg                              
00003b5f  C$$IO$$                                    
00003ba1  slowDown                                   
00003bd9  speedUp                                    
00003c11  strncpy                                    
00003c49  ESP8266_HardReset                          
00003c7d  __TI_cleanup                               
00003cb1  __TI_readmsg                               
00003ce5  _c_int00_noargs                            
00003d19  strstr                                     
00003d4d  CS_clearInterruptFlag                      
00003d7d  GPIO_getInputPinValue                      
00003dad  finddevice                                 
00003ddd  __aeabi_i2d                                
00003e0d  Timer_A_clearCaptureCompareInterrupt       
00003e39  remove                                     
00003e39  unlink                                     
00003e65  CS_getSMCLK                                
00003e8d  GPIO_setOutputHighOnPin                    
00003eb5  GPIO_setOutputLowOnPin                     
00003f05  lseek                                      
00003f2d  write                                      
00003f9d  PrintString                                
00003fbf  memchr                                     
00003fe1  TA1_0_IRQHandler                           
00003fe1  TA1_0_IRQHandler                           
00004019  memccpy                                    
00004035  copysign                                   
00004035  copysignl                                  
00004051  Timer_A_clearTimer                         
00004069  UART_getInterruptStatus                    
00004081  strcmp                                     
00004099  Timer_A_startCounter                       
000040af  strchr                                     
000040c5  PrintChar                                  
000040d9  Timer_A_stopTimer                          
000040ed  strcpy                                     
00004101  strlen                                     
00004115  wcslen                                     
00004127  __TI_decompress_none                       
00004135  Reset_Handler                              
00004141  __TI_zero_init                             
0000414d  ESP8266_GetBuffer                          
00004155  __aeabi_errno_addr                         
0000415d  malloc                                     
0000416d  _system_pre_init                           
00004171  C$$EXIT                                    
00004171  abort                                      
00004174  _ctypes_                                   
0000434c  __TI_Handler_Table_Base                    
00004358  __TI_Handler_Table_Limit                   
00004360  __TI_CINIT_Base                            
00004370  __TI_CINIT_Limit                           
20000000  ESP8266_Buffer                             
20000000  __start___llvm_prf_cnts                    
20000000  __stop___llvm_prf_cnts                     
20000800  UARTA0Data                                 
20001000  UARTA2Data                                 
20001800  __CIOBUF_                                  
20001920  __TI_tmpnams                               
200019c8  parmbuf                                    
200019d0  SR04IntTimes                               
200019d4  UARTA0ReadIndex                            
200019d8  UARTA0WriteIndex                           
200019dc  UARTA2ReadIndex                            
200019e0  UARTA2WriteIndex                           
200019e8  _sys_memory                                
200021e8  _ftable                                    
200022d8  _device                                    
20002350  _stream                                    
200023a0  UART0Config                                
200023c8  UART2Config                                
200023f0  pwm2Config                                 
20002408  pwmConfig                                  
20002420  __TI_ft_end                                
20002424  __aeabi_stdin                              
20002428  __aeabi_stdout                             
2000242c  __aeabi_stderr                             
20002430  __TI_cleanup_ptr                           
20002434  __TI_dtors_ptr                             
20002438  __TI_enable_exit_profile_output            
2000243c  _lock                                      
20002440  _unlock                                    
2000244c  errno                                      
2000fe00  __stack                                    
20010000  __STACK_END                                
4000480c  WDTCTL_SYM                                 
ffffffff  __TI_pprof_out_hndl                        
ffffffff  __TI_prof_data_size                        
ffffffff  __TI_prof_data_start                       
ffffffff  __binit__                                  
ffffffff  __c_args__                                 
ffffffff  binit                                      
UNDEFED   __mpu_init                                 
UNDEFED   _system_post_cinit                         

[233 symbols]
