******************************************************************************
                  TI ARM Linker PC v20.2.5                     
******************************************************************************
>> Linked Wed Nov 17 02:13:13 2021

OUTPUT FILE NAME:   <IRAcer.out>
ENTRY POINT SYMBOL: "_c_int00_noargs"  address: 00003f05


MEMORY CONFIGURATION

         name            origin    length      used     unused   attr    fill
----------------------  --------  ---------  --------  --------  ----  --------
  MAIN                  00000000   00040000  00004594  0003ba6c  R  X
  INFO                  00200000   00004000  00000000  00004000  R  X
  SRAM_CODE             01000000   00010000  0000264c  0000d9b4  RW X
  SRAM_DATA             20000000   00010000  0000264c  0000d9b4  RW  


SEGMENT ALLOCATION MAP

run origin  load origin   length   init length attrs members
----------  ----------- ---------- ----------- ----- -------
00000000    00000000    00004598   00004598    r-x
  00000000    00000000    000000e4   000000e4    r-- .intvecs
  000000e4    000000e4    000042ac   000042ac    r-x .text
  00004390    00004390    00000154   00000154    r-- .const
  000044e8    000044e8    000000b0   000000b0    r-- .cinit
20000000    20000000    00002450   00000000    rw-
  20000000    20000000    000019e4   00000000    rw- .bss
  200019e8    200019e8    00000800   00000000    rw- .sysmem
  200021e8    200021e8    00000268   00000000    rw- .data
2000fe00    2000fe00    00000200   00000000    rw-
  2000fe00    2000fe00    00000200   00000000    rw- .stack


SECTION ALLOCATION MAP

 output                                  attributes/
section   page    origin      length       input sections
--------  ----  ----------  ----------   ----------------
.intvecs   0    00000000    000000e4     
                  00000000    000000e4     startup_msp432p401r_ccs.obj (.intvecs:retain)

.text      0    000000e4    000042ac     
                  000000e4    00000a4e     rtsv7M4_T_le_v4SPD16_eabi.lib : _printfi.c.obj (.text:__TI_printfi)
                  00000b32    00000002     startup_msp432p401r_ccs.obj (.text:Default_Handler)
                  00000b34    00000270     rtsv7M4_T_le_v4SPD16_eabi.lib : _printfi.c.obj (.text:_pconv_a)
                  00000da4    000001d0                                   : _printfi.c.obj (.text:_pconv_g)
                  00000f74    000001b6                                   : fd_add_t2.asm.obj (.text)
                  0000112a    00000002                                   : _lock.c.obj (.text:_nop)
                  0000112c    0000015c     msp432p4xx_driverlib.lib : pcm.o (.text:__PCM_setPowerModeAdvanced)
                  00001288    00000158     UART_Driver.obj (.text:UART_Printf)
                  000013e0    00000144     msp432p4xx_driverlib.lib : timer_a.o (.text:privateTimer_AProcessClockSourceDivider)
                  00001524    00000140     UART_Driver.obj (.text:UART_Read)
                  00001664    0000013c     rtsv7M4_T_le_v4SPD16_eabi.lib : _printfi.c.obj (.text:_pconv_e)
                  000017a0    00000136                                   : fd_div_t2.asm.obj (.text)
                  000018d6    00000002                                   : div0.asm.obj (.text)
                  000018d8    00000124                                   : _printfi.c.obj (.text:fcvt)
                  000019fc    0000011c     msp432p4xx_driverlib.lib : uart.o (.text:UART_initModule)
                  00001b18    00000114     rtsv7M4_T_le_v4SPD16_eabi.lib : fputs.c.obj (.text:fputs)
                  00001c2c    00000110                                   : s_scalbn.c.obj (.text:scalbn)
                  00001d3c    00000108     msp432p4xx_driverlib.lib : pcm.o (.text:__PCM_setCoreVoltageLevelAdvanced)
                  00001e44    00000108     UART.obj (.text:init_UART)
                  00001f4c    00000104     msp432p4xx_driverlib.lib : cs.o (.text:_CSComputeCLKFrequency)
                  00002050    00000100     rtsv7M4_T_le_v4SPD16_eabi.lib : memory.c.obj (.text:aligned_alloc)
                  00002150    000000fc                                   : fd_mul_t2.asm.obj (.text)
                  0000224c    000000f8     msp432p4xx_driverlib.lib : cs.o (.text:CS_getDCOFrequency)
                  00002344    000000e4     rtsv7M4_T_le_v4SPD16_eabi.lib : memory.c.obj (.text:free)
                  00002428    000000dc                                   : setvbuf.c.obj (.text:setvbuf)
                  00002504    000000b1                                   : _printfi.c.obj (.text:_ltostr)
                  000025b5    00000001     --HOLE-- [fill = 0]
                  000025b6    000000a8     UART_Driver.obj (.text:UART_Gets)
                  0000265e    00000002     --HOLE-- [fill = 0]
                  00002660    000000a4     main.obj (.text:main)
                  00002704    0000009c     UART_Driver.obj (.text:EUSCIA0_IRQHandler)
                  000027a0    0000009c     rtsv7M4_T_le_v4SPD16_eabi.lib : memcpy_t2.asm.obj (.text)
                  0000283c    00000096                                   : ull_div_t2.asm.obj (.text)
                  000028d2    00000002     --HOLE-- [fill = 0]
                  000028d4    00000094     msp432p4xx_driverlib.lib : sysctl_a.o (.text:SysCtl_A_getTLVInfo)
                  00002968    0000008c     UART_Driver.obj (.text:EUSCIA2_IRQHandler)
                  000029f4    0000008c     rtsv7M4_T_le_v4SPD16_eabi.lib : fputc.c.obj (.text:fputc)
                  00002a80    00000088     msp432p4xx_driverlib.lib : gpio.o (.text:GPIO_setAsPeripheralModuleFunctionOutputPin)
                  00002b08    00000088     Ultrasonic.obj (.text:getHCSR04Distance)
                  00002b90    00000086     rtsv7M4_T_le_v4SPD16_eabi.lib : fd_cmp_t2.asm.obj (.text:__aeabi_cdcmple)
                  00002c16    00000086                                   : fd_cmp_t2.asm.obj (.text:__aeabi_cdrcmple)
                  00002c9c    00000080     ESP8266.obj (.text:ESP8266_Terminal)
                  00002d1c    00000080     msp432p4xx_driverlib.lib : interrupt.o (.text:Interrupt_enableInterrupt)
                  00002d9c    0000007c     ESP8266.obj (.text:ESP8266_WaitForAnswer)
                  00002e18    0000007c     msp432p4xx_driverlib.lib : cs.o (.text:_CSGetDOCFrequency)
                  00002e94    0000007a     rtsv7M4_T_le_v4SPD16_eabi.lib : memset_t2.asm.obj (.text)
                  00002f0e    00000002     --HOLE-- [fill = 0]
                  00002f10    00000078     system_msp432p401r.obj (.text:SystemInit)
                  00002f88    00000074     msp432p4xx_driverlib.lib : timer_a.o (.text:Timer_A_generatePWM)
                  00002ffc    00000074     rtsv7M4_T_le_v4SPD16_eabi.lib : fclose.c.obj (.text:__TI_closefile)
                  00003070    00000070                                   : memory.c.obj (.text:split)
                  000030e0    0000006e                                   : _printfi.c.obj (.text:_mcpy)
                  0000314e    00000002     --HOLE-- [fill = 0]
                  00003150    0000006c                                   : hostrename.c.obj (.text:HOSTrename)
                  000031bc    00000068                                   : hostlseek.c.obj (.text:HOSTlseek)
                  00003224    00000068     msp432p4xx_driverlib.lib : timer_a.o (.text:Timer_A_configureUpMode)
                  0000328c    00000068     rtsv7M4_T_le_v4SPD16_eabi.lib : copy_decompress_lzss.c.obj (.text:decompress:lzss:__TI_decompress_lzss)
                  000032f4    00000068                                   : printf.c.obj (.text:printf)
                  0000335c    00000064     msp432p4xx_driverlib.lib : uart.o (.text:UART_getEnabledInterruptStatus)
                  000033c0    00000064     rtsv7M4_T_le_v4SPD16_eabi.lib : s_frexp.c.obj (.text:frexp)
                  00003424    00000064                                   : fseek.c.obj (.text:fseek)
                  00003488    00000062     msp432p4xx_driverlib.lib : cs.o (.text:_CSGetDividerValue)
                  000034ea    00000062     rtsv7M4_T_le_v4SPD16_eabi.lib : _io_perm.c.obj (.text:__TI_wrt_ok)
                  0000354c    00000060                                   : hostopen.c.obj (.text:HOSTopen)
                  000035ac    0000005e     msp432p4xx_driverlib.lib : pcm.o (.text:PCM_getCoreVoltageLevel)
                  0000360a    00000002     --HOLE-- [fill = 0]
                  0000360c    0000005c     rtsv7M4_T_le_v4SPD16_eabi.lib : close.c.obj (.text:close)
                  00003668    0000005a     msp432p4xx_driverlib.lib : pcm.o (.text:PCM_getPowerMode)
                  000036c2    00000002     --HOLE-- [fill = 0]
                  000036c4    00000058                              : gpio.o (.text:GPIO_setAsInputPinWithPullDownResistor)
                  0000371c    00000058     rtsv7M4_T_le_v4SPD16_eabi.lib : hostread.c.obj (.text:HOSTread)
                  00003774    00000058                                   : hostwrite.c.obj (.text:HOSTwrite)
                  000037cc    00000056                                   : _printfi.c.obj (.text:_pconv_f)
                  00003822    00000054                                   : _ltoa.c.obj (.text:__TI_ltoa)
                  00003876    00000002     --HOLE-- [fill = 0]
                  00003878    00000054     Ultrasonic.obj (.text:init_ultrasonic)
                  000038cc    00000052     rtsv7M4_T_le_v4SPD16_eabi.lib : _printfi.c.obj (.text:_ecpy)
                  0000391e    00000002     --HOLE-- [fill = 0]
                  00003920    00000050     ESP8266.obj (.text:ESP8266_Disconnect)
                  00003970    0000004c     msp432p4xx_driverlib.lib : timer_a.o (.text:Timer_A_getCounterValue)
                  000039bc    0000004c     UART_Driver.obj (.text:UART_Available)
                  00003a08    0000004c     rtsv7M4_T_le_v4SPD16_eabi.lib : fflush.c.obj (.text:__TI_doflush)
                  00003a54    0000004c                                   : atoi.c.obj (.text:atoi)
                  00003aa0    00000048     msp432p4xx_driverlib.lib : flash.o (.text:FlashCtl_setWaitState)
                  00003ae8    00000048     rtsv7M4_T_le_v4SPD16_eabi.lib : exit.c.obj (.text:exit)
                  00003b30    00000048                                   : fd_toi_t2.asm.obj (.text)
                  00003b78    00000044                                   : hostclose.c.obj (.text:HOSTclose)
                  00003bbc    00000044                                   : hostunlink.c.obj (.text:HOSTunlink)
                  00003c00    00000044                                   : autoinit.c.obj (.text:__TI_auto_init_nobinit_nopinit:__TI_auto_init_nobinit_nopinit)
                  00003c44    00000044                                   : getdevice.c.obj (.text:getdevice)
                  00003c88    00000044     PWM.obj (.text:init_PWM)
                  00003ccc    00000040     msp432p4xx_driverlib.lib : gpio.o (.text:GPIO_setAsOutputPin)
                  00003d0c    00000040     UART_Driver.obj (.text:UART_Write)
                  00003d4c    0000003e     rtsv7M4_T_le_v4SPD16_eabi.lib : _printfi.c.obj (.text:_fcpy)
                  00003d8a    00000002     --HOLE-- [fill = 0]
                  00003d8c    00000038                                   : trgmsg.c.obj (.text:__TI_writemsg)
                  00003dc4    00000038     Ultrasonic.obj (.text:getHCSR04Time)
                  00003dfc    00000036     rtsv7M4_T_le_v4SPD16_eabi.lib : strncpy.c.obj (.text:strncpy)
                  00003e32    00000002     --HOLE-- [fill = 0]
                  00003e34    00000034     msp432p4xx_driverlib.lib : cs.o (.text:CS_setDCOCenteredFrequency)
                  00003e68    00000034     ESP8266.obj (.text:ESP8266_HardReset)
                  00003e9c    00000034     rtsv7M4_T_le_v4SPD16_eabi.lib : fopen.c.obj (.text:__TI_cleanup)
                  00003ed0    00000034                                   : trgmsg.c.obj (.text:__TI_readmsg)
                  00003f04    00000034                                   : boot_cortex_m.c.obj (.text:_c_int00_noargs:_c_int00_noargs)
                  00003f38    00000034                                   : strstr.c.obj (.text:strstr)
                  00003f6c    00000030     msp432p4xx_driverlib.lib : cs.o (.text:CS_clearInterruptFlag)
                  00003f9c    00000030                              : gpio.o (.text:GPIO_getInputPinValue)
                  00003fcc    00000030     rtsv7M4_T_le_v4SPD16_eabi.lib : getdevice.c.obj (.text:finddevice)
                  00003ffc    0000002e                                   : i_tofd_t2.asm.obj (.text)
                  0000402a    00000002     --HOLE-- [fill = 0]
                  0000402c    0000002c     msp432p4xx_driverlib.lib : timer_a.o (.text:Timer_A_clearCaptureCompareInterrupt)
                  00004058    0000002c     rtsv7M4_T_le_v4SPD16_eabi.lib : unlink.c.obj (.text:unlink)
                  00004084    00000028     msp432p4xx_driverlib.lib : cs.o (.text:CS_getSMCLK)
                  000040ac    00000028                              : gpio.o (.text:GPIO_setOutputHighOnPin)
                  000040d4    00000028                              : gpio.o (.text:GPIO_setOutputLowOnPin)
                  000040fc    00000028     rtsv7M4_T_le_v4SPD16_eabi.lib : memory.c.obj (.text:free_list_insert)
                  00004124    00000028                                   : lseek.c.obj (.text:lseek)
                  0000414c    00000028                                   : write.c.obj (.text:write)
                  00004174    00000024     Ultrasonic.obj (.text:Delay)
                  00004198    00000024     main.obj (.text:Delay)
                  000041bc    00000020     rtsv7M4_T_le_v4SPD16_eabi.lib : memchr.c.obj (.text:memchr)
                  000041dc    0000001c     Ultrasonic.obj (.text:TA1_0_IRQHandler)
                  000041f8    0000001c     rtsv7M4_T_le_v4SPD16_eabi.lib : memory.c.obj (.text:free_list_remove)
                  00004214    0000001c                                   : memccpy.c.obj (.text:memccpy)
                  00004230    0000001a                                   : s_copysign.c.obj (.text:copysign)
                  0000424a    00000002     --HOLE-- [fill = 0]
                  0000424c    00000018     msp432p4xx_driverlib.lib : timer_a.o (.text:Timer_A_clearTimer)
                  00004264    00000018                              : uart.o (.text:UART_getInterruptStatus)
                  0000427c    00000018     rtsv7M4_T_le_v4SPD16_eabi.lib : strcmp.c.obj (.text:strcmp)
                  00004294    00000016     msp432p4xx_driverlib.lib : timer_a.o (.text:Timer_A_startCounter)
                  000042aa    00000016     rtsv7M4_T_le_v4SPD16_eabi.lib : strchr.c.obj (.text:strchr)
                  000042c0    00000014     msp432p4xx_driverlib.lib : pcm.o (.text:PCM_getPowerState)
                  000042d4    00000014                              : timer_a.o (.text:Timer_A_stopTimer)
                  000042e8    00000014     rtsv7M4_T_le_v4SPD16_eabi.lib : strcpy.c.obj (.text:strcpy)
                  000042fc    00000014                                   : strlen.c.obj (.text:strlen)
                  00004310    00000012                                   : wcslen.c.obj (.text:wcslen)
                  00004322    00000010     msp432p4xx_driverlib.lib : pcm.o (.text:PCM_setCoreVoltageLevel)
                  00004332    00000010                              : pcm.o (.text:PCM_setPowerMode)
                  00004342    0000000e     rtsv7M4_T_le_v4SPD16_eabi.lib : copy_decompress_none.c.obj (.text:decompress:none:__TI_decompress_none)
                  00004350    0000000c     startup_msp432p401r_ccs.obj (.text:Reset_Handler)
                  0000435c    0000000c     rtsv7M4_T_le_v4SPD16_eabi.lib : copy_zero_init.c.obj (.text:decompress:ZI:__TI_zero_init)
                  00004368    00000008     ESP8266.obj (.text:ESP8266_GetBuffer)
                  00004370    00000008     rtsv7M4_T_le_v4SPD16_eabi.lib : errno.c.obj (.text:__aeabi_errno_addr)
                  00004378    00000008                                   : memory.c.obj (.text:malloc)
                  00004380    00000004                                   : printf.c.obj (.text:_outc)
                  00004384    00000004                                   : printf.c.obj (.text:_outs)
                  00004388    00000004                                   : pre_init.c.obj (.text:_system_pre_init)
                  0000438c    00000004                                   : exit.c.obj (.text:abort:abort)

.const     0    00004390    00000154     
                  00004390    00000101     rtsv7M4_T_le_v4SPD16_eabi.lib : ctype.c.obj (.const:.string:_ctypes_)
                  00004491    00000003     --HOLE-- [fill = 0]
                  00004494    00000030     msp432p4xx_driverlib.lib : gpio.o (.const:GPIO_PORT_TO_BASE)
                  000044c4    00000018     Ultrasonic.obj (.const:$P$T0$1)
                  000044dc    00000008     msp432p4xx_driverlib.lib : interrupt.o (.const:g_pulEnRegs)

.cinit     0    000044e8    000000b0     
                  000044e8    0000008a     (.cinit..data.load) [load image, compression = lzss]
                  00004572    00000002     --HOLE-- [fill = 0]
                  00004574    0000000c     (__TI_handler_table)
                  00004580    00000008     (.cinit..bss.load) [load image, compression = zero_init]
                  00004588    00000010     (__TI_cinit_table)

.init_array 
*          0    00000000    00000000     UNINITIALIZED

.binit     0    00000000    00000000     

.bss       0    20000000    000019e4     UNINITIALIZED
                  20000000    00000800     (.common:ESP8266_Buffer)
                  20000800    00000800     (.common:UARTA0Data)
                  20001000    00000800     (.common:UARTA2Data)
                  20001800    00000120     rtsv7M4_T_le_v4SPD16_eabi.lib : trgmsg.c.obj (.bss:_CIOBUF_)
                  20001920    000000a0     (.common:__TI_tmpnams)
                  200019c0    00000008     msp432p4xx_driverlib.lib : cs.o (.bss)
                  200019c8    00000008     (.common:parmbuf)
                  200019d0    00000004     (.common:SR04IntTimes)
                  200019d4    00000004     (.common:UARTA0ReadIndex)
                  200019d8    00000004     (.common:UARTA0WriteIndex)
                  200019dc    00000004     (.common:UARTA2ReadIndex)
                  200019e0    00000004     (.common:UARTA2WriteIndex)

.sysmem    0    200019e8    00000800     UNINITIALIZED
                  200019e8    00000010     rtsv7M4_T_le_v4SPD16_eabi.lib : memory.c.obj (.sysmem)
                  200019f8    000007f0     --HOLE--

.data      0    200021e8    00000268     UNINITIALIZED
                  200021e8    000000f0     rtsv7M4_T_le_v4SPD16_eabi.lib : defs.c.obj (.data:_ftable)
                  200022d8    00000078                                   : host_device.c.obj (.data:_device)
                  20002350    00000050                                   : host_device.c.obj (.data:_stream)
                  200023a0    00000028     UART.obj (.data:UART0Config)
                  200023c8    00000028     UART.obj (.data:UART2Config)
                  200023f0    00000018     PWM.obj (.data:pwm2Config)
                  20002408    00000018     PWM.obj (.data:pwmConfig)
                  20002420    00000010     rtsv7M4_T_le_v4SPD16_eabi.lib : defs.c.obj (.data)
                  20002430    0000000c                                   : exit.c.obj (.data:$O1$$)
                  2000243c    00000008                                   : _lock.c.obj (.data:$O1$$)
                  20002444    00000008                                   : memory.c.obj (.data:$O1$$)
                  2000244c    00000004                                   : errno.c.obj (.data)

.stack     0    2000fe00    00000200     UNINITIALIZED
                  2000fe00    00000004     rtsv7M4_T_le_v4SPD16_eabi.lib : boot_cortex_m.c.obj (.stack)
                  2000fe04    000001fc     --HOLE--

__llvm_prf_cnts 
*          0    20000000    00000000     UNINITIALIZED

MODULE SUMMARY

       Module                        code    ro data   rw data
       ------                        ----    -------   -------
    .\
       UART.obj                      264     0         8384   
       Ultrasonic.obj                340     24        8      
       main.obj                      200     0         0      
       PWM.obj                       68      0         96     
       system_msp432p401r.obj        120     0         0      
    +--+-----------------------------+-------+---------+---------+
       Total:                        992     24        8488   
                                                              
    .\Devices\
       ESP8266.obj                   392     0         4096   
    +--+-----------------------------+-------+---------+---------+
       Total:                        392     0         4096   
                                                              
    .\Hardware\
       UART_Driver.obj               1268    0         0      
    +--+-----------------------------+-------+---------+---------+
       Total:                        1268    0         0      
                                                              
    .\ccs\
       startup_msp432p401r_ccs.obj   14      228       0      
    +--+-----------------------------+-------+---------+---------+
       Total:                        14      228       0      
                                                              
    C:/ti/simplelink_msp432p4_sdk_3_40_01_02/source/ti/devices/msp432p4xx/driverlib/ccs/msp432p4xx_driverlib.lib
       cs.o                          870     0         16     
       pcm.o                         848     0         0      
       timer_a.o                     730     0         0      
       gpio.o                        416     48        0      
       uart.o                        408     0         0      
       sysctl_a.o                    148     0         0      
       interrupt.o                   128     8         0      
       flash.o                       72      0         0      
    +--+-----------------------------+-------+---------+---------+
       Total:                        3620    56        16     
                                                              
    C:\ti\ccs1000\ccs\tools\compiler\ti-cgt-arm_20.2.5.LTS\lib\rtsv7M4_T_le_v4SPD16_eabi.lib
       _printfi.c.obj                4851    0         0      
       defs.c.obj                    0       0         832    
       memory.c.obj                  672     0         16     
       trgmsg.c.obj                  108     0         576    
       fd_add_t2.asm.obj             438     0         0      
       host_device.c.obj             0       0         400    
       fd_div_t2.asm.obj             310     0         0      
       fputs.c.obj                   276     0         0      
       s_scalbn.c.obj                272     0         0      
       fd_cmp_t2.asm.obj             268     0         0      
       ctype.c.obj                   0       257       0      
       fd_mul_t2.asm.obj             252     0         0      
       setvbuf.c.obj                 220     0         0      
       memcpy_t2.asm.obj             156     0         0      
       ull_div_t2.asm.obj            150     0         0      
       fputc.c.obj                   140     0         0      
       memset_t2.asm.obj             122     0         0      
       fclose.c.obj                  116     0         0      
       getdevice.c.obj               116     0         0      
       hostopen.c.obj                96      0         16     
       printf.c.obj                  112     0         0      
       hostrename.c.obj              108     0         0      
       copy_decompress_lzss.c.obj    104     0         0      
       hostlseek.c.obj               104     0         0      
       exit.c.obj                    76      0         24     
       fseek.c.obj                   100     0         0      
       s_frexp.c.obj                 100     0         0      
       _io_perm.c.obj                98      0         0      
       close.c.obj                   92      0         0      
       hostread.c.obj                88      0         0      
       hostwrite.c.obj               88      0         0      
       _ltoa.c.obj                   84      0         0      
       atoi.c.obj                    76      0         0      
       fflush.c.obj                  76      0         0      
       fd_toi_t2.asm.obj             72      0         0      
       autoinit.c.obj                68      0         0      
       hostclose.c.obj               68      0         0      
       hostunlink.c.obj              68      0         0      
       strncpy.c.obj                 54      0         0      
       boot_cortex_m.c.obj           52      0         0      
       fopen.c.obj                   52      0         0      
       strstr.c.obj                  52      0         0      
       i_tofd_t2.asm.obj             46      0         0      
       unlink.c.obj                  44      0         0      
       lseek.c.obj                   40      0         0      
       write.c.obj                   40      0         0      
       memchr.c.obj                  32      0         0      
       memccpy.c.obj                 28      0         0      
       s_copysign.c.obj              26      0         0      
       strcmp.c.obj                  24      0         0      
       strchr.c.obj                  22      0         0      
       strcpy.c.obj                  20      0         0      
       strlen.c.obj                  20      0         0      
       _lock.c.obj                   2       0         16     
       wcslen.c.obj                  18      0         0      
       errno.c.obj                   8       0         8      
       copy_decompress_none.c.obj    14      0         0      
       copy_zero_init.c.obj          12      0         0      
       pre_init.c.obj                4       0         0      
       div0.asm.obj                  2       0         0      
    +--+-----------------------------+-------+---------+---------+
       Total:                        10757   257       1888   
                                                              
       Heap:                         0       0         4096   
       Stack:                        0       0         1024   
       Linker Generated:             0       174       0      
    +--+-----------------------------+-------+---------+---------+
       Grand Total:                  17043   739       19608  


LINKER GENERATED COPY TABLES

__TI_cinit_table @ 00004588 records: 2, size/record: 8, table size: 16
	.data: load addr=000044e8, load size=0000008a bytes, run addr=200021e8, run size=00000268 bytes, compression=lzss
	.bss: load addr=00004580, load size=00000008 bytes, run addr=20000000, run size=000019e4 bytes, compression=zero_init


LINKER GENERATED HANDLER TABLE

__TI_handler_table @ 00004574 records: 3, size/record: 4, table size: 12
	index: 0, handler: __TI_decompress_lzss
	index: 1, handler: __TI_decompress_none
	index: 2, handler: __TI_zero_init


GLOBAL SYMBOLS: SORTED ALPHABETICALLY BY Name 

address   name                                       
-------   ----                                       
00000b33  ADC14_IRQHandler                           
00000b33  AES256_IRQHandler                          
00000b33  BusFault_Handler                           
0000438d  C$$EXIT                                    
00003dbb  C$$IO$$                                    
00000b33  COMP_E0_IRQHandler                         
00000b33  COMP_E1_IRQHandler                         
00000b33  CS_IRQHandler                              
00003f6d  CS_clearInterruptFlag                      
0000224d  CS_getDCOFrequency                         
00004085  CS_getSMCLK                                
00003e35  CS_setDCOCenteredFrequency                 
00000b33  DMA_ERR_IRQHandler                         
00000b33  DMA_INT0_IRQHandler                        
00000b33  DMA_INT1_IRQHandler                        
00000b33  DMA_INT2_IRQHandler                        
00000b33  DMA_INT3_IRQHandler                        
00000b33  DebugMon_Handler                           
00000b33  Default_Handler                            
20000000  ESP8266_Buffer                             
00003921  ESP8266_Disconnect                         
00004369  ESP8266_GetBuffer                          
00003e69  ESP8266_HardReset                          
00002c9d  ESP8266_Terminal                           
00002d9d  ESP8266_WaitForAnswer                      
00002705  EUSCIA0_IRQHandler                         
00002705  EUSCIA0_IRQHandler                         
00000b33  EUSCIA1_IRQHandler                         
00002969  EUSCIA2_IRQHandler                         
00002969  EUSCIA2_IRQHandler                         
00000b33  EUSCIA3_IRQHandler                         
00000b33  EUSCIB0_IRQHandler                         
00000b33  EUSCIB1_IRQHandler                         
00000b33  EUSCIB2_IRQHandler                         
00000b33  EUSCIB3_IRQHandler                         
00000b33  FLCTL_IRQHandler                           
00000b33  FPU_IRQHandler                             
00003aa1  FlashCtl_setWaitState                      
00003f9d  GPIO_getInputPinValue                      
000036c5  GPIO_setAsInputPinWithPullDownResistor     
00003ccd  GPIO_setAsOutputPin                        
00002a81  GPIO_setAsPeripheralModuleFunctionOutputPin
000040ad  GPIO_setOutputHighOnPin                    
000040d5  GPIO_setOutputLowOnPin                     
00003b79  HOSTclose                                  
000031bd  HOSTlseek                                  
0000354d  HOSTopen                                   
0000371d  HOSTread                                   
00003151  HOSTrename                                 
00003bbd  HOSTunlink                                 
00003775  HOSTwrite                                  
00000b33  HardFault_Handler                          
00002d1d  Interrupt_enableInterrupt                  
00000b33  MemManage_Handler                          
00000b33  NMI_Handler                                
00000b33  PCM_IRQHandler                             
000035ad  PCM_getCoreVoltageLevel                    
00003669  PCM_getPowerMode                           
000042c1  PCM_getPowerState                          
00004323  PCM_setCoreVoltageLevel                    
00004333  PCM_setPowerMode                           
00000b33  PORT1_IRQHandler                           
00000b33  PORT2_IRQHandler                           
00000b33  PORT3_IRQHandler                           
00000b33  PORT4_IRQHandler                           
00000b33  PORT5_IRQHandler                           
00000b33  PORT6_IRQHandler                           
00000b33  PSS_IRQHandler                             
00000b33  PendSV_Handler                             
00000b33  RTC_C_IRQHandler                           
00004351  Reset_Handler                              
200019d0  SR04IntTimes                               
00000b33  SVC_Handler                                
000028d5  SysCtl_A_getTLVInfo                        
00000b33  SysTick_Handler                            
00002f11  SystemInit                                 
00000b33  T32_INT1_IRQHandler                        
00000b33  T32_INT2_IRQHandler                        
00000b33  T32_INTC_IRQHandler                        
00000b33  TA0_0_IRQHandler                           
00000b33  TA0_N_IRQHandler                           
000041dd  TA1_0_IRQHandler                           
000041dd  TA1_0_IRQHandler                           
00000b33  TA1_N_IRQHandler                           
00000b33  TA2_0_IRQHandler                           
00000b33  TA2_N_IRQHandler                           
00000b33  TA3_0_IRQHandler                           
00000b33  TA3_N_IRQHandler                           
0000402d  Timer_A_clearCaptureCompareInterrupt       
0000424d  Timer_A_clearTimer                         
00003225  Timer_A_configureUpMode                    
00002f89  Timer_A_generatePWM                        
00003971  Timer_A_getCounterValue                    
00004295  Timer_A_startCounter                       
000042d5  Timer_A_stopTimer                          
200023a0  UART0Config                                
200023c8  UART2Config                                
20000800  UARTA0Data                                 
200019d4  UARTA0ReadIndex                            
200019d8  UARTA0WriteIndex                           
20001000  UARTA2Data                                 
200019dc  UARTA2ReadIndex                            
200019e0  UARTA2WriteIndex                           
000039bd  UART_Available                             
000025b7  UART_Gets                                  
00001289  UART_Printf                                
00001525  UART_Read                                  
00003d0d  UART_Write                                 
0000335d  UART_getEnabledInterruptStatus             
00004265  UART_getInterruptStatus                    
000019fd  UART_initModule                            
00000b33  UsageFault_Handler                         
4000480c  WDTCTL_SYM                                 
00000b33  WDT_A_IRQHandler                           
20001800  __CIOBUF_                                  
20010000  __STACK_END                                
00000200  __STACK_SIZE                               
00000800  __SYSMEM_SIZE                              
00004588  __TI_CINIT_Base                            
00004598  __TI_CINIT_Limit                           
00004574  __TI_Handler_Table_Base                    
00004580  __TI_Handler_Table_Limit                   
00003c01  __TI_auto_init_nobinit_nopinit             
00003e9d  __TI_cleanup                               
20002430  __TI_cleanup_ptr                           
00002ffd  __TI_closefile                             
0000328d  __TI_decompress_lzss                       
00004343  __TI_decompress_none                       
00003a09  __TI_doflush                               
20002434  __TI_dtors_ptr                             
20002438  __TI_enable_exit_profile_output            
20002420  __TI_ft_end                                
00003823  __TI_ltoa                                  
ffffffff  __TI_pprof_out_hndl                        
000000e5  __TI_printfi                               
ffffffff  __TI_prof_data_size                        
ffffffff  __TI_prof_data_start                       
00003ed1  __TI_readmsg                               
00000000  __TI_static_base__                         
20001920  __TI_tmpnams                               
00003d8d  __TI_writemsg                              
000034eb  __TI_wrt_ok                                
0000435d  __TI_zero_init                             
00002b91  __aeabi_cdcmpeq                            
00002b91  __aeabi_cdcmple                            
00002c17  __aeabi_cdrcmple                           
00003b31  __aeabi_d2iz                               
00000f7f  __aeabi_dadd                               
000017a1  __aeabi_ddiv                               
00002151  __aeabi_dmul                               
00000f75  __aeabi_dsub                               
00004371  __aeabi_errno_addr                         
00003ffd  __aeabi_i2d                                
000018d7  __aeabi_idiv0                              
000018d7  __aeabi_ldiv0                              
00002e95  __aeabi_memclr                             
00002e95  __aeabi_memclr4                            
00002e95  __aeabi_memclr8                            
000027a1  __aeabi_memcpy                             
000027a1  __aeabi_memcpy4                            
000027a1  __aeabi_memcpy8                            
00002e97  __aeabi_memset                             
00002e97  __aeabi_memset4                            
00002e97  __aeabi_memset8                            
2000242c  __aeabi_stderr                             
20002424  __aeabi_stdin                              
20002428  __aeabi_stdout                             
0000283d  __aeabi_uldivmod                           
ffffffff  __binit__                                  
ffffffff  __c_args__                                 
UNDEFED   __mpu_init                                 
2000fe00  __stack                                    
20000000  __start___llvm_prf_cnts                    
20000000  __stop___llvm_prf_cnts                     
00003f05  _c_int00_noargs                            
00004390  _ctypes_                                   
200022d8  _device                                    
200021e8  _ftable                                    
2000243c  _lock                                      
0000112b  _nop                                       
20002350  _stream                                    
200019e8  _sys_memory                                
UNDEFED   _system_post_cinit                         
00004389  _system_pre_init                           
20002440  _unlock                                    
0000438d  abort                                      
00002051  aligned_alloc                              
00003a55  atoi                                       
ffffffff  binit                                      
0000360d  close                                      
00004231  copysign                                   
00004231  copysignl                                  
2000244c  errno                                      
00003ae9  exit                                       
00003fcd  finddevice                                 
000029f5  fputc                                      
00001b19  fputs                                      
00002345  free                                       
000033c1  frexp                                      
000033c1  frexpl                                     
00003425  fseek                                      
00002b09  getHCSR04Distance                          
00003c45  getdevice                                  
00003c89  init_PWM                                   
00001e45  init_UART                                  
00003879  init_ultrasonic                            
00000000  interruptVectors                           
00001c2d  ldexp                                      
00001c2d  ldexpl                                     
00004125  lseek                                      
00002661  main                                       
00004379  malloc                                     
00002051  memalign                                   
00004215  memccpy                                    
000041bd  memchr                                     
000027a1  memcpy                                     
00002e9d  memset                                     
200019c8  parmbuf                                    
000032f5  printf                                     
000029f5  putc                                       
200023f0  pwm2Config                                 
20002408  pwmConfig                                  
00004059  remove                                     
00001c2d  scalbn                                     
00001c2d  scalbnl                                    
00002429  setvbuf                                    
000042ab  strchr                                     
0000427d  strcmp                                     
000042e9  strcpy                                     
000042fd  strlen                                     
00003dfd  strncpy                                    
00003f39  strstr                                     
00004059  unlink                                     
00004311  wcslen                                     
0000414d  write                                      


GLOBAL SYMBOLS: SORTED BY Symbol Address 

address   name                                       
-------   ----                                       
00000000  __TI_static_base__                         
00000000  interruptVectors                           
000000e5  __TI_printfi                               
00000200  __STACK_SIZE                               
00000800  __SYSMEM_SIZE                              
00000b33  ADC14_IRQHandler                           
00000b33  AES256_IRQHandler                          
00000b33  BusFault_Handler                           
00000b33  COMP_E0_IRQHandler                         
00000b33  COMP_E1_IRQHandler                         
00000b33  CS_IRQHandler                              
00000b33  DMA_ERR_IRQHandler                         
00000b33  DMA_INT0_IRQHandler                        
00000b33  DMA_INT1_IRQHandler                        
00000b33  DMA_INT2_IRQHandler                        
00000b33  DMA_INT3_IRQHandler                        
00000b33  DebugMon_Handler                           
00000b33  Default_Handler                            
00000b33  EUSCIA1_IRQHandler                         
00000b33  EUSCIA3_IRQHandler                         
00000b33  EUSCIB0_IRQHandler                         
00000b33  EUSCIB1_IRQHandler                         
00000b33  EUSCIB2_IRQHandler                         
00000b33  EUSCIB3_IRQHandler                         
00000b33  FLCTL_IRQHandler                           
00000b33  FPU_IRQHandler                             
00000b33  HardFault_Handler                          
00000b33  MemManage_Handler                          
00000b33  NMI_Handler                                
00000b33  PCM_IRQHandler                             
00000b33  PORT1_IRQHandler                           
00000b33  PORT2_IRQHandler                           
00000b33  PORT3_IRQHandler                           
00000b33  PORT4_IRQHandler                           
00000b33  PORT5_IRQHandler                           
00000b33  PORT6_IRQHandler                           
00000b33  PSS_IRQHandler                             
00000b33  PendSV_Handler                             
00000b33  RTC_C_IRQHandler                           
00000b33  SVC_Handler                                
00000b33  SysTick_Handler                            
00000b33  T32_INT1_IRQHandler                        
00000b33  T32_INT2_IRQHandler                        
00000b33  T32_INTC_IRQHandler                        
00000b33  TA0_0_IRQHandler                           
00000b33  TA0_N_IRQHandler                           
00000b33  TA1_N_IRQHandler                           
00000b33  TA2_0_IRQHandler                           
00000b33  TA2_N_IRQHandler                           
00000b33  TA3_0_IRQHandler                           
00000b33  TA3_N_IRQHandler                           
00000b33  UsageFault_Handler                         
00000b33  WDT_A_IRQHandler                           
00000f75  __aeabi_dsub                               
00000f7f  __aeabi_dadd                               
0000112b  _nop                                       
00001289  UART_Printf                                
00001525  UART_Read                                  
000017a1  __aeabi_ddiv                               
000018d7  __aeabi_idiv0                              
000018d7  __aeabi_ldiv0                              
000019fd  UART_initModule                            
00001b19  fputs                                      
00001c2d  ldexp                                      
00001c2d  ldexpl                                     
00001c2d  scalbn                                     
00001c2d  scalbnl                                    
00001e45  init_UART                                  
00002051  aligned_alloc                              
00002051  memalign                                   
00002151  __aeabi_dmul                               
0000224d  CS_getDCOFrequency                         
00002345  free                                       
00002429  setvbuf                                    
000025b7  UART_Gets                                  
00002661  main                                       
00002705  EUSCIA0_IRQHandler                         
00002705  EUSCIA0_IRQHandler                         
000027a1  __aeabi_memcpy                             
000027a1  __aeabi_memcpy4                            
000027a1  __aeabi_memcpy8                            
000027a1  memcpy                                     
0000283d  __aeabi_uldivmod                           
000028d5  SysCtl_A_getTLVInfo                        
00002969  EUSCIA2_IRQHandler                         
00002969  EUSCIA2_IRQHandler                         
000029f5  fputc                                      
000029f5  putc                                       
00002a81  GPIO_setAsPeripheralModuleFunctionOutputPin
00002b09  getHCSR04Distance                          
00002b91  __aeabi_cdcmpeq                            
00002b91  __aeabi_cdcmple                            
00002c17  __aeabi_cdrcmple                           
00002c9d  ESP8266_Terminal                           
00002d1d  Interrupt_enableInterrupt                  
00002d9d  ESP8266_WaitForAnswer                      
00002e95  __aeabi_memclr                             
00002e95  __aeabi_memclr4                            
00002e95  __aeabi_memclr8                            
00002e97  __aeabi_memset                             
00002e97  __aeabi_memset4                            
00002e97  __aeabi_memset8                            
00002e9d  memset                                     
00002f11  SystemInit                                 
00002f89  Timer_A_generatePWM                        
00002ffd  __TI_closefile                             
00003151  HOSTrename                                 
000031bd  HOSTlseek                                  
00003225  Timer_A_configureUpMode                    
0000328d  __TI_decompress_lzss                       
000032f5  printf                                     
0000335d  UART_getEnabledInterruptStatus             
000033c1  frexp                                      
000033c1  frexpl                                     
00003425  fseek                                      
000034eb  __TI_wrt_ok                                
0000354d  HOSTopen                                   
000035ad  PCM_getCoreVoltageLevel                    
0000360d  close                                      
00003669  PCM_getPowerMode                           
000036c5  GPIO_setAsInputPinWithPullDownResistor     
0000371d  HOSTread                                   
00003775  HOSTwrite                                  
00003823  __TI_ltoa                                  
00003879  init_ultrasonic                            
00003921  ESP8266_Disconnect                         
00003971  Timer_A_getCounterValue                    
000039bd  UART_Available                             
00003a09  __TI_doflush                               
00003a55  atoi                                       
00003aa1  FlashCtl_setWaitState                      
00003ae9  exit                                       
00003b31  __aeabi_d2iz                               
00003b79  HOSTclose                                  
00003bbd  HOSTunlink                                 
00003c01  __TI_auto_init_nobinit_nopinit             
00003c45  getdevice                                  
00003c89  init_PWM                                   
00003ccd  GPIO_setAsOutputPin                        
00003d0d  UART_Write                                 
00003d8d  __TI_writemsg                              
00003dbb  C$$IO$$                                    
00003dfd  strncpy                                    
00003e35  CS_setDCOCenteredFrequency                 
00003e69  ESP8266_HardReset                          
00003e9d  __TI_cleanup                               
00003ed1  __TI_readmsg                               
00003f05  _c_int00_noargs                            
00003f39  strstr                                     
00003f6d  CS_clearInterruptFlag                      
00003f9d  GPIO_getInputPinValue                      
00003fcd  finddevice                                 
00003ffd  __aeabi_i2d                                
0000402d  Timer_A_clearCaptureCompareInterrupt       
00004059  remove                                     
00004059  unlink                                     
00004085  CS_getSMCLK                                
000040ad  GPIO_setOutputHighOnPin                    
000040d5  GPIO_setOutputLowOnPin                     
00004125  lseek                                      
0000414d  write                                      
000041bd  memchr                                     
000041dd  TA1_0_IRQHandler                           
000041dd  TA1_0_IRQHandler                           
00004215  memccpy                                    
00004231  copysign                                   
00004231  copysignl                                  
0000424d  Timer_A_clearTimer                         
00004265  UART_getInterruptStatus                    
0000427d  strcmp                                     
00004295  Timer_A_startCounter                       
000042ab  strchr                                     
000042c1  PCM_getPowerState                          
000042d5  Timer_A_stopTimer                          
000042e9  strcpy                                     
000042fd  strlen                                     
00004311  wcslen                                     
00004323  PCM_setCoreVoltageLevel                    
00004333  PCM_setPowerMode                           
00004343  __TI_decompress_none                       
00004351  Reset_Handler                              
0000435d  __TI_zero_init                             
00004369  ESP8266_GetBuffer                          
00004371  __aeabi_errno_addr                         
00004379  malloc                                     
00004389  _system_pre_init                           
0000438d  C$$EXIT                                    
0000438d  abort                                      
00004390  _ctypes_                                   
00004574  __TI_Handler_Table_Base                    
00004580  __TI_Handler_Table_Limit                   
00004588  __TI_CINIT_Base                            
00004598  __TI_CINIT_Limit                           
20000000  ESP8266_Buffer                             
20000000  __start___llvm_prf_cnts                    
20000000  __stop___llvm_prf_cnts                     
20000800  UARTA0Data                                 
20001000  UARTA2Data                                 
20001800  __CIOBUF_                                  
20001920  __TI_tmpnams                               
200019c8  parmbuf                                    
200019d0  SR04IntTimes                               
200019d4  UARTA0ReadIndex                            
200019d8  UARTA0WriteIndex                           
200019dc  UARTA2ReadIndex                            
200019e0  UARTA2WriteIndex                           
200019e8  _sys_memory                                
200021e8  _ftable                                    
200022d8  _device                                    
20002350  _stream                                    
200023a0  UART0Config                                
200023c8  UART2Config                                
200023f0  pwm2Config                                 
20002408  pwmConfig                                  
20002420  __TI_ft_end                                
20002424  __aeabi_stdin                              
20002428  __aeabi_stdout                             
2000242c  __aeabi_stderr                             
20002430  __TI_cleanup_ptr                           
20002434  __TI_dtors_ptr                             
20002438  __TI_enable_exit_profile_output            
2000243c  _lock                                      
20002440  _unlock                                    
2000244c  errno                                      
2000fe00  __stack                                    
20010000  __STACK_END                                
4000480c  WDTCTL_SYM                                 
ffffffff  __TI_pprof_out_hndl                        
ffffffff  __TI_prof_data_size                        
ffffffff  __TI_prof_data_start                       
ffffffff  __binit__                                  
ffffffff  __c_args__                                 
ffffffff  binit                                      
UNDEFED   __mpu_init                                 
UNDEFED   _system_post_cinit                         

[235 symbols]
