******************************************************************************
                  TI ARM Linker PC v20.2.5                     
******************************************************************************
>> Linked Wed Nov 24 00:52:31 2021

OUTPUT FILE NAME:   <IRAcer.out>
ENTRY POINT SYMBOL: "_c_int00_noargs"  address: 00000e99


MEMORY CONFIGURATION

         name            origin    length      used     unused   attr    fill
----------------------  --------  ---------  --------  --------  ----  --------
  MAIN                  00000000   00040000  00001178  0003ee88  R  X
  INFO                  00200000   00004000  00000000  00004000  R  X
  SRAM_CODE             01000000   00010000  00001250  0000edb0  RW X
  SRAM_DATA             20000000   00010000  00001250  0000edb0  RW  


SEGMENT ALLOCATION MAP

run origin  load origin   length   init length attrs members
----------  ----------- ---------- ----------- ----- -------
00000000    00000000    00001178   00001178    r-x
  00000000    00000000    000000e4   000000e4    r-- .intvecs
  000000e4    000000e4    00000ffc   00000ffc    r-x .text
  000010e0    000010e0    00000050   00000050    r-- .const
  00001130    00001130    00000048   00000048    r-- .cinit
20000000    20000000    00001050   00000000    rw-
  20000000    20000000    00001020   00000000    rw- .bss
  20001020    20001020    00000030   00000000    rw- .data
2000fe00    2000fe00    00000200   00000000    rw-
  2000fe00    2000fe00    00000200   00000000    rw- .stack


SECTION ALLOCATION MAP

 output                                  attributes/
section   page    origin      length       input sections
--------  ----  ----------  ----------   ----------------
.intvecs   0    00000000    000000e4     
                  00000000    000000e4     startup_msp432p401r_ccs.obj (.intvecs:retain)

.text      0    000000e4    00000ffc     
                  000000e4    00000144     msp432p4xx_driverlib.lib : timer_a.o (.text:privateTimer_AProcessClockSourceDivider)
                  00000228    00000104                              : cs.o (.text:_CSComputeCLKFrequency)
                  0000032c    000000f8                              : cs.o (.text:CS_getDCOFrequency)
                  00000424    000000a8     main.obj (.text:main)
                  000004cc    0000009c     UART_Driver.obj (.text:EUSCIA0_IRQHandler)
                  00000568    0000009c     rtsv7M4_T_le_v4SPD16_eabi.lib : memcpy_t2.asm.obj (.text)
                  00000604    00000094     msp432p4xx_driverlib.lib : sysctl_a.o (.text:SysCtl_A_getTLVInfo)
                  00000698    0000008c     UART_Driver.obj (.text:EUSCIA2_IRQHandler)
                  00000724    00000088     msp432p4xx_driverlib.lib : gpio.o (.text:GPIO_setAsPeripheralModuleFunctionOutputPin)
                  000007ac    00000088     Ultrasonic.obj (.text:getHCSR04Distance)
                  00000834    00000080     msp432p4xx_driverlib.lib : interrupt.o (.text:Interrupt_enableInterrupt)
                  000008b4    0000007c                              : cs.o (.text:_CSGetDOCFrequency)
                  00000930    0000007a     rtsv7M4_T_le_v4SPD16_eabi.lib : memset_t2.asm.obj (.text)
                  000009aa    00000002     startup_msp432p401r_ccs.obj (.text:Default_Handler)
                  000009ac    00000078     system_msp432p401r.obj (.text:SystemInit)
                  00000a24    00000074     msp432p4xx_driverlib.lib : timer_a.o (.text:Timer_A_generatePWM)
                  00000a98    00000068                              : timer_a.o (.text:Timer_A_configureUpMode)
                  00000b00    00000068     rtsv7M4_T_le_v4SPD16_eabi.lib : copy_decompress_lzss.c.obj (.text:decompress:lzss:__TI_decompress_lzss)
                  00000b68    00000064     msp432p4xx_driverlib.lib : uart.o (.text:UART_getEnabledInterruptStatus)
                  00000bcc    00000062                              : cs.o (.text:_CSGetDividerValue)
                  00000c2e    00000002     --HOLE-- [fill = 0]
                  00000c30    00000058                              : gpio.o (.text:GPIO_setAsInputPinWithPullDownResistor)
                  00000c88    00000054     Ultrasonic.obj (.text:init_ultrasonic)
                  00000cdc    0000004c     msp432p4xx_driverlib.lib : timer_a.o (.text:Timer_A_getCounterValue)
                  00000d28    00000044     rtsv7M4_T_le_v4SPD16_eabi.lib : autoinit.c.obj (.text:__TI_auto_init_nobinit_nopinit:__TI_auto_init_nobinit_nopinit)
                  00000d6c    00000044     PWM.obj (.text:init_PWM)
                  00000db0    00000040     msp432p4xx_driverlib.lib : gpio.o (.text:GPIO_setAsOutputPin)
                  00000df0    00000038     Ultrasonic.obj (.text:getHCSR04Time)
                  00000e28    00000038     PWM.obj (.text:slowDown)
                  00000e60    00000038     PWM.obj (.text:speedUp)
                  00000e98    00000034     rtsv7M4_T_le_v4SPD16_eabi.lib : boot_cortex_m.c.obj (.text:_c_int00_noargs:_c_int00_noargs)
                  00000ecc    00000030     msp432p4xx_driverlib.lib : cs.o (.text:CS_clearInterruptFlag)
                  00000efc    00000030                              : gpio.o (.text:GPIO_getInputPinValue)
                  00000f2c    0000002c                              : timer_a.o (.text:Timer_A_clearCaptureCompareInterrupt)
                  00000f58    00000028                              : cs.o (.text:CS_getSMCLK)
                  00000f80    00000028                              : gpio.o (.text:GPIO_setOutputHighOnPin)
                  00000fa8    00000028                              : gpio.o (.text:GPIO_setOutputLowOnPin)
                  00000fd0    00000024     Ultrasonic.obj (.text:Delay)
                  00000ff4    00000024     main.obj (.text:Delay)
                  00001018    00000024     PWM.obj (.text:getSlowSpeed)
                  0000103c    0000001c     Ultrasonic.obj (.text:TA1_0_IRQHandler)
                  00001058    00000018     msp432p4xx_driverlib.lib : timer_a.o (.text:Timer_A_clearTimer)
                  00001070    00000018                              : uart.o (.text:UART_getInterruptStatus)
                  00001088    00000016                              : timer_a.o (.text:Timer_A_startCounter)
                  0000109e    00000014                              : timer_a.o (.text:Timer_A_stopTimer)
                  000010b2    0000000e     rtsv7M4_T_le_v4SPD16_eabi.lib : copy_decompress_none.c.obj (.text:decompress:none:__TI_decompress_none)
                  000010c0    0000000c     startup_msp432p401r_ccs.obj (.text:Reset_Handler)
                  000010cc    0000000c     rtsv7M4_T_le_v4SPD16_eabi.lib : copy_zero_init.c.obj (.text:decompress:ZI:__TI_zero_init)
                  000010d8    00000004                                   : pre_init.c.obj (.text:_system_pre_init)
                  000010dc    00000004                                   : exit.c.obj (.text:abort:abort)

.const     0    000010e0    00000050     
                  000010e0    00000030     msp432p4xx_driverlib.lib : gpio.o (.const:GPIO_PORT_TO_BASE)
                  00001110    00000018     Ultrasonic.obj (.const:$P$T0$1)
                  00001128    00000008     msp432p4xx_driverlib.lib : interrupt.o (.const:g_pulEnRegs)

.cinit     0    00001130    00000048     
                  00001130    0000001f     (.cinit..data.load) [load image, compression = lzss]
                  0000114f    00000001     --HOLE-- [fill = 0]
                  00001150    0000000c     (__TI_handler_table)
                  0000115c    00000004     --HOLE-- [fill = 0]
                  00001160    00000008     (.cinit..bss.load) [load image, compression = zero_init]
                  00001168    00000010     (__TI_cinit_table)

.init_array 
*          0    00000000    00000000     UNINITIALIZED

.binit     0    00000000    00000000     

.bss       0    20000000    00001020     UNINITIALIZED
                  20000000    00000800     (.common:UARTA0Data)
                  20000800    00000800     (.common:UARTA2Data)
                  20001000    00000008     msp432p4xx_driverlib.lib : cs.o (.bss)
                  20001008    00000004     (.common:SR04IntTimes)
                  2000100c    00000004     (.common:UARTA0ReadIndex)
                  20001010    00000004     (.common:UARTA0WriteIndex)
                  20001014    00000004     (.common:UARTA2ReadIndex)
                  20001018    00000004     (.common:UARTA2WriteIndex)
                  2000101c    00000004     (.common:foo)

.data      0    20001020    00000030     UNINITIALIZED
                  20001020    00000018     PWM.obj (.data:pwm2Config)
                  20001038    00000018     PWM.obj (.data:pwmConfig)

.stack     0    2000fe00    00000200     UNINITIALIZED
                  2000fe00    00000004     rtsv7M4_T_le_v4SPD16_eabi.lib : boot_cortex_m.c.obj (.stack)
                  2000fe04    000001fc     --HOLE--

__llvm_prf_cnts 
*          0    20000000    00000000     UNINITIALIZED

MODULE SUMMARY

       Module                        code   ro data   rw data
       ------                        ----   -------   -------
    .\
       UART.obj                      0      0         8224   
       Ultrasonic.obj                340    24        8      
       PWM.obj                       216    0         96     
       main.obj                      204    0         8      
       system_msp432p401r.obj        120    0         0      
    +--+-----------------------------+------+---------+---------+
       Total:                        880    24        8336   
                                                             
    .\Hardware\
       UART_Driver.obj               296    0         0      
    +--+-----------------------------+------+---------+---------+
       Total:                        296    0         0      
                                                             
    .\ccs\
       startup_msp432p401r_ccs.obj   14     228       0      
    +--+-----------------------------+------+---------+---------+
       Total:                        14     228       0      
                                                             
    C:/ti/simplelink_msp432p4_sdk_3_40_01_02/source/ti/devices/msp432p4xx/driverlib/ccs/msp432p4xx_driverlib.lib
       cs.o                          818    0         16     
       timer_a.o                     730    0         0      
       gpio.o                        416    48        0      
       sysctl_a.o                    148    0         0      
       interrupt.o                   128    8         0      
       uart.o                        124    0         0      
    +--+-----------------------------+------+---------+---------+
       Total:                        2364   56        16     
                                                             
    C:\ti\ccs1000\ccs\tools\compiler\ti-cgt-arm_20.2.5.LTS\lib\rtsv7M4_T_le_v4SPD16_eabi.lib
       memcpy_t2.asm.obj             156    0         0      
       memset_t2.asm.obj             122    0         0      
       copy_decompress_lzss.c.obj    104    0         0      
       autoinit.c.obj                68     0         0      
       boot_cortex_m.c.obj           52     0         0      
       copy_decompress_none.c.obj    14     0         0      
       copy_zero_init.c.obj          12     0         0      
       exit.c.obj                    4      0         0      
       pre_init.c.obj                4      0         0      
    +--+-----------------------------+------+---------+---------+
       Total:                        536    0         0      
                                                             
       Stack:                        0      0         1024   
       Linker Generated:             0      67        0      
    +--+-----------------------------+------+---------+---------+
       Grand Total:                  4090   375       9376   


LINKER GENERATED COPY TABLES

__TI_cinit_table @ 00001168 records: 2, size/record: 8, table size: 16
	.data: load addr=00001130, load size=0000001f bytes, run addr=20001020, run size=00000030 bytes, compression=lzss
	.bss: load addr=00001160, load size=00000008 bytes, run addr=20000000, run size=00001020 bytes, compression=zero_init


LINKER GENERATED HANDLER TABLE

__TI_handler_table @ 00001150 records: 3, size/record: 4, table size: 12
	index: 0, handler: __TI_decompress_lzss
	index: 1, handler: __TI_decompress_none
	index: 2, handler: __TI_zero_init


GLOBAL SYMBOLS: SORTED ALPHABETICALLY BY Name 

address   name                                       
-------   ----                                       
000009ab  ADC14_IRQHandler                           
000009ab  AES256_IRQHandler                          
000009ab  BusFault_Handler                           
000010dd  C$$EXIT                                    
000009ab  COMP_E0_IRQHandler                         
000009ab  COMP_E1_IRQHandler                         
000009ab  CS_IRQHandler                              
00000ecd  CS_clearInterruptFlag                      
0000032d  CS_getDCOFrequency                         
00000f59  CS_getSMCLK                                
000009ab  DMA_ERR_IRQHandler                         
000009ab  DMA_INT0_IRQHandler                        
000009ab  DMA_INT1_IRQHandler                        
000009ab  DMA_INT2_IRQHandler                        
000009ab  DMA_INT3_IRQHandler                        
000009ab  DebugMon_Handler                           
000009ab  Default_Handler                            
000004cd  EUSCIA0_IRQHandler                         
000004cd  EUSCIA0_IRQHandler                         
000009ab  EUSCIA1_IRQHandler                         
00000699  EUSCIA2_IRQHandler                         
00000699  EUSCIA2_IRQHandler                         
000009ab  EUSCIA3_IRQHandler                         
000009ab  EUSCIB0_IRQHandler                         
000009ab  EUSCIB1_IRQHandler                         
000009ab  EUSCIB2_IRQHandler                         
000009ab  EUSCIB3_IRQHandler                         
000009ab  FLCTL_IRQHandler                           
000009ab  FPU_IRQHandler                             
00000efd  GPIO_getInputPinValue                      
00000c31  GPIO_setAsInputPinWithPullDownResistor     
00000db1  GPIO_setAsOutputPin                        
00000725  GPIO_setAsPeripheralModuleFunctionOutputPin
00000f81  GPIO_setOutputHighOnPin                    
00000fa9  GPIO_setOutputLowOnPin                     
000009ab  HardFault_Handler                          
00000835  Interrupt_enableInterrupt                  
000009ab  MemManage_Handler                          
000009ab  NMI_Handler                                
000009ab  PCM_IRQHandler                             
000009ab  PORT1_IRQHandler                           
000009ab  PORT2_IRQHandler                           
000009ab  PORT3_IRQHandler                           
000009ab  PORT4_IRQHandler                           
000009ab  PORT5_IRQHandler                           
000009ab  PORT6_IRQHandler                           
000009ab  PSS_IRQHandler                             
000009ab  PendSV_Handler                             
000009ab  RTC_C_IRQHandler                           
000010c1  Reset_Handler                              
20001008  SR04IntTimes                               
000009ab  SVC_Handler                                
00000605  SysCtl_A_getTLVInfo                        
000009ab  SysTick_Handler                            
000009ad  SystemInit                                 
000009ab  T32_INT1_IRQHandler                        
000009ab  T32_INT2_IRQHandler                        
000009ab  T32_INTC_IRQHandler                        
000009ab  TA0_0_IRQHandler                           
000009ab  TA0_N_IRQHandler                           
0000103d  TA1_0_IRQHandler                           
0000103d  TA1_0_IRQHandler                           
000009ab  TA1_N_IRQHandler                           
000009ab  TA2_0_IRQHandler                           
000009ab  TA2_N_IRQHandler                           
000009ab  TA3_0_IRQHandler                           
000009ab  TA3_N_IRQHandler                           
00000f2d  Timer_A_clearCaptureCompareInterrupt       
00001059  Timer_A_clearTimer                         
00000a99  Timer_A_configureUpMode                    
00000a25  Timer_A_generatePWM                        
00000cdd  Timer_A_getCounterValue                    
00001089  Timer_A_startCounter                       
0000109f  Timer_A_stopTimer                          
20000000  UARTA0Data                                 
2000100c  UARTA0ReadIndex                            
20001010  UARTA0WriteIndex                           
20000800  UARTA2Data                                 
20001014  UARTA2ReadIndex                            
20001018  UARTA2WriteIndex                           
00000b69  UART_getEnabledInterruptStatus             
00001071  UART_getInterruptStatus                    
000009ab  UsageFault_Handler                         
4000480c  WDTCTL_SYM                                 
000009ab  WDT_A_IRQHandler                           
20010000  __STACK_END                                
00000200  __STACK_SIZE                               
00001168  __TI_CINIT_Base                            
00001178  __TI_CINIT_Limit                           
00001150  __TI_Handler_Table_Base                    
0000115c  __TI_Handler_Table_Limit                   
00000d29  __TI_auto_init_nobinit_nopinit             
00000b01  __TI_decompress_lzss                       
000010b3  __TI_decompress_none                       
ffffffff  __TI_pprof_out_hndl                        
ffffffff  __TI_prof_data_size                        
ffffffff  __TI_prof_data_start                       
00000000  __TI_static_base__                         
000010cd  __TI_zero_init                             
00000931  __aeabi_memclr                             
00000931  __aeabi_memclr4                            
00000931  __aeabi_memclr8                            
00000569  __aeabi_memcpy                             
00000569  __aeabi_memcpy4                            
00000569  __aeabi_memcpy8                            
00000933  __aeabi_memset                             
00000933  __aeabi_memset4                            
00000933  __aeabi_memset8                            
ffffffff  __binit__                                  
ffffffff  __c_args__                                 
UNDEFED   __mpu_init                                 
2000fe00  __stack                                    
20000000  __start___llvm_prf_cnts                    
20000000  __stop___llvm_prf_cnts                     
00000e99  _c_int00_noargs                            
UNDEFED   _system_post_cinit                         
000010d9  _system_pre_init                           
000010dd  abort                                      
ffffffff  binit                                      
2000101c  foo                                        
000007ad  getHCSR04Distance                          
00001019  getSlowSpeed                               
00000d6d  init_PWM                                   
00000c89  init_ultrasonic                            
00000000  interruptVectors                           
00000425  main                                       
00000569  memcpy                                     
00000939  memset                                     
20001020  pwm2Config                                 
20001038  pwmConfig                                  
00000e29  slowDown                                   
00000e61  speedUp                                    


GLOBAL SYMBOLS: SORTED BY Symbol Address 

address   name                                       
-------   ----                                       
00000000  __TI_static_base__                         
00000000  interruptVectors                           
00000200  __STACK_SIZE                               
0000032d  CS_getDCOFrequency                         
00000425  main                                       
000004cd  EUSCIA0_IRQHandler                         
000004cd  EUSCIA0_IRQHandler                         
00000569  __aeabi_memcpy                             
00000569  __aeabi_memcpy4                            
00000569  __aeabi_memcpy8                            
00000569  memcpy                                     
00000605  SysCtl_A_getTLVInfo                        
00000699  EUSCIA2_IRQHandler                         
00000699  EUSCIA2_IRQHandler                         
00000725  GPIO_setAsPeripheralModuleFunctionOutputPin
000007ad  getHCSR04Distance                          
00000835  Interrupt_enableInterrupt                  
00000931  __aeabi_memclr                             
00000931  __aeabi_memclr4                            
00000931  __aeabi_memclr8                            
00000933  __aeabi_memset                             
00000933  __aeabi_memset4                            
00000933  __aeabi_memset8                            
00000939  memset                                     
000009ab  ADC14_IRQHandler                           
000009ab  AES256_IRQHandler                          
000009ab  BusFault_Handler                           
000009ab  COMP_E0_IRQHandler                         
000009ab  COMP_E1_IRQHandler                         
000009ab  CS_IRQHandler                              
000009ab  DMA_ERR_IRQHandler                         
000009ab  DMA_INT0_IRQHandler                        
000009ab  DMA_INT1_IRQHandler                        
000009ab  DMA_INT2_IRQHandler                        
000009ab  DMA_INT3_IRQHandler                        
000009ab  DebugMon_Handler                           
000009ab  Default_Handler                            
000009ab  EUSCIA1_IRQHandler                         
000009ab  EUSCIA3_IRQHandler                         
000009ab  EUSCIB0_IRQHandler                         
000009ab  EUSCIB1_IRQHandler                         
000009ab  EUSCIB2_IRQHandler                         
000009ab  EUSCIB3_IRQHandler                         
000009ab  FLCTL_IRQHandler                           
000009ab  FPU_IRQHandler                             
000009ab  HardFault_Handler                          
000009ab  MemManage_Handler                          
000009ab  NMI_Handler                                
000009ab  PCM_IRQHandler                             
000009ab  PORT1_IRQHandler                           
000009ab  PORT2_IRQHandler                           
000009ab  PORT3_IRQHandler                           
000009ab  PORT4_IRQHandler                           
000009ab  PORT5_IRQHandler                           
000009ab  PORT6_IRQHandler                           
000009ab  PSS_IRQHandler                             
000009ab  PendSV_Handler                             
000009ab  RTC_C_IRQHandler                           
000009ab  SVC_Handler                                
000009ab  SysTick_Handler                            
000009ab  T32_INT1_IRQHandler                        
000009ab  T32_INT2_IRQHandler                        
000009ab  T32_INTC_IRQHandler                        
000009ab  TA0_0_IRQHandler                           
000009ab  TA0_N_IRQHandler                           
000009ab  TA1_N_IRQHandler                           
000009ab  TA2_0_IRQHandler                           
000009ab  TA2_N_IRQHandler                           
000009ab  TA3_0_IRQHandler                           
000009ab  TA3_N_IRQHandler                           
000009ab  UsageFault_Handler                         
000009ab  WDT_A_IRQHandler                           
000009ad  SystemInit                                 
00000a25  Timer_A_generatePWM                        
00000a99  Timer_A_configureUpMode                    
00000b01  __TI_decompress_lzss                       
00000b69  UART_getEnabledInterruptStatus             
00000c31  GPIO_setAsInputPinWithPullDownResistor     
00000c89  init_ultrasonic                            
00000cdd  Timer_A_getCounterValue                    
00000d29  __TI_auto_init_nobinit_nopinit             
00000d6d  init_PWM                                   
00000db1  GPIO_setAsOutputPin                        
00000e29  slowDown                                   
00000e61  speedUp                                    
00000e99  _c_int00_noargs                            
00000ecd  CS_clearInterruptFlag                      
00000efd  GPIO_getInputPinValue                      
00000f2d  Timer_A_clearCaptureCompareInterrupt       
00000f59  CS_getSMCLK                                
00000f81  GPIO_setOutputHighOnPin                    
00000fa9  GPIO_setOutputLowOnPin                     
00001019  getSlowSpeed                               
0000103d  TA1_0_IRQHandler                           
0000103d  TA1_0_IRQHandler                           
00001059  Timer_A_clearTimer                         
00001071  UART_getInterruptStatus                    
00001089  Timer_A_startCounter                       
0000109f  Timer_A_stopTimer                          
000010b3  __TI_decompress_none                       
000010c1  Reset_Handler                              
000010cd  __TI_zero_init                             
000010d9  _system_pre_init                           
000010dd  C$$EXIT                                    
000010dd  abort                                      
00001150  __TI_Handler_Table_Base                    
0000115c  __TI_Handler_Table_Limit                   
00001168  __TI_CINIT_Base                            
00001178  __TI_CINIT_Limit                           
20000000  UARTA0Data                                 
20000000  __start___llvm_prf_cnts                    
20000000  __stop___llvm_prf_cnts                     
20000800  UARTA2Data                                 
20001008  SR04IntTimes                               
2000100c  UARTA0ReadIndex                            
20001010  UARTA0WriteIndex                           
20001014  UARTA2ReadIndex                            
20001018  UARTA2WriteIndex                           
2000101c  foo                                        
20001020  pwm2Config                                 
20001038  pwmConfig                                  
2000fe00  __stack                                    
20010000  __STACK_END                                
4000480c  WDTCTL_SYM                                 
ffffffff  __TI_pprof_out_hndl                        
ffffffff  __TI_prof_data_size                        
ffffffff  __TI_prof_data_start                       
ffffffff  __binit__                                  
ffffffff  __c_args__                                 
ffffffff  binit                                      
UNDEFED   __mpu_init                                 
UNDEFED   _system_post_cinit                         

[132 symbols]
