******************************************************************************
                  TI ARM Linker PC v20.2.5                     
******************************************************************************
>> Linked Thu Nov  4 15:51:07 2021

OUTPUT FILE NAME:   <IRAcer.out>
ENTRY POINT SYMBOL: "_c_int00_noargs"  address: 00004725


MEMORY CONFIGURATION

         name            origin    length      used     unused   attr    fill
----------------------  --------  ---------  --------  --------  ----  --------
  MAIN                  00000000   00040000  00004f40  0003b0c0  R  X
  INFO                  00200000   00004000  00000000  00004000  R  X
  SRAM_CODE             01000000   00010000  00002750  0000d8b0  RW X
  SRAM_DATA             20000000   00010000  00002750  0000d8b0  RW  


SEGMENT ALLOCATION MAP

run origin  load origin   length   init length attrs members
----------  ----------- ---------- ----------- ----- -------
00000000    00000000    00004f40   00004f40    r-x
  00000000    00000000    000000e4   000000e4    r-- .intvecs
  000000e4    000000e4    00004c58   00004c58    r-x .text
  00004d3c    00004d3c    00000154   00000154    r-- .const
  00004e90    00004e90    000000b0   000000b0    r-- .cinit
20000000    20000000    00002550   00000000    rw-
  20000000    20000000    00001ae8   00000000    rw- .bss
  20001ae8    20001ae8    00000800   00000000    rw- .sysmem
  200022e8    200022e8    00000268   00000000    rw- .data
2000fe00    2000fe00    00000200   00000000    rw-
  2000fe00    2000fe00    00000200   00000000    rw- .stack


SECTION ALLOCATION MAP

 output                                  attributes/
section   page    origin      length       input sections
--------  ----  ----------  ----------   ----------------
.intvecs   0    00000000    000000e4     
                  00000000    000000e4     startup_msp432p401r_ccs.obj (.intvecs:retain)

.text      0    000000e4    00004c58     
                  000000e4    00000a4e     rtsv7M4_T_le_v4SPD16_eabi.lib : _printfi.c.obj (.text:__TI_printfi)
                  00000b32    0000028a     msp432p4xx_driverlib.lib : pcm.o (.text:__PCM_setPowerStateAdvanced)
                  00000dbc    00000270     rtsv7M4_T_le_v4SPD16_eabi.lib : _printfi.c.obj (.text:_pconv_a)
                  0000102c    000001d0                                   : _printfi.c.obj (.text:_pconv_g)
                  000011fc    000001b6                                   : fd_add_t2.asm.obj (.text)
                  000013b2    00000002     startup_msp432p401r_ccs.obj (.text:Default_Handler)
                  000013b4    00000178     UART.obj (.text:init_UART)
                  0000152c    0000015c     msp432p4xx_driverlib.lib : pcm.o (.text:__PCM_setPowerModeAdvanced)
                  00001688    00000158     UART_Driver.obj (.text:UART_Printf)
                  000017e0    00000144     msp432p4xx_driverlib.lib : timer_a.o (.text:privateTimer_AProcessClockSourceDivider)
                  00001924    00000140     UART_Driver.obj (.text:UART_Read)
                  00001a64    0000013c     rtsv7M4_T_le_v4SPD16_eabi.lib : _printfi.c.obj (.text:_pconv_e)
                  00001ba0    00000136                                   : fd_div_t2.asm.obj (.text)
                  00001cd6    00000002                                   : _lock.c.obj (.text:_nop)
                  00001cd8    00000124                                   : _printfi.c.obj (.text:fcvt)
                  00001dfc    0000011c     msp432p4xx_driverlib.lib : uart.o (.text:UART_initModule)
                  00001f18    0000011c     main.obj (.text:main)
                  00002034    00000114     rtsv7M4_T_le_v4SPD16_eabi.lib : fputs.c.obj (.text:fputs)
                  00002148    00000110                                   : s_scalbn.c.obj (.text:scalbn)
                  00002258    00000108     msp432p4xx_driverlib.lib : pcm.o (.text:__PCM_setCoreVoltageLevelAdvanced)
                  00002360    00000104                              : cs.o (.text:_CSComputeCLKFrequency)
                  00002464    00000100     rtsv7M4_T_le_v4SPD16_eabi.lib : memory.c.obj (.text:aligned_alloc)
                  00002564    000000fc                                   : fd_mul_t2.asm.obj (.text)
                  00002660    000000f8     msp432p4xx_driverlib.lib : cs.o (.text:CS_getDCOFrequency)
                  00002758    000000e4     rtsv7M4_T_le_v4SPD16_eabi.lib : memory.c.obj (.text:free)
                  0000283c    000000dc                                   : setvbuf.c.obj (.text:setvbuf)
                  00002918    000000ba     MSPIO.obj (.text:MSPrintf)
                  000029d2    00000002     rtsv7M4_T_le_v4SPD16_eabi.lib : div0.asm.obj (.text)
                  000029d4    000000b1                                   : _printfi.c.obj (.text:_ltostr)
                  00002a85    00000001     --HOLE-- [fill = 0]
                  00002a86    000000a8     UART_Driver.obj (.text:UART_Gets)
                  00002b2e    00000002     --HOLE-- [fill = 0]
                  00002b30    0000009c     UART_Driver.obj (.text:EUSCIA0_IRQHandler)
                  00002bcc    0000009c     rtsv7M4_T_le_v4SPD16_eabi.lib : memcpy_t2.asm.obj (.text)
                  00002c68    00000096                                   : ull_div_t2.asm.obj (.text)
                  00002cfe    00000002     --HOLE-- [fill = 0]
                  00002d00    00000094     msp432p4xx_driverlib.lib : sysctl_a.o (.text:SysCtl_A_getTLVInfo)
                  00002d94    00000090     ESP8266.obj (.text:ESP8266_ConnectToAP)
                  00002e24    0000008c     UART_Driver.obj (.text:EUSCIA2_IRQHandler)
                  00002eb0    0000008c     PWM.obj (.text:PORT1_IRQHandler)
                  00002f3c    0000008c     MSPIO.obj (.text:PrintInteger)
                  00002fc8    0000008c     rtsv7M4_T_le_v4SPD16_eabi.lib : fputc.c.obj (.text:fputc)
                  00003054    00000088     Ultrasonic.obj (.text:getHCSR04Distance)
                  000030dc    00000086     rtsv7M4_T_le_v4SPD16_eabi.lib : fd_cmp_t2.asm.obj (.text:__aeabi_cdcmple)
                  00003162    00000086                                   : fd_cmp_t2.asm.obj (.text:__aeabi_cdrcmple)
                  000031e8    00000084     msp432p4xx_driverlib.lib : pcm.o (.text:PCM_gotoLPM3)
                  0000326c    00000080     ESP8266.obj (.text:ESP8266_Terminal)
                  000032ec    00000080     msp432p4xx_driverlib.lib : interrupt.o (.text:Interrupt_enableInterrupt)
                  0000336c    0000007c     ESP8266.obj (.text:ESP8266_WaitForAnswer)
                  000033e8    0000007c     msp432p4xx_driverlib.lib : cs.o (.text:_CSGetDOCFrequency)
                  00003464    0000007a     rtsv7M4_T_le_v4SPD16_eabi.lib : memset_t2.asm.obj (.text)
                  000034de    00000002     --HOLE-- [fill = 0]
                  000034e0    00000078     system_msp432p401r.obj (.text:SystemInit)
                  00003558    00000078     main.obj (.text:uart_println)
                  000035d0    00000074     msp432p4xx_driverlib.lib : timer_a.o (.text:Timer_A_generatePWM)
                  00003644    00000074     rtsv7M4_T_le_v4SPD16_eabi.lib : fclose.c.obj (.text:__TI_closefile)
                  000036b8    00000070                                   : memory.c.obj (.text:split)
                  00003728    0000006e                                   : _printfi.c.obj (.text:_mcpy)
                  00003796    00000002     --HOLE-- [fill = 0]
                  00003798    0000006c                                   : hostrename.c.obj (.text:HOSTrename)
                  00003804    00000068                                   : hostlseek.c.obj (.text:HOSTlseek)
                  0000386c    00000068     msp432p4xx_driverlib.lib : timer_a.o (.text:Timer_A_configureUpMode)
                  000038d4    00000068     rtsv7M4_T_le_v4SPD16_eabi.lib : copy_decompress_lzss.c.obj (.text:decompress:lzss:__TI_decompress_lzss)
                  0000393c    00000068     PWM.obj (.text:init_wheel)
                  000039a4    00000068     rtsv7M4_T_le_v4SPD16_eabi.lib : printf.c.obj (.text:printf)
                  00003a0c    00000064     msp432p4xx_driverlib.lib : uart.o (.text:UART_getEnabledInterruptStatus)
                  00003a70    00000064     rtsv7M4_T_le_v4SPD16_eabi.lib : s_frexp.c.obj (.text:frexp)
                  00003ad4    00000064                                   : fseek.c.obj (.text:fseek)
                  00003b38    00000062     msp432p4xx_driverlib.lib : cs.o (.text:_CSGetDividerValue)
                  00003b9a    00000062     rtsv7M4_T_le_v4SPD16_eabi.lib : _io_perm.c.obj (.text:__TI_wrt_ok)
                  00003bfc    00000060                                   : hostopen.c.obj (.text:HOSTopen)
                  00003c5c    0000005e     msp432p4xx_driverlib.lib : pcm.o (.text:PCM_getCoreVoltageLevel)
                  00003cba    00000002     --HOLE-- [fill = 0]
                  00003cbc    0000005c     rtsv7M4_T_le_v4SPD16_eabi.lib : close.c.obj (.text:close)
                  00003d18    0000005a     msp432p4xx_driverlib.lib : pcm.o (.text:PCM_getPowerMode)
                  00003d72    00000002     --HOLE-- [fill = 0]
                  00003d74    00000058                              : gpio.o (.text:GPIO_setAsInputPinWithPullDownResistor)
                  00003dcc    00000058                              : gpio.o (.text:GPIO_setAsInputPinWithPullUpResistor)
                  00003e24    00000058     rtsv7M4_T_le_v4SPD16_eabi.lib : hostread.c.obj (.text:HOSTread)
                  00003e7c    00000058                                   : hostwrite.c.obj (.text:HOSTwrite)
                  00003ed4    00000056                                   : _printfi.c.obj (.text:_pconv_f)
                  00003f2a    00000002     --HOLE-- [fill = 0]
                  00003f2c    00000054     Ultrasonic.obj (.text:Initalise_HCSR04)
                  00003f80    00000054     msp432p4xx_driverlib.lib : pcm.o (.text:PCM_shutdownDevice)
                  00003fd4    00000054     rtsv7M4_T_le_v4SPD16_eabi.lib : _ltoa.c.obj (.text:__TI_ltoa)
                  00004028    00000052                                   : _printfi.c.obj (.text:_ecpy)
                  0000407a    00000002     --HOLE-- [fill = 0]
                  0000407c    00000050     ESP8266.obj (.text:ESP8266_Disconnect)
                  000040cc    0000004c     msp432p4xx_driverlib.lib : timer_a.o (.text:Timer_A_getCounterValue)
                  00004118    0000004c     UART_Driver.obj (.text:UART_Available)
                  00004164    0000004c     rtsv7M4_T_le_v4SPD16_eabi.lib : fflush.c.obj (.text:__TI_doflush)
                  000041b0    0000004c                                   : atoi.c.obj (.text:atoi)
                  000041fc    00000048     msp432p4xx_driverlib.lib : flash.o (.text:FlashCtl_setWaitState)
                  00004244    00000048     main.obj (.text:PORT2_IRQHandler)
                  0000428c    00000048     rtsv7M4_T_le_v4SPD16_eabi.lib : exit.c.obj (.text:exit)
                  000042d4    00000048                                   : fd_toi_t2.asm.obj (.text)
                  0000431c    00000044                                   : hostclose.c.obj (.text:HOSTclose)
                  00004360    00000044                                   : hostunlink.c.obj (.text:HOSTunlink)
                  000043a4    00000044                                   : autoinit.c.obj (.text:__TI_auto_init_nobinit_nopinit:__TI_auto_init_nobinit_nopinit)
                  000043e8    00000044                                   : getdevice.c.obj (.text:getdevice)
                  0000442c    00000044     Ultrasonic.obj (.text:init_ultrasonic)
                  00004470    00000040     msp432p4xx_driverlib.lib : gpio.o (.text:GPIO_setAsOutputPin)
                  000044b0    00000040     UART_Driver.obj (.text:UART_Write)
                  000044f0    00000040     rtsv7M4_T_le_v4SPD16_eabi.lib : vsnprintf.c.obj (.text:vsnprintf)
                  00004530    0000003e                                   : _printfi.c.obj (.text:_fcpy)
                  0000456e    00000002     --HOLE-- [fill = 0]
                  00004570    0000003c     msp432p4xx_driverlib.lib : gpio.o (.text:GPIO_interruptEdgeSelect)
                  000045ac    00000038     rtsv7M4_T_le_v4SPD16_eabi.lib : trgmsg.c.obj (.text:__TI_writemsg)
                  000045e4    00000038     Ultrasonic.obj (.text:getHCSR04Time)
                  0000461c    00000036     rtsv7M4_T_le_v4SPD16_eabi.lib : strncpy.c.obj (.text:strncpy)
                  00004652    00000002     --HOLE-- [fill = 0]
                  00004654    00000034     msp432p4xx_driverlib.lib : cs.o (.text:CS_setDCOCenteredFrequency)
                  00004688    00000034     ESP8266.obj (.text:ESP8266_HardReset)
                  000046bc    00000034     rtsv7M4_T_le_v4SPD16_eabi.lib : fopen.c.obj (.text:__TI_cleanup)
                  000046f0    00000034                                   : trgmsg.c.obj (.text:__TI_readmsg)
                  00004724    00000034                                   : boot_cortex_m.c.obj (.text:_c_int00_noargs:_c_int00_noargs)
                  00004758    00000034                                   : strstr.c.obj (.text:strstr)
                  0000478c    00000030     msp432p4xx_driverlib.lib : cs.o (.text:CS_clearInterruptFlag)
                  000047bc    00000030                              : gpio.o (.text:GPIO_getInputPinValue)
                  000047ec    00000030     rtsv7M4_T_le_v4SPD16_eabi.lib : vsnprintf.c.obj (.text:_outs)
                  0000481c    00000030                                   : getdevice.c.obj (.text:finddevice)
                  0000484c    0000002e                                   : i_tofd_t2.asm.obj (.text)
                  0000487a    00000002     --HOLE-- [fill = 0]
                  0000487c    0000002c     msp432p4xx_driverlib.lib : rtc_c.o (.text:RTC_C_holdClock)
                  000048a8    0000002c                              : timer_a.o (.text:Timer_A_clearCaptureCompareInterrupt)
                  000048d4    0000002c     rtsv7M4_T_le_v4SPD16_eabi.lib : unlink.c.obj (.text:unlink)
                  00004900    00000028     msp432p4xx_driverlib.lib : cs.o (.text:CS_getSMCLK)
                  00004928    00000028                              : gpio.o (.text:GPIO_clearInterruptFlag)
                  00004950    00000028                              : gpio.o (.text:GPIO_enableInterrupt)
                  00004978    00000028                              : gpio.o (.text:GPIO_setOutputHighOnPin)
                  000049a0    00000028                              : gpio.o (.text:GPIO_setOutputLowOnPin)
                  000049c8    00000028                              : gpio.o (.text:GPIO_toggleOutputOnPin)
                  000049f0    00000028                              : pcm.o (.text:PCM_gotoLPM0)
                  00004a18    00000028     rtsv7M4_T_le_v4SPD16_eabi.lib : memory.c.obj (.text:free_list_insert)
                  00004a40    00000028                                   : lseek.c.obj (.text:lseek)
                  00004a68    00000028                                   : write.c.obj (.text:write)
                  00004a90    00000024     Ultrasonic.obj (.text:Delay)
                  00004ab4    00000024     msp432p4xx_driverlib.lib : wdt_a.o (.text:WDT_A_holdTimer)
                  00004ad8    00000022     MSPIO.obj (.text:PrintString)
                  00004afa    00000020     rtsv7M4_T_le_v4SPD16_eabi.lib : memchr.c.obj (.text:memchr)
                  00004b1a    00000002     --HOLE-- [fill = 0]
                  00004b1c    0000001c     Ultrasonic.obj (.text:TA0_0_IRQHandler)
                  00004b38    0000001c     rtsv7M4_T_le_v4SPD16_eabi.lib : memory.c.obj (.text:free_list_remove)
                  00004b54    0000001c                                   : memccpy.c.obj (.text:memccpy)
                  00004b70    0000001a                                   : s_copysign.c.obj (.text:copysign)
                  00004b8a    00000002     --HOLE-- [fill = 0]
                  00004b8c    00000018     msp432p4xx_driverlib.lib : timer_a.o (.text:Timer_A_clearTimer)
                  00004ba4    00000018                              : uart.o (.text:UART_getInterruptStatus)
                  00004bbc    00000018     rtsv7M4_T_le_v4SPD16_eabi.lib : vsnprintf.c.obj (.text:_outc)
                  00004bd4    00000018                                   : strcmp.c.obj (.text:strcmp)
                  00004bec    00000016     msp432p4xx_driverlib.lib : timer_a.o (.text:Timer_A_startCounter)
                  00004c02    00000016     rtsv7M4_T_le_v4SPD16_eabi.lib : strchr.c.obj (.text:strchr)
                  00004c18    00000014     msp432p4xx_driverlib.lib : pcm.o (.text:PCM_getPowerState)
                  00004c2c    00000014     MSPIO.obj (.text:PrintChar)
                  00004c40    00000014     msp432p4xx_driverlib.lib : timer_a.o (.text:Timer_A_stopTimer)
                  00004c54    00000014     rtsv7M4_T_le_v4SPD16_eabi.lib : strcpy.c.obj (.text:strcpy)
                  00004c68    00000014                                   : strlen.c.obj (.text:strlen)
                  00004c7c    00000012                                   : wcslen.c.obj (.text:wcslen)
                  00004c8e    00000010     msp432p4xx_driverlib.lib : interrupt.o (.text:Interrupt_enableMaster)
                  00004c9e    00000010                              : pcm.o (.text:PCM_gotoLPM4)
                  00004cae    00000010                              : pcm.o (.text:PCM_setCoreVoltageLevel)
                  00004cbe    00000010                              : pcm.o (.text:PCM_setPowerMode)
                  00004cce    00000010                              : pcm.o (.text:PCM_setPowerState)
                  00004cde    0000000e     rtsv7M4_T_le_v4SPD16_eabi.lib : copy_decompress_none.c.obj (.text:decompress:none:__TI_decompress_none)
                  00004cec    0000000c     msp432p4xx_driverlib.lib : cpu.o (.text:CPU_cpsie)
                  00004cf8    0000000c     startup_msp432p401r_ccs.obj (.text:Reset_Handler)
                  00004d04    0000000c     rtsv7M4_T_le_v4SPD16_eabi.lib : copy_zero_init.c.obj (.text:decompress:ZI:__TI_zero_init)
                  00004d10    00000008     ESP8266.obj (.text:ESP8266_GetBuffer)
                  00004d18    00000008     rtsv7M4_T_le_v4SPD16_eabi.lib : errno.c.obj (.text:__aeabi_errno_addr)
                  00004d20    00000008                                   : memory.c.obj (.text:malloc)
                  00004d28    00000004     msp432p4xx_driverlib.lib : cpu.o (.text:CPU_wfi)
                  00004d2c    00000004     rtsv7M4_T_le_v4SPD16_eabi.lib : printf.c.obj (.text:_outc)
                  00004d30    00000004                                   : printf.c.obj (.text:_outs)
                  00004d34    00000004                                   : pre_init.c.obj (.text:_system_pre_init)
                  00004d38    00000004                                   : exit.c.obj (.text:abort:abort)

.const     0    00004d3c    00000154     
                  00004d3c    00000101     rtsv7M4_T_le_v4SPD16_eabi.lib : ctype.c.obj (.const:.string:_ctypes_)
                  00004e3d    00000003     --HOLE-- [fill = 0]
                  00004e40    00000030     msp432p4xx_driverlib.lib : gpio.o (.const:GPIO_PORT_TO_BASE)
                  00004e70    00000018     Ultrasonic.obj (.const:$P$T0$1)
                  00004e88    00000008     msp432p4xx_driverlib.lib : interrupt.o (.const:g_pulEnRegs)

.cinit     0    00004e90    000000b0     
                  00004e90    0000008b     (.cinit..data.load) [load image, compression = lzss]
                  00004f1b    00000001     --HOLE-- [fill = 0]
                  00004f1c    0000000c     (__TI_handler_table)
                  00004f28    00000008     (.cinit..bss.load) [load image, compression = zero_init]
                  00004f30    00000010     (__TI_cinit_table)

.init_array 
*          0    00000000    00000000     UNINITIALIZED

.binit     0    00000000    00000000     

.bss       0    20000000    00001ae8     UNINITIALIZED
                  20000000    00000800     (.common:ESP8266_Buffer)
                  20000800    00000800     (.common:UARTA0Data)
                  20001000    00000800     (.common:UARTA2Data)
                  20001800    00000120     rtsv7M4_T_le_v4SPD16_eabi.lib : trgmsg.c.obj (.bss:_CIOBUF_)
                  20001920    00000100     main.obj (.bss:print_buffer$uart_println_1)
                  20001a20    000000a0     (.common:__TI_tmpnams)
                  20001ac0    00000008     msp432p4xx_driverlib.lib : cs.o (.bss)
                  20001ac8    00000008     (.common:parmbuf)
                  20001ad0    00000004     main.obj (.bss)
                  20001ad4    00000004     (.common:SR04IntTimes)
                  20001ad8    00000004     (.common:UARTA0ReadIndex)
                  20001adc    00000004     (.common:UARTA0WriteIndex)
                  20001ae0    00000004     (.common:UARTA2ReadIndex)
                  20001ae4    00000004     (.common:UARTA2WriteIndex)

.sysmem    0    20001ae8    00000800     UNINITIALIZED
                  20001ae8    00000010     rtsv7M4_T_le_v4SPD16_eabi.lib : memory.c.obj (.sysmem)
                  20001af8    000007f0     --HOLE--

.data      0    200022e8    00000268     UNINITIALIZED
                  200022e8    000000f0     rtsv7M4_T_le_v4SPD16_eabi.lib : defs.c.obj (.data:_ftable)
                  200023d8    00000078                                   : host_device.c.obj (.data:_device)
                  20002450    00000050                                   : host_device.c.obj (.data:_stream)
                  200024a0    00000028     UART.obj (.data:UART0Config)
                  200024c8    00000028     UART.obj (.data:UART2Config)
                  200024f0    00000018     PWM.obj (.data:pwmConfig)
                  20002508    00000018     PWM.obj (.data:pwmConfig_B)
                  20002520    00000010     rtsv7M4_T_le_v4SPD16_eabi.lib : defs.c.obj (.data)
                  20002530    0000000c                                   : exit.c.obj (.data:$O1$$)
                  2000253c    00000008                                   : _lock.c.obj (.data:$O1$$)
                  20002544    00000008                                   : memory.c.obj (.data:$O1$$)
                  2000254c    00000004                                   : errno.c.obj (.data)

.stack     0    2000fe00    00000200     UNINITIALIZED
                  2000fe00    00000004     rtsv7M4_T_le_v4SPD16_eabi.lib : boot_cortex_m.c.obj (.stack)
                  2000fe04    000001fc     --HOLE--

__llvm_prf_cnts 
*          0    20000000    00000000     UNINITIALIZED

MODULE SUMMARY

       Module                        code    ro data   rw data
       ------                        ----    -------   -------
    .\
       UART.obj                      376     0         8384   
       main.obj                      476     0         520    
       Ultrasonic.obj                408     24        8      
       PWM.obj                       244     0         96     
       system_msp432p401r.obj        120     0         0      
    +--+-----------------------------+-------+---------+---------+
       Total:                        1624    24        9008   
                                                              
    .\Devices\
       ESP8266.obj                   536     0         4096   
       MSPIO.obj                     380     0         0      
    +--+-----------------------------+-------+---------+---------+
       Total:                        916     0         4096   
                                                              
    .\Hardware\
       UART_Driver.obj               1268    0         0      
    +--+-----------------------------+-------+---------+---------+
       Total:                        1268    0         0      
                                                              
    .\ccs\
       startup_msp432p401r_ccs.obj   14      228       0      
    +--+-----------------------------+-------+---------+---------+
       Total:                        14      228       0      
                                                              
    C:/ti/simplelink_msp432p4_sdk_3_40_01_02/source/ti/devices/msp432p4xx/driverlib/ccs/msp432p4xx_driverlib.lib
       pcm.o                         1786    0         0      
       cs.o                          870     0         16     
       timer_a.o                     730     0         0      
       gpio.o                        548     48        0      
       uart.o                        408     0         0      
       interrupt.o                   144     8         0      
       sysctl_a.o                    148     0         0      
       flash.o                       72      0         0      
       rtc_c.o                       44      0         0      
       wdt_a.o                       36      0         0      
       cpu.o                         16      0         0      
    +--+-----------------------------+-------+---------+---------+
       Total:                        4802    56        16     
                                                              
    C:\ti\ccs1000\ccs\tools\compiler\ti-cgt-arm_20.2.5.LTS\lib\rtsv7M4_T_le_v4SPD16_eabi.lib
       _printfi.c.obj                4851    0         0      
       defs.c.obj                    0       0         832    
       memory.c.obj                  672     0         16     
       trgmsg.c.obj                  108     0         576    
       fd_add_t2.asm.obj             438     0         0      
       host_device.c.obj             0       0         400    
       fd_div_t2.asm.obj             310     0         0      
       fputs.c.obj                   276     0         0      
       s_scalbn.c.obj                272     0         0      
       fd_cmp_t2.asm.obj             268     0         0      
       ctype.c.obj                   0       257       0      
       fd_mul_t2.asm.obj             252     0         0      
       setvbuf.c.obj                 220     0         0      
       memcpy_t2.asm.obj             156     0         0      
       ull_div_t2.asm.obj            150     0         0      
       fputc.c.obj                   140     0         0      
       vsnprintf.c.obj               136     0         0      
       memset_t2.asm.obj             122     0         0      
       fclose.c.obj                  116     0         0      
       getdevice.c.obj               116     0         0      
       hostopen.c.obj                96      0         16     
       printf.c.obj                  112     0         0      
       hostrename.c.obj              108     0         0      
       copy_decompress_lzss.c.obj    104     0         0      
       hostlseek.c.obj               104     0         0      
       exit.c.obj                    76      0         24     
       fseek.c.obj                   100     0         0      
       s_frexp.c.obj                 100     0         0      
       _io_perm.c.obj                98      0         0      
       close.c.obj                   92      0         0      
       hostread.c.obj                88      0         0      
       hostwrite.c.obj               88      0         0      
       _ltoa.c.obj                   84      0         0      
       atoi.c.obj                    76      0         0      
       fflush.c.obj                  76      0         0      
       fd_toi_t2.asm.obj             72      0         0      
       autoinit.c.obj                68      0         0      
       hostclose.c.obj               68      0         0      
       hostunlink.c.obj              68      0         0      
       strncpy.c.obj                 54      0         0      
       boot_cortex_m.c.obj           52      0         0      
       fopen.c.obj                   52      0         0      
       strstr.c.obj                  52      0         0      
       i_tofd_t2.asm.obj             46      0         0      
       unlink.c.obj                  44      0         0      
       lseek.c.obj                   40      0         0      
       write.c.obj                   40      0         0      
       memchr.c.obj                  32      0         0      
       memccpy.c.obj                 28      0         0      
       s_copysign.c.obj              26      0         0      
       strcmp.c.obj                  24      0         0      
       strchr.c.obj                  22      0         0      
       strcpy.c.obj                  20      0         0      
       strlen.c.obj                  20      0         0      
       _lock.c.obj                   2       0         16     
       wcslen.c.obj                  18      0         0      
       errno.c.obj                   8       0         8      
       copy_decompress_none.c.obj    14      0         0      
       copy_zero_init.c.obj          12      0         0      
       pre_init.c.obj                4       0         0      
       div0.asm.obj                  2       0         0      
    +--+-----------------------------+-------+---------+---------+
       Total:                        10893   257       1888   
                                                              
       Heap:                         0       0         4096   
       Stack:                        0       0         1024   
       Linker Generated:             0       175       0      
    +--+-----------------------------+-------+---------+---------+
       Grand Total:                  19517   740       20128  


LINKER GENERATED COPY TABLES

__TI_cinit_table @ 00004f30 records: 2, size/record: 8, table size: 16
	.data: load addr=00004e90, load size=0000008b bytes, run addr=200022e8, run size=00000268 bytes, compression=lzss
	.bss: load addr=00004f28, load size=00000008 bytes, run addr=20000000, run size=00001ae8 bytes, compression=zero_init


LINKER GENERATED HANDLER TABLE

__TI_handler_table @ 00004f1c records: 3, size/record: 4, table size: 12
	index: 0, handler: __TI_decompress_lzss
	index: 1, handler: __TI_decompress_none
	index: 2, handler: __TI_zero_init


GLOBAL SYMBOLS: SORTED ALPHABETICALLY BY Name 

address   name                                  
-------   ----                                  
000013b3  ADC14_IRQHandler                      
000013b3  AES256_IRQHandler                     
000013b3  BusFault_Handler                      
00004d39  C$$EXIT                               
000045db  C$$IO$$                               
000013b3  COMP_E0_IRQHandler                    
000013b3  COMP_E1_IRQHandler                    
00004ced  CPU_cpsie                             
00004d29  CPU_wfi                               
000013b3  CS_IRQHandler                         
0000478d  CS_clearInterruptFlag                 
00002661  CS_getDCOFrequency                    
00004901  CS_getSMCLK                           
00004655  CS_setDCOCenteredFrequency            
000013b3  DMA_ERR_IRQHandler                    
000013b3  DMA_INT0_IRQHandler                   
000013b3  DMA_INT1_IRQHandler                   
000013b3  DMA_INT2_IRQHandler                   
000013b3  DMA_INT3_IRQHandler                   
000013b3  DebugMon_Handler                      
000013b3  Default_Handler                       
20000000  ESP8266_Buffer                        
00002d95  ESP8266_ConnectToAP                   
0000407d  ESP8266_Disconnect                    
00004d11  ESP8266_GetBuffer                     
00004689  ESP8266_HardReset                     
0000326d  ESP8266_Terminal                      
0000336d  ESP8266_WaitForAnswer                 
00002b31  EUSCIA0_IRQHandler                    
00002b31  EUSCIA0_IRQHandler                    
000013b3  EUSCIA1_IRQHandler                    
00002e25  EUSCIA2_IRQHandler                    
00002e25  EUSCIA2_IRQHandler                    
000013b3  EUSCIA3_IRQHandler                    
000013b3  EUSCIB0_IRQHandler                    
000013b3  EUSCIB1_IRQHandler                    
000013b3  EUSCIB2_IRQHandler                    
000013b3  EUSCIB3_IRQHandler                    
000013b3  FLCTL_IRQHandler                      
000013b3  FPU_IRQHandler                        
000041fd  FlashCtl_setWaitState                 
00004929  GPIO_clearInterruptFlag               
00004951  GPIO_enableInterrupt                  
000047bd  GPIO_getInputPinValue                 
00004571  GPIO_interruptEdgeSelect              
00003d75  GPIO_setAsInputPinWithPullDownResistor
00003dcd  GPIO_setAsInputPinWithPullUpResistor  
00004471  GPIO_setAsOutputPin                   
00004979  GPIO_setOutputHighOnPin               
000049a1  GPIO_setOutputLowOnPin                
000049c9  GPIO_toggleOutputOnPin                
0000431d  HOSTclose                             
00003805  HOSTlseek                             
00003bfd  HOSTopen                              
00003e25  HOSTread                              
00003799  HOSTrename                            
00004361  HOSTunlink                            
00003e7d  HOSTwrite                             
000013b3  HardFault_Handler                     
00003f2d  Initalise_HCSR04                      
000032ed  Interrupt_enableInterrupt             
00004c8f  Interrupt_enableMaster                
00002919  MSPrintf                              
000013b3  MemManage_Handler                     
000013b3  NMI_Handler                           
000013b3  PCM_IRQHandler                        
00003c5d  PCM_getCoreVoltageLevel               
00003d19  PCM_getPowerMode                      
00004c19  PCM_getPowerState                     
000049f1  PCM_gotoLPM0                          
000031e9  PCM_gotoLPM3                          
00004c9f  PCM_gotoLPM4                          
00004caf  PCM_setCoreVoltageLevel               
00004cbf  PCM_setPowerMode                      
00004ccf  PCM_setPowerState                     
00003f81  PCM_shutdownDevice                    
00002eb1  PORT1_IRQHandler                      
00002eb1  PORT1_IRQHandler                      
00004245  PORT2_IRQHandler                      
00004245  PORT2_IRQHandler                      
000013b3  PORT3_IRQHandler                      
000013b3  PORT4_IRQHandler                      
000013b3  PORT5_IRQHandler                      
000013b3  PORT6_IRQHandler                      
000013b3  PSS_IRQHandler                        
000013b3  PendSV_Handler                        
00004c2d  PrintChar                             
00002f3d  PrintInteger                          
00004ad9  PrintString                           
000013b3  RTC_C_IRQHandler                      
0000487d  RTC_C_holdClock                       
00004cf9  Reset_Handler                         
20001ad4  SR04IntTimes                          
000013b3  SVC_Handler                           
00002d01  SysCtl_A_getTLVInfo                   
000013b3  SysTick_Handler                       
000034e1  SystemInit                            
000013b3  T32_INT1_IRQHandler                   
000013b3  T32_INT2_IRQHandler                   
000013b3  T32_INTC_IRQHandler                   
00004b1d  TA0_0_IRQHandler                      
00004b1d  TA0_0_IRQHandler                      
000013b3  TA0_N_IRQHandler                      
000013b3  TA1_0_IRQHandler                      
000013b3  TA1_N_IRQHandler                      
000013b3  TA2_0_IRQHandler                      
000013b3  TA2_N_IRQHandler                      
000013b3  TA3_0_IRQHandler                      
000013b3  TA3_N_IRQHandler                      
000048a9  Timer_A_clearCaptureCompareInterrupt  
00004b8d  Timer_A_clearTimer                    
0000386d  Timer_A_configureUpMode               
000035d1  Timer_A_generatePWM                   
000040cd  Timer_A_getCounterValue               
00004bed  Timer_A_startCounter                  
00004c41  Timer_A_stopTimer                     
200024a0  UART0Config                           
200024c8  UART2Config                           
20000800  UARTA0Data                            
20001ad8  UARTA0ReadIndex                       
20001adc  UARTA0WriteIndex                      
20001000  UARTA2Data                            
20001ae0  UARTA2ReadIndex                       
20001ae4  UARTA2WriteIndex                      
00004119  UART_Available                        
00002a87  UART_Gets                             
00001689  UART_Printf                           
00001925  UART_Read                             
000044b1  UART_Write                            
00003a0d  UART_getEnabledInterruptStatus        
00004ba5  UART_getInterruptStatus               
00001dfd  UART_initModule                       
000013b3  UsageFault_Handler                    
4000480c  WDTCTL_SYM                            
000013b3  WDT_A_IRQHandler                      
00004ab5  WDT_A_holdTimer                       
20001800  __CIOBUF_                             
20010000  __STACK_END                           
00000200  __STACK_SIZE                          
00000800  __SYSMEM_SIZE                         
00004f30  __TI_CINIT_Base                       
00004f40  __TI_CINIT_Limit                      
00004f1c  __TI_Handler_Table_Base               
00004f28  __TI_Handler_Table_Limit              
000043a5  __TI_auto_init_nobinit_nopinit        
000046bd  __TI_cleanup                          
20002530  __TI_cleanup_ptr                      
00003645  __TI_closefile                        
000038d5  __TI_decompress_lzss                  
00004cdf  __TI_decompress_none                  
00004165  __TI_doflush                          
20002534  __TI_dtors_ptr                        
20002538  __TI_enable_exit_profile_output       
20002520  __TI_ft_end                           
00003fd5  __TI_ltoa                             
ffffffff  __TI_pprof_out_hndl                   
000000e5  __TI_printfi                          
ffffffff  __TI_prof_data_size                   
ffffffff  __TI_prof_data_start                  
000046f1  __TI_readmsg                          
00000000  __TI_static_base__                    
20001a20  __TI_tmpnams                          
000045ad  __TI_writemsg                         
00003b9b  __TI_wrt_ok                           
00004d05  __TI_zero_init                        
000030dd  __aeabi_cdcmpeq                       
000030dd  __aeabi_cdcmple                       
00003163  __aeabi_cdrcmple                      
000042d5  __aeabi_d2iz                          
00001207  __aeabi_dadd                          
00001ba1  __aeabi_ddiv                          
00002565  __aeabi_dmul                          
000011fd  __aeabi_dsub                          
00004d19  __aeabi_errno_addr                    
0000484d  __aeabi_i2d                           
000029d3  __aeabi_idiv0                         
000029d3  __aeabi_ldiv0                         
00003465  __aeabi_memclr                        
00003465  __aeabi_memclr4                       
00003465  __aeabi_memclr8                       
00002bcd  __aeabi_memcpy                        
00002bcd  __aeabi_memcpy4                       
00002bcd  __aeabi_memcpy8                       
00003467  __aeabi_memset                        
00003467  __aeabi_memset4                       
00003467  __aeabi_memset8                       
2000252c  __aeabi_stderr                        
20002524  __aeabi_stdin                         
20002528  __aeabi_stdout                        
00002c69  __aeabi_uldivmod                      
ffffffff  __binit__                             
ffffffff  __c_args__                            
UNDEFED   __mpu_init                            
2000fe00  __stack                               
20000000  __start___llvm_prf_cnts               
20000000  __stop___llvm_prf_cnts                
00004725  _c_int00_noargs                       
00004d3c  _ctypes_                              
200023d8  _device                               
200022e8  _ftable                               
2000253c  _lock                                 
00001cd7  _nop                                  
20002450  _stream                               
20001ae8  _sys_memory                           
UNDEFED   _system_post_cinit                    
00004d35  _system_pre_init                      
20002540  _unlock                               
00004d39  abort                                 
00002465  aligned_alloc                         
000041b1  atoi                                  
ffffffff  binit                                 
00003cbd  close                                 
00004b71  copysign                              
00004b71  copysignl                             
2000254c  errno                                 
0000428d  exit                                  
0000481d  finddevice                            
00002fc9  fputc                                 
00002035  fputs                                 
00002759  free                                  
00003a71  frexp                                 
00003a71  frexpl                                
00003ad5  fseek                                 
00003055  getHCSR04Distance                     
000043e9  getdevice                             
000013b5  init_UART                             
0000442d  init_ultrasonic                       
0000393d  init_wheel                            
00000000  interruptVectors                      
00002149  ldexp                                 
00002149  ldexpl                                
00004a41  lseek                                 
00001f19  main                                  
00004d21  malloc                                
00002465  memalign                              
00004b55  memccpy                               
00004afb  memchr                                
00002bcd  memcpy                                
0000346d  memset                                
20001ac8  parmbuf                               
20001920  print_buffer$uart_println_1           
000039a5  printf                                
00002fc9  putc                                  
200024f0  pwmConfig                             
20002508  pwmConfig_B                           
000048d5  remove                                
00002149  scalbn                                
00002149  scalbnl                               
0000283d  setvbuf                               
00004c03  strchr                                
00004bd5  strcmp                                
00004c55  strcpy                                
00004c69  strlen                                
0000461d  strncpy                               
00004759  strstr                                
00003559  uart_println                          
000048d5  unlink                                
000044f1  vsnprintf                             
00004c7d  wcslen                                
00004a69  write                                 


GLOBAL SYMBOLS: SORTED BY Symbol Address 

address   name                                  
-------   ----                                  
00000000  __TI_static_base__                    
00000000  interruptVectors                      
000000e5  __TI_printfi                          
00000200  __STACK_SIZE                          
00000800  __SYSMEM_SIZE                         
000011fd  __aeabi_dsub                          
00001207  __aeabi_dadd                          
000013b3  ADC14_IRQHandler                      
000013b3  AES256_IRQHandler                     
000013b3  BusFault_Handler                      
000013b3  COMP_E0_IRQHandler                    
000013b3  COMP_E1_IRQHandler                    
000013b3  CS_IRQHandler                         
000013b3  DMA_ERR_IRQHandler                    
000013b3  DMA_INT0_IRQHandler                   
000013b3  DMA_INT1_IRQHandler                   
000013b3  DMA_INT2_IRQHandler                   
000013b3  DMA_INT3_IRQHandler                   
000013b3  DebugMon_Handler                      
000013b3  Default_Handler                       
000013b3  EUSCIA1_IRQHandler                    
000013b3  EUSCIA3_IRQHandler                    
000013b3  EUSCIB0_IRQHandler                    
000013b3  EUSCIB1_IRQHandler                    
000013b3  EUSCIB2_IRQHandler                    
000013b3  EUSCIB3_IRQHandler                    
000013b3  FLCTL_IRQHandler                      
000013b3  FPU_IRQHandler                        
000013b3  HardFault_Handler                     
000013b3  MemManage_Handler                     
000013b3  NMI_Handler                           
000013b3  PCM_IRQHandler                        
000013b3  PORT3_IRQHandler                      
000013b3  PORT4_IRQHandler                      
000013b3  PORT5_IRQHandler                      
000013b3  PORT6_IRQHandler                      
000013b3  PSS_IRQHandler                        
000013b3  PendSV_Handler                        
000013b3  RTC_C_IRQHandler                      
000013b3  SVC_Handler                           
000013b3  SysTick_Handler                       
000013b3  T32_INT1_IRQHandler                   
000013b3  T32_INT2_IRQHandler                   
000013b3  T32_INTC_IRQHandler                   
000013b3  TA0_N_IRQHandler                      
000013b3  TA1_0_IRQHandler                      
000013b3  TA1_N_IRQHandler                      
000013b3  TA2_0_IRQHandler                      
000013b3  TA2_N_IRQHandler                      
000013b3  TA3_0_IRQHandler                      
000013b3  TA3_N_IRQHandler                      
000013b3  UsageFault_Handler                    
000013b3  WDT_A_IRQHandler                      
000013b5  init_UART                             
00001689  UART_Printf                           
00001925  UART_Read                             
00001ba1  __aeabi_ddiv                          
00001cd7  _nop                                  
00001dfd  UART_initModule                       
00001f19  main                                  
00002035  fputs                                 
00002149  ldexp                                 
00002149  ldexpl                                
00002149  scalbn                                
00002149  scalbnl                               
00002465  aligned_alloc                         
00002465  memalign                              
00002565  __aeabi_dmul                          
00002661  CS_getDCOFrequency                    
00002759  free                                  
0000283d  setvbuf                               
00002919  MSPrintf                              
000029d3  __aeabi_idiv0                         
000029d3  __aeabi_ldiv0                         
00002a87  UART_Gets                             
00002b31  EUSCIA0_IRQHandler                    
00002b31  EUSCIA0_IRQHandler                    
00002bcd  __aeabi_memcpy                        
00002bcd  __aeabi_memcpy4                       
00002bcd  __aeabi_memcpy8                       
00002bcd  memcpy                                
00002c69  __aeabi_uldivmod                      
00002d01  SysCtl_A_getTLVInfo                   
00002d95  ESP8266_ConnectToAP                   
00002e25  EUSCIA2_IRQHandler                    
00002e25  EUSCIA2_IRQHandler                    
00002eb1  PORT1_IRQHandler                      
00002eb1  PORT1_IRQHandler                      
00002f3d  PrintInteger                          
00002fc9  fputc                                 
00002fc9  putc                                  
00003055  getHCSR04Distance                     
000030dd  __aeabi_cdcmpeq                       
000030dd  __aeabi_cdcmple                       
00003163  __aeabi_cdrcmple                      
000031e9  PCM_gotoLPM3                          
0000326d  ESP8266_Terminal                      
000032ed  Interrupt_enableInterrupt             
0000336d  ESP8266_WaitForAnswer                 
00003465  __aeabi_memclr                        
00003465  __aeabi_memclr4                       
00003465  __aeabi_memclr8                       
00003467  __aeabi_memset                        
00003467  __aeabi_memset4                       
00003467  __aeabi_memset8                       
0000346d  memset                                
000034e1  SystemInit                            
00003559  uart_println                          
000035d1  Timer_A_generatePWM                   
00003645  __TI_closefile                        
00003799  HOSTrename                            
00003805  HOSTlseek                             
0000386d  Timer_A_configureUpMode               
000038d5  __TI_decompress_lzss                  
0000393d  init_wheel                            
000039a5  printf                                
00003a0d  UART_getEnabledInterruptStatus        
00003a71  frexp                                 
00003a71  frexpl                                
00003ad5  fseek                                 
00003b9b  __TI_wrt_ok                           
00003bfd  HOSTopen                              
00003c5d  PCM_getCoreVoltageLevel               
00003cbd  close                                 
00003d19  PCM_getPowerMode                      
00003d75  GPIO_setAsInputPinWithPullDownResistor
00003dcd  GPIO_setAsInputPinWithPullUpResistor  
00003e25  HOSTread                              
00003e7d  HOSTwrite                             
00003f2d  Initalise_HCSR04                      
00003f81  PCM_shutdownDevice                    
00003fd5  __TI_ltoa                             
0000407d  ESP8266_Disconnect                    
000040cd  Timer_A_getCounterValue               
00004119  UART_Available                        
00004165  __TI_doflush                          
000041b1  atoi                                  
000041fd  FlashCtl_setWaitState                 
00004245  PORT2_IRQHandler                      
00004245  PORT2_IRQHandler                      
0000428d  exit                                  
000042d5  __aeabi_d2iz                          
0000431d  HOSTclose                             
00004361  HOSTunlink                            
000043a5  __TI_auto_init_nobinit_nopinit        
000043e9  getdevice                             
0000442d  init_ultrasonic                       
00004471  GPIO_setAsOutputPin                   
000044b1  UART_Write                            
000044f1  vsnprintf                             
00004571  GPIO_interruptEdgeSelect              
000045ad  __TI_writemsg                         
000045db  C$$IO$$                               
0000461d  strncpy                               
00004655  CS_setDCOCenteredFrequency            
00004689  ESP8266_HardReset                     
000046bd  __TI_cleanup                          
000046f1  __TI_readmsg                          
00004725  _c_int00_noargs                       
00004759  strstr                                
0000478d  CS_clearInterruptFlag                 
000047bd  GPIO_getInputPinValue                 
0000481d  finddevice                            
0000484d  __aeabi_i2d                           
0000487d  RTC_C_holdClock                       
000048a9  Timer_A_clearCaptureCompareInterrupt  
000048d5  remove                                
000048d5  unlink                                
00004901  CS_getSMCLK                           
00004929  GPIO_clearInterruptFlag               
00004951  GPIO_enableInterrupt                  
00004979  GPIO_setOutputHighOnPin               
000049a1  GPIO_setOutputLowOnPin                
000049c9  GPIO_toggleOutputOnPin                
000049f1  PCM_gotoLPM0                          
00004a41  lseek                                 
00004a69  write                                 
00004ab5  WDT_A_holdTimer                       
00004ad9  PrintString                           
00004afb  memchr                                
00004b1d  TA0_0_IRQHandler                      
00004b1d  TA0_0_IRQHandler                      
00004b55  memccpy                               
00004b71  copysign                              
00004b71  copysignl                             
00004b8d  Timer_A_clearTimer                    
00004ba5  UART_getInterruptStatus               
00004bd5  strcmp                                
00004bed  Timer_A_startCounter                  
00004c03  strchr                                
00004c19  PCM_getPowerState                     
00004c2d  PrintChar                             
00004c41  Timer_A_stopTimer                     
00004c55  strcpy                                
00004c69  strlen                                
00004c7d  wcslen                                
00004c8f  Interrupt_enableMaster                
00004c9f  PCM_gotoLPM4                          
00004caf  PCM_setCoreVoltageLevel               
00004cbf  PCM_setPowerMode                      
00004ccf  PCM_setPowerState                     
00004cdf  __TI_decompress_none                  
00004ced  CPU_cpsie                             
00004cf9  Reset_Handler                         
00004d05  __TI_zero_init                        
00004d11  ESP8266_GetBuffer                     
00004d19  __aeabi_errno_addr                    
00004d21  malloc                                
00004d29  CPU_wfi                               
00004d35  _system_pre_init                      
00004d39  C$$EXIT                               
00004d39  abort                                 
00004d3c  _ctypes_                              
00004f1c  __TI_Handler_Table_Base               
00004f28  __TI_Handler_Table_Limit              
00004f30  __TI_CINIT_Base                       
00004f40  __TI_CINIT_Limit                      
20000000  ESP8266_Buffer                        
20000000  __start___llvm_prf_cnts               
20000000  __stop___llvm_prf_cnts                
20000800  UARTA0Data                            
20001000  UARTA2Data                            
20001800  __CIOBUF_                             
20001920  print_buffer$uart_println_1           
20001a20  __TI_tmpnams                          
20001ac8  parmbuf                               
20001ad4  SR04IntTimes                          
20001ad8  UARTA0ReadIndex                       
20001adc  UARTA0WriteIndex                      
20001ae0  UARTA2ReadIndex                       
20001ae4  UARTA2WriteIndex                      
20001ae8  _sys_memory                           
200022e8  _ftable                               
200023d8  _device                               
20002450  _stream                               
200024a0  UART0Config                           
200024c8  UART2Config                           
200024f0  pwmConfig                             
20002508  pwmConfig_B                           
20002520  __TI_ft_end                           
20002524  __aeabi_stdin                         
20002528  __aeabi_stdout                        
2000252c  __aeabi_stderr                        
20002530  __TI_cleanup_ptr                      
20002534  __TI_dtors_ptr                        
20002538  __TI_enable_exit_profile_output       
2000253c  _lock                                 
20002540  _unlock                               
2000254c  errno                                 
2000fe00  __stack                               
20010000  __STACK_END                           
4000480c  WDTCTL_SYM                            
ffffffff  __TI_pprof_out_hndl                   
ffffffff  __TI_prof_data_size                   
ffffffff  __TI_prof_data_start                  
ffffffff  __binit__                             
ffffffff  __c_args__                            
ffffffff  binit                                 
UNDEFED   __mpu_init                            
UNDEFED   _system_post_cinit                    

[260 symbols]
