******************************************************************************
                  TI ARM Linker PC v20.2.5                     
******************************************************************************
>> Linked Wed Oct 20 18:23:03 2021

OUTPUT FILE NAME:   <IRAcer.out>
ENTRY POINT SYMBOL: "_c_int00_noargs"  address: 000034ed


MEMORY CONFIGURATION

         name            origin    length      used     unused   attr    fill
----------------------  --------  ---------  --------  --------  ----  --------
  MAIN                  00000000   00040000  000039c4  0003c63c  R  X
  INFO                  00200000   00004000  00000000  00004000  R  X
  SRAM_CODE             01000000   00010000  00001b98  0000e468  RW X
  SRAM_DATA             20000000   00010000  00001b98  0000e468  RW  


SEGMENT ALLOCATION MAP

run origin  load origin   length   init length attrs members
----------  ----------- ---------- ----------- ----- -------
00000000    00000000    000039c8   000039c8    r-x
  00000000    00000000    000000e4   000000e4    r-- .intvecs
  000000e4    000000e4    0000374c   0000374c    r-x .text
  00003830    00003830    0000013c   0000013c    r-- .const
  00003970    00003970    00000058   00000058    r-- .cinit
20000000    20000000    00001998   00000000    rw-
  20000000    20000000    00001914   00000000    rw- .bss
  20001914    20001914    00000084   00000000    rw- .data
2000fe00    2000fe00    00000200   00000000    rw-
  2000fe00    2000fe00    00000200   00000000    rw- .stack


SECTION ALLOCATION MAP

 output                                  attributes/
section   page    origin      length       input sections
--------  ----  ----------  ----------   ----------------
.intvecs   0    00000000    000000e4     
                  00000000    000000e4     startup_msp432p401r_ccs.obj (.intvecs:retain)

.text      0    000000e4    0000374c     
                  000000e4    00000a4e     rtsv7M4_T_le_v4SPD16_eabi.lib : _printfi.c.obj (.text:__TI_printfi)
                  00000b32    0000028a     msp432p4xx_driverlib.lib : pcm.o (.text:__PCM_setPowerStateAdvanced)
                  00000dbc    00000270     rtsv7M4_T_le_v4SPD16_eabi.lib : _printfi.c.obj (.text:_pconv_a)
                  0000102c    000001d0                                   : _printfi.c.obj (.text:_pconv_g)
                  000011fc    000001b6                                   : fd_add_t2.asm.obj (.text)
                  000013b2    00000002     startup_msp432p401r_ccs.obj (.text:Default_Handler)
                  000013b4    0000015c     msp432p4xx_driverlib.lib : pcm.o (.text:__PCM_setPowerModeAdvanced)
                  00001510    00000158     UART_Driver.obj (.text:UART_Printf)
                  00001668    0000014c     UART.obj (.text:setUpUART)
                  000017b4    00000144     msp432p4xx_driverlib.lib : timer_a.o (.text:privateTimer_AProcessClockSourceDivider)
                  000018f8    00000140     UART_Driver.obj (.text:UART_Read)
                  00001a38    0000013c     rtsv7M4_T_le_v4SPD16_eabi.lib : _printfi.c.obj (.text:_pconv_e)
                  00001b74    00000136                                   : fd_div_t2.asm.obj (.text)
                  00001caa    00000002                                   : div0.asm.obj (.text)
                  00001cac    00000124                                   : _printfi.c.obj (.text:fcvt)
                  00001dd0    0000011c     msp432p4xx_driverlib.lib : uart.o (.text:UART_initModule)
                  00001eec    00000110     rtsv7M4_T_le_v4SPD16_eabi.lib : s_scalbn.c.obj (.text:scalbn)
                  00001ffc    00000108     msp432p4xx_driverlib.lib : pcm.o (.text:__PCM_setCoreVoltageLevelAdvanced)
                  00002104    000000fc     rtsv7M4_T_le_v4SPD16_eabi.lib : fd_mul_t2.asm.obj (.text)
                  00002200    000000ba     MSPIO.obj (.text:MSPrintf)
                  000022ba    00000002     --HOLE-- [fill = 0]
                  000022bc    000000b1     rtsv7M4_T_le_v4SPD16_eabi.lib : _printfi.c.obj (.text:_ltostr)
                  0000236d    00000001     --HOLE-- [fill = 0]
                  0000236e    000000a8     UART_Driver.obj (.text:UART_Gets)
                  00002416    00000002     --HOLE-- [fill = 0]
                  00002418    0000009c     UART_Driver.obj (.text:EUSCIA0_IRQHandler)
                  000024b4    0000009c     rtsv7M4_T_le_v4SPD16_eabi.lib : memcpy_t2.asm.obj (.text)
                  00002550    00000098     main.obj (.text:main)
                  000025e8    00000096     rtsv7M4_T_le_v4SPD16_eabi.lib : ull_div_t2.asm.obj (.text)
                  0000267e    00000002     --HOLE-- [fill = 0]
                  00002680    0000008c     ESP8266.obj (.text:ESP8266_WaitForAnswer)
                  0000270c    0000008c     UART_Driver.obj (.text:EUSCIA2_IRQHandler)
                  00002798    0000008c     PWM.obj (.text:PORT1_IRQHandler)
                  00002824    0000008c     MSPIO.obj (.text:PrintInteger)
                  000028b0    00000088     ESP8266.obj (.text:ESP8266_ConnectToAP)
                  00002938    00000086     rtsv7M4_T_le_v4SPD16_eabi.lib : fd_cmp_t2.asm.obj (.text:__aeabi_cdcmple)
                  000029be    00000086                                   : fd_cmp_t2.asm.obj (.text:__aeabi_cdrcmple)
                  00002a44    00000084     msp432p4xx_driverlib.lib : pcm.o (.text:PCM_gotoLPM3)
                  00002ac8    00000080     ESP8266.obj (.text:ESP8266_Terminal)
                  00002b48    00000080     msp432p4xx_driverlib.lib : interrupt.o (.text:Interrupt_enableInterrupt)
                  00002bc8    0000007a     rtsv7M4_T_le_v4SPD16_eabi.lib : memset_t2.asm.obj (.text)
                  00002c42    00000002     --HOLE-- [fill = 0]
                  00002c44    00000078     system_msp432p401r.obj (.text:SystemInit)
                  00002cbc    00000078     main.obj (.text:uart_println)
                  00002d34    00000074     msp432p4xx_driverlib.lib : timer_a.o (.text:Timer_A_generatePWM)
                  00002da8    0000006e     rtsv7M4_T_le_v4SPD16_eabi.lib : _printfi.c.obj (.text:_mcpy)
                  00002e16    00000068                                   : copy_decompress_lzss.c.obj (.text:decompress:lzss:__TI_decompress_lzss)
                  00002e7e    00000002     --HOLE-- [fill = 0]
                  00002e80    00000068     PWM.obj (.text:init_wheel)
                  00002ee8    00000064     msp432p4xx_driverlib.lib : uart.o (.text:UART_getEnabledInterruptStatus)
                  00002f4c    00000064     rtsv7M4_T_le_v4SPD16_eabi.lib : s_frexp.c.obj (.text:frexp)
                  00002fb0    0000005e     msp432p4xx_driverlib.lib : pcm.o (.text:PCM_getCoreVoltageLevel)
                  0000300e    0000005a                              : pcm.o (.text:PCM_getPowerMode)
                  00003068    00000058                              : gpio.o (.text:GPIO_setAsInputPinWithPullUpResistor)
                  000030c0    00000056     rtsv7M4_T_le_v4SPD16_eabi.lib : _printfi.c.obj (.text:_pconv_f)
                  00003116    00000002     --HOLE-- [fill = 0]
                  00003118    00000054     msp432p4xx_driverlib.lib : pcm.o (.text:PCM_shutdownDevice)
                  0000316c    00000054     rtsv7M4_T_le_v4SPD16_eabi.lib : _ltoa.c.obj (.text:__TI_ltoa)
                  000031c0    00000052                                   : _printfi.c.obj (.text:_ecpy)
                  00003212    00000002     --HOLE-- [fill = 0]
                  00003214    0000004c                                   : atoi.c.obj (.text:atoi)
                  00003260    00000048     msp432p4xx_driverlib.lib : flash.o (.text:FlashCtl_setWaitState)
                  000032a8    00000048     main.obj (.text:PORT2_IRQHandler)
                  000032f0    00000048     rtsv7M4_T_le_v4SPD16_eabi.lib : fd_toi_t2.asm.obj (.text)
                  00003338    00000044                                   : autoinit.c.obj (.text:__TI_auto_init_nobinit_nopinit:__TI_auto_init_nobinit_nopinit)
                  0000337c    00000040     msp432p4xx_driverlib.lib : gpio.o (.text:GPIO_setAsOutputPin)
                  000033bc    00000040     UART_Driver.obj (.text:UART_Write)
                  000033fc    00000040     rtsv7M4_T_le_v4SPD16_eabi.lib : vsnprintf.c.obj (.text:vsnprintf)
                  0000343c    0000003e                                   : _printfi.c.obj (.text:_fcpy)
                  0000347a    00000002     --HOLE-- [fill = 0]
                  0000347c    0000003c     msp432p4xx_driverlib.lib : gpio.o (.text:GPIO_interruptEdgeSelect)
                  000034b8    00000034                              : cs.o (.text:CS_setDCOCenteredFrequency)
                  000034ec    00000034     rtsv7M4_T_le_v4SPD16_eabi.lib : boot_cortex_m.c.obj (.text:_c_int00_noargs:_c_int00_noargs)
                  00003520    00000034                                   : strstr.c.obj (.text:strstr)
                  00003554    00000030                                   : vsnprintf.c.obj (.text:_outs)
                  00003584    0000002e                                   : i_tofd_t2.asm.obj (.text)
                  000035b2    00000002     --HOLE-- [fill = 0]
                  000035b4    0000002c     msp432p4xx_driverlib.lib : rtc_c.o (.text:RTC_C_holdClock)
                  000035e0    00000028                              : gpio.o (.text:GPIO_clearInterruptFlag)
                  00003608    00000028                              : gpio.o (.text:GPIO_enableInterrupt)
                  00003630    00000028                              : gpio.o (.text:GPIO_toggleOutputOnPin)
                  00003658    00000028                              : pcm.o (.text:PCM_gotoLPM0)
                  00003680    00000024                              : wdt_a.o (.text:WDT_A_holdTimer)
                  000036a4    00000022     MSPIO.obj (.text:PrintString)
                  000036c6    0000001c     rtsv7M4_T_le_v4SPD16_eabi.lib : memccpy.c.obj (.text:memccpy)
                  000036e2    0000001a                                   : s_copysign.c.obj (.text:copysign)
                  000036fc    00000018     msp432p4xx_driverlib.lib : uart.o (.text:UART_getInterruptStatus)
                  00003714    00000018     rtsv7M4_T_le_v4SPD16_eabi.lib : vsnprintf.c.obj (.text:_outc)
                  0000372c    00000016                                   : strchr.c.obj (.text:strchr)
                  00003742    00000002     --HOLE-- [fill = 0]
                  00003744    00000014     msp432p4xx_driverlib.lib : pcm.o (.text:PCM_getPowerState)
                  00003758    00000014     MSPIO.obj (.text:PrintChar)
                  0000376c    00000014     rtsv7M4_T_le_v4SPD16_eabi.lib : strlen.c.obj (.text:strlen)
                  00003780    00000012                                   : wcslen.c.obj (.text:wcslen)
                  00003792    00000010     msp432p4xx_driverlib.lib : interrupt.o (.text:Interrupt_enableMaster)
                  000037a2    00000010                              : pcm.o (.text:PCM_gotoLPM4)
                  000037b2    00000010                              : pcm.o (.text:PCM_setCoreVoltageLevel)
                  000037c2    00000010                              : pcm.o (.text:PCM_setPowerMode)
                  000037d2    00000010                              : pcm.o (.text:PCM_setPowerState)
                  000037e2    0000000e     rtsv7M4_T_le_v4SPD16_eabi.lib : copy_decompress_none.c.obj (.text:decompress:none:__TI_decompress_none)
                  000037f0    0000000c     msp432p4xx_driverlib.lib : cpu.o (.text:CPU_cpsie)
                  000037fc    0000000c     startup_msp432p401r_ccs.obj (.text:Reset_Handler)
                  00003808    0000000c     rtsv7M4_T_le_v4SPD16_eabi.lib : copy_zero_init.c.obj (.text:decompress:ZI:__TI_zero_init)
                  00003814    00000008     ESP8266.obj (.text:ESP8266_GetBuffer)
                  0000381c    00000008     rtsv7M4_T_le_v4SPD16_eabi.lib : errno.c.obj (.text:__aeabi_errno_addr)
                  00003824    00000004     msp432p4xx_driverlib.lib : cpu.o (.text:CPU_wfi)
                  00003828    00000004     rtsv7M4_T_le_v4SPD16_eabi.lib : pre_init.c.obj (.text:_system_pre_init)
                  0000382c    00000004                                   : exit.c.obj (.text:abort:abort)

.const     0    00003830    0000013c     
                  00003830    00000101     rtsv7M4_T_le_v4SPD16_eabi.lib : ctype.c.obj (.const:.string:_ctypes_)
                  00003931    00000003     --HOLE-- [fill = 0]
                  00003934    00000030     msp432p4xx_driverlib.lib : gpio.o (.const:GPIO_PORT_TO_BASE)
                  00003964    00000008                              : interrupt.o (.const:g_pulEnRegs)

.cinit     0    00003970    00000058     
                  00003970    00000033     (.cinit..data.load) [load image, compression = lzss]
                  000039a3    00000001     --HOLE-- [fill = 0]
                  000039a4    0000000c     (__TI_handler_table)
                  000039b0    00000008     (.cinit..bss.load) [load image, compression = zero_init]
                  000039b8    00000010     (__TI_cinit_table)

.init_array 
*          0    00000000    00000000     UNINITIALIZED

.binit     0    00000000    00000000     

.bss       0    20000000    00001914     UNINITIALIZED
                  20000000    00000800     (.common:ESP8266_Buffer)
                  20000800    00000800     (.common:UARTA0Data)
                  20001000    00000800     (.common:UARTA2Data)
                  20001800    00000100     main.obj (.bss:print_buffer$uart_println_1)
                  20001900    00000004     main.obj (.bss)
                  20001904    00000004     (.common:UARTA0ReadIndex)
                  20001908    00000004     (.common:UARTA0WriteIndex)
                  2000190c    00000004     (.common:UARTA2ReadIndex)
                  20001910    00000004     (.common:UARTA2WriteIndex)

.data      0    20001914    00000084     UNINITIALIZED
                  20001914    00000028     UART.obj (.data:UART0Config)
                  2000193c    00000028     UART.obj (.data:UART2Config)
                  20001964    00000018     PWM.obj (.data:pwmConfig)
                  2000197c    00000018     PWM.obj (.data:pwmConfig_B)
                  20001994    00000004     rtsv7M4_T_le_v4SPD16_eabi.lib : errno.c.obj (.data)

.stack     0    2000fe00    00000200     UNINITIALIZED
                  2000fe00    00000004     rtsv7M4_T_le_v4SPD16_eabi.lib : boot_cortex_m.c.obj (.stack)
                  2000fe04    000001fc     --HOLE--

__llvm_prf_cnts 
*          0    20000000    00000000     UNINITIALIZED

MODULE SUMMARY

       Module                        code    ro data   rw data
       ------                        ----    -------   -------
    .\
       UART.obj                      332     0         8384   
       main.obj                      344     0         520    
       PWM.obj                       244     0         96     
       system_msp432p401r.obj        120     0         0      
    +--+-----------------------------+-------+---------+---------+
       Total:                        1040    0         9000   
                                                              
    .\Devices\
       ESP8266.obj                   412     0         4096   
       MSPIO.obj                     380     0         0      
    +--+-----------------------------+-------+---------+---------+
       Total:                        792     0         4096   
                                                              
    .\Hardware\
       UART_Driver.obj               1192    0         0      
    +--+-----------------------------+-------+---------+---------+
       Total:                        1192    0         0      
                                                              
    .\ccs\
       startup_msp432p401r_ccs.obj   14      228       0      
    +--+-----------------------------+-------+---------+---------+
       Total:                        14      228       0      
                                                              
    C:/ti/simplelink_msp432p4_sdk_3_40_01_02/source/ti/devices/msp432p4xx/driverlib/ccs/msp432p4xx_driverlib.lib
       pcm.o                         1786    0         0      
       timer_a.o                     440     0         0      
       uart.o                        408     0         0      
       gpio.o                        332     48        0      
       interrupt.o                   144     8         0      
       flash.o                       72      0         0      
       cs.o                          52      0         0      
       rtc_c.o                       44      0         0      
       wdt_a.o                       36      0         0      
       cpu.o                         16      0         0      
    +--+-----------------------------+-------+---------+---------+
       Total:                        3330    56        0      
                                                              
    C:\ti\ccs1010\ccs\tools\compiler\ti-cgt-arm_20.2.5.LTS\lib\rtsv7M4_T_le_v4SPD16_eabi.lib
       _printfi.c.obj                4851    0         0      
       fd_add_t2.asm.obj             438     0         0      
       fd_div_t2.asm.obj             310     0         0      
       s_scalbn.c.obj                272     0         0      
       fd_cmp_t2.asm.obj             268     0         0      
       ctype.c.obj                   0       257       0      
       fd_mul_t2.asm.obj             252     0         0      
       memcpy_t2.asm.obj             156     0         0      
       ull_div_t2.asm.obj            150     0         0      
       vsnprintf.c.obj               136     0         0      
       memset_t2.asm.obj             122     0         0      
       copy_decompress_lzss.c.obj    104     0         0      
       s_frexp.c.obj                 100     0         0      
       _ltoa.c.obj                   84      0         0      
       atoi.c.obj                    76      0         0      
       fd_toi_t2.asm.obj             72      0         0      
       autoinit.c.obj                68      0         0      
       boot_cortex_m.c.obj           52      0         0      
       strstr.c.obj                  52      0         0      
       i_tofd_t2.asm.obj             46      0         0      
       memccpy.c.obj                 28      0         0      
       s_copysign.c.obj              26      0         0      
       strchr.c.obj                  22      0         0      
       strlen.c.obj                  20      0         0      
       wcslen.c.obj                  18      0         0      
       errno.c.obj                   8       0         8      
       copy_decompress_none.c.obj    14      0         0      
       copy_zero_init.c.obj          12      0         0      
       exit.c.obj                    4       0         0      
       pre_init.c.obj                4       0         0      
       div0.asm.obj                  2       0         0      
    +--+-----------------------------+-------+---------+---------+
       Total:                        7767    257       8      
                                                              
       Stack:                        0       0         1024   
       Linker Generated:             0       87        0      
    +--+-----------------------------+-------+---------+---------+
       Grand Total:                  14135   628       14128  


LINKER GENERATED COPY TABLES

__TI_cinit_table @ 000039b8 records: 2, size/record: 8, table size: 16
	.data: load addr=00003970, load size=00000033 bytes, run addr=20001914, run size=00000084 bytes, compression=lzss
	.bss: load addr=000039b0, load size=00000008 bytes, run addr=20000000, run size=00001914 bytes, compression=zero_init


LINKER GENERATED HANDLER TABLE

__TI_handler_table @ 000039a4 records: 3, size/record: 4, table size: 12
	index: 0, handler: __TI_decompress_lzss
	index: 1, handler: __TI_decompress_none
	index: 2, handler: __TI_zero_init


GLOBAL SYMBOLS: SORTED ALPHABETICALLY BY Name 

address   name                                
-------   ----                                
000013b3  ADC14_IRQHandler                    
000013b3  AES256_IRQHandler                   
000013b3  BusFault_Handler                    
0000382d  C$$EXIT                             
000013b3  COMP_E0_IRQHandler                  
000013b3  COMP_E1_IRQHandler                  
000037f1  CPU_cpsie                           
00003825  CPU_wfi                             
000013b3  CS_IRQHandler                       
000034b9  CS_setDCOCenteredFrequency          
000013b3  DMA_ERR_IRQHandler                  
000013b3  DMA_INT0_IRQHandler                 
000013b3  DMA_INT1_IRQHandler                 
000013b3  DMA_INT2_IRQHandler                 
000013b3  DMA_INT3_IRQHandler                 
000013b3  DebugMon_Handler                    
000013b3  Default_Handler                     
20000000  ESP8266_Buffer                      
000028b1  ESP8266_ConnectToAP                 
00003815  ESP8266_GetBuffer                   
00002ac9  ESP8266_Terminal                    
00002681  ESP8266_WaitForAnswer               
00002419  EUSCIA0_IRQHandler                  
00002419  EUSCIA0_IRQHandler                  
000013b3  EUSCIA1_IRQHandler                  
0000270d  EUSCIA2_IRQHandler                  
0000270d  EUSCIA2_IRQHandler                  
000013b3  EUSCIA3_IRQHandler                  
000013b3  EUSCIB0_IRQHandler                  
000013b3  EUSCIB1_IRQHandler                  
000013b3  EUSCIB2_IRQHandler                  
000013b3  EUSCIB3_IRQHandler                  
000013b3  FLCTL_IRQHandler                    
000013b3  FPU_IRQHandler                      
00003261  FlashCtl_setWaitState               
000035e1  GPIO_clearInterruptFlag             
00003609  GPIO_enableInterrupt                
0000347d  GPIO_interruptEdgeSelect            
00003069  GPIO_setAsInputPinWithPullUpResistor
0000337d  GPIO_setAsOutputPin                 
00003631  GPIO_toggleOutputOnPin              
000013b3  HardFault_Handler                   
00002b49  Interrupt_enableInterrupt           
00003793  Interrupt_enableMaster              
00002201  MSPrintf                            
000013b3  MemManage_Handler                   
000013b3  NMI_Handler                         
000013b3  PCM_IRQHandler                      
00002fb1  PCM_getCoreVoltageLevel             
0000300f  PCM_getPowerMode                    
00003745  PCM_getPowerState                   
00003659  PCM_gotoLPM0                        
00002a45  PCM_gotoLPM3                        
000037a3  PCM_gotoLPM4                        
000037b3  PCM_setCoreVoltageLevel             
000037c3  PCM_setPowerMode                    
000037d3  PCM_setPowerState                   
00003119  PCM_shutdownDevice                  
00002799  PORT1_IRQHandler                    
00002799  PORT1_IRQHandler                    
000032a9  PORT2_IRQHandler                    
000032a9  PORT2_IRQHandler                    
000013b3  PORT3_IRQHandler                    
000013b3  PORT4_IRQHandler                    
000013b3  PORT5_IRQHandler                    
000013b3  PORT6_IRQHandler                    
000013b3  PSS_IRQHandler                      
000013b3  PendSV_Handler                      
00003759  PrintChar                           
00002825  PrintInteger                        
000036a5  PrintString                         
000013b3  RTC_C_IRQHandler                    
000035b5  RTC_C_holdClock                     
000037fd  Reset_Handler                       
000013b3  SVC_Handler                         
000013b3  SysTick_Handler                     
00002c45  SystemInit                          
000013b3  T32_INT1_IRQHandler                 
000013b3  T32_INT2_IRQHandler                 
000013b3  T32_INTC_IRQHandler                 
000013b3  TA0_0_IRQHandler                    
000013b3  TA0_N_IRQHandler                    
000013b3  TA1_0_IRQHandler                    
000013b3  TA1_N_IRQHandler                    
000013b3  TA2_0_IRQHandler                    
000013b3  TA2_N_IRQHandler                    
000013b3  TA3_0_IRQHandler                    
000013b3  TA3_N_IRQHandler                    
00002d35  Timer_A_generatePWM                 
20001914  UART0Config                         
2000193c  UART2Config                         
20000800  UARTA0Data                          
20001904  UARTA0ReadIndex                     
20001908  UARTA0WriteIndex                    
20001000  UARTA2Data                          
2000190c  UARTA2ReadIndex                     
20001910  UARTA2WriteIndex                    
0000236f  UART_Gets                           
00001511  UART_Printf                         
000018f9  UART_Read                           
000033bd  UART_Write                          
00002ee9  UART_getEnabledInterruptStatus      
000036fd  UART_getInterruptStatus             
00001dd1  UART_initModule                     
000013b3  UsageFault_Handler                  
4000480c  WDTCTL_SYM                          
000013b3  WDT_A_IRQHandler                    
00003681  WDT_A_holdTimer                     
20010000  __STACK_END                         
00000200  __STACK_SIZE                        
000039b8  __TI_CINIT_Base                     
000039c8  __TI_CINIT_Limit                    
000039a4  __TI_Handler_Table_Base             
000039b0  __TI_Handler_Table_Limit            
00003339  __TI_auto_init_nobinit_nopinit      
00002e17  __TI_decompress_lzss                
000037e3  __TI_decompress_none                
0000316d  __TI_ltoa                           
ffffffff  __TI_pprof_out_hndl                 
000000e5  __TI_printfi                        
ffffffff  __TI_prof_data_size                 
ffffffff  __TI_prof_data_start                
00000000  __TI_static_base__                  
00003809  __TI_zero_init                      
00002939  __aeabi_cdcmpeq                     
00002939  __aeabi_cdcmple                     
000029bf  __aeabi_cdrcmple                    
000032f1  __aeabi_d2iz                        
00001207  __aeabi_dadd                        
00001b75  __aeabi_ddiv                        
00002105  __aeabi_dmul                        
000011fd  __aeabi_dsub                        
0000381d  __aeabi_errno_addr                  
00003585  __aeabi_i2d                         
00001cab  __aeabi_idiv0                       
00001cab  __aeabi_ldiv0                       
00002bc9  __aeabi_memclr                      
00002bc9  __aeabi_memclr4                     
00002bc9  __aeabi_memclr8                     
000024b5  __aeabi_memcpy                      
000024b5  __aeabi_memcpy4                     
000024b5  __aeabi_memcpy8                     
00002bcb  __aeabi_memset                      
00002bcb  __aeabi_memset4                     
00002bcb  __aeabi_memset8                     
000025e9  __aeabi_uldivmod                    
ffffffff  __binit__                           
ffffffff  __c_args__                          
UNDEFED   __mpu_init                          
2000fe00  __stack                             
20000000  __start___llvm_prf_cnts             
20000000  __stop___llvm_prf_cnts              
000034ed  _c_int00_noargs                     
00003830  _ctypes_                            
UNDEFED   _system_post_cinit                  
00003829  _system_pre_init                    
0000382d  abort                               
00003215  atoi                                
ffffffff  binit                               
000036e3  copysign                            
000036e3  copysignl                           
20001994  errno                               
00002f4d  frexp                               
00002f4d  frexpl                              
00002e81  init_wheel                          
00000000  interruptVectors                    
00001eed  ldexp                               
00001eed  ldexpl                              
00002551  main                                
000036c7  memccpy                             
000024b5  memcpy                              
00002bd1  memset                              
20001800  print_buffer$uart_println_1         
20001964  pwmConfig                           
2000197c  pwmConfig_B                         
00001eed  scalbn                              
00001eed  scalbnl                             
00001669  setUpUART                           
0000372d  strchr                              
0000376d  strlen                              
00003521  strstr                              
00002cbd  uart_println                        
000033fd  vsnprintf                           
00003781  wcslen                              


GLOBAL SYMBOLS: SORTED BY Symbol Address 

address   name                                
-------   ----                                
00000000  __TI_static_base__                  
00000000  interruptVectors                    
000000e5  __TI_printfi                        
00000200  __STACK_SIZE                        
000011fd  __aeabi_dsub                        
00001207  __aeabi_dadd                        
000013b3  ADC14_IRQHandler                    
000013b3  AES256_IRQHandler                   
000013b3  BusFault_Handler                    
000013b3  COMP_E0_IRQHandler                  
000013b3  COMP_E1_IRQHandler                  
000013b3  CS_IRQHandler                       
000013b3  DMA_ERR_IRQHandler                  
000013b3  DMA_INT0_IRQHandler                 
000013b3  DMA_INT1_IRQHandler                 
000013b3  DMA_INT2_IRQHandler                 
000013b3  DMA_INT3_IRQHandler                 
000013b3  DebugMon_Handler                    
000013b3  Default_Handler                     
000013b3  EUSCIA1_IRQHandler                  
000013b3  EUSCIA3_IRQHandler                  
000013b3  EUSCIB0_IRQHandler                  
000013b3  EUSCIB1_IRQHandler                  
000013b3  EUSCIB2_IRQHandler                  
000013b3  EUSCIB3_IRQHandler                  
000013b3  FLCTL_IRQHandler                    
000013b3  FPU_IRQHandler                      
000013b3  HardFault_Handler                   
000013b3  MemManage_Handler                   
000013b3  NMI_Handler                         
000013b3  PCM_IRQHandler                      
000013b3  PORT3_IRQHandler                    
000013b3  PORT4_IRQHandler                    
000013b3  PORT5_IRQHandler                    
000013b3  PORT6_IRQHandler                    
000013b3  PSS_IRQHandler                      
000013b3  PendSV_Handler                      
000013b3  RTC_C_IRQHandler                    
000013b3  SVC_Handler                         
000013b3  SysTick_Handler                     
000013b3  T32_INT1_IRQHandler                 
000013b3  T32_INT2_IRQHandler                 
000013b3  T32_INTC_IRQHandler                 
000013b3  TA0_0_IRQHandler                    
000013b3  TA0_N_IRQHandler                    
000013b3  TA1_0_IRQHandler                    
000013b3  TA1_N_IRQHandler                    
000013b3  TA2_0_IRQHandler                    
000013b3  TA2_N_IRQHandler                    
000013b3  TA3_0_IRQHandler                    
000013b3  TA3_N_IRQHandler                    
000013b3  UsageFault_Handler                  
000013b3  WDT_A_IRQHandler                    
00001511  UART_Printf                         
00001669  setUpUART                           
000018f9  UART_Read                           
00001b75  __aeabi_ddiv                        
00001cab  __aeabi_idiv0                       
00001cab  __aeabi_ldiv0                       
00001dd1  UART_initModule                     
00001eed  ldexp                               
00001eed  ldexpl                              
00001eed  scalbn                              
00001eed  scalbnl                             
00002105  __aeabi_dmul                        
00002201  MSPrintf                            
0000236f  UART_Gets                           
00002419  EUSCIA0_IRQHandler                  
00002419  EUSCIA0_IRQHandler                  
000024b5  __aeabi_memcpy                      
000024b5  __aeabi_memcpy4                     
000024b5  __aeabi_memcpy8                     
000024b5  memcpy                              
00002551  main                                
000025e9  __aeabi_uldivmod                    
00002681  ESP8266_WaitForAnswer               
0000270d  EUSCIA2_IRQHandler                  
0000270d  EUSCIA2_IRQHandler                  
00002799  PORT1_IRQHandler                    
00002799  PORT1_IRQHandler                    
00002825  PrintInteger                        
000028b1  ESP8266_ConnectToAP                 
00002939  __aeabi_cdcmpeq                     
00002939  __aeabi_cdcmple                     
000029bf  __aeabi_cdrcmple                    
00002a45  PCM_gotoLPM3                        
00002ac9  ESP8266_Terminal                    
00002b49  Interrupt_enableInterrupt           
00002bc9  __aeabi_memclr                      
00002bc9  __aeabi_memclr4                     
00002bc9  __aeabi_memclr8                     
00002bcb  __aeabi_memset                      
00002bcb  __aeabi_memset4                     
00002bcb  __aeabi_memset8                     
00002bd1  memset                              
00002c45  SystemInit                          
00002cbd  uart_println                        
00002d35  Timer_A_generatePWM                 
00002e17  __TI_decompress_lzss                
00002e81  init_wheel                          
00002ee9  UART_getEnabledInterruptStatus      
00002f4d  frexp                               
00002f4d  frexpl                              
00002fb1  PCM_getCoreVoltageLevel             
0000300f  PCM_getPowerMode                    
00003069  GPIO_setAsInputPinWithPullUpResistor
00003119  PCM_shutdownDevice                  
0000316d  __TI_ltoa                           
00003215  atoi                                
00003261  FlashCtl_setWaitState               
000032a9  PORT2_IRQHandler                    
000032a9  PORT2_IRQHandler                    
000032f1  __aeabi_d2iz                        
00003339  __TI_auto_init_nobinit_nopinit      
0000337d  GPIO_setAsOutputPin                 
000033bd  UART_Write                          
000033fd  vsnprintf                           
0000347d  GPIO_interruptEdgeSelect            
000034b9  CS_setDCOCenteredFrequency          
000034ed  _c_int00_noargs                     
00003521  strstr                              
00003585  __aeabi_i2d                         
000035b5  RTC_C_holdClock                     
000035e1  GPIO_clearInterruptFlag             
00003609  GPIO_enableInterrupt                
00003631  GPIO_toggleOutputOnPin              
00003659  PCM_gotoLPM0                        
00003681  WDT_A_holdTimer                     
000036a5  PrintString                         
000036c7  memccpy                             
000036e3  copysign                            
000036e3  copysignl                           
000036fd  UART_getInterruptStatus             
0000372d  strchr                              
00003745  PCM_getPowerState                   
00003759  PrintChar                           
0000376d  strlen                              
00003781  wcslen                              
00003793  Interrupt_enableMaster              
000037a3  PCM_gotoLPM4                        
000037b3  PCM_setCoreVoltageLevel             
000037c3  PCM_setPowerMode                    
000037d3  PCM_setPowerState                   
000037e3  __TI_decompress_none                
000037f1  CPU_cpsie                           
000037fd  Reset_Handler                       
00003809  __TI_zero_init                      
00003815  ESP8266_GetBuffer                   
0000381d  __aeabi_errno_addr                  
00003825  CPU_wfi                             
00003829  _system_pre_init                    
0000382d  C$$EXIT                             
0000382d  abort                               
00003830  _ctypes_                            
000039a4  __TI_Handler_Table_Base             
000039b0  __TI_Handler_Table_Limit            
000039b8  __TI_CINIT_Base                     
000039c8  __TI_CINIT_Limit                    
20000000  ESP8266_Buffer                      
20000000  __start___llvm_prf_cnts             
20000000  __stop___llvm_prf_cnts              
20000800  UARTA0Data                          
20001000  UARTA2Data                          
20001800  print_buffer$uart_println_1         
20001904  UARTA0ReadIndex                     
20001908  UARTA0WriteIndex                    
2000190c  UARTA2ReadIndex                     
20001910  UARTA2WriteIndex                    
20001914  UART0Config                         
2000193c  UART2Config                         
20001964  pwmConfig                           
2000197c  pwmConfig_B                         
20001994  errno                               
2000fe00  __stack                             
20010000  __STACK_END                         
4000480c  WDTCTL_SYM                          
ffffffff  __TI_pprof_out_hndl                 
ffffffff  __TI_prof_data_size                 
ffffffff  __TI_prof_data_start                
ffffffff  __binit__                           
ffffffff  __c_args__                          
ffffffff  binit                               
UNDEFED   __mpu_init                          
UNDEFED   _system_post_cinit                  

[184 symbols]
