<?xml version="1.0" encoding="ISO-8859-1" ?>
<link_info>
   <banner>TI ARM Linker Unix v20.2.5.LTS</banner>
   <copyright>Copyright (c) 1996-2018 Texas Instruments Incorporated</copyright>
   <link_time>0x61ae7566</link_time>
   <link_errors>0x0</link_errors>
   <output_file>IRAcer.out</output_file>
   <entry_point>
      <name>_c_int00_noargs</name>
      <address>0x2369</address>
   </entry_point>
   <input_file_list>
      <input_file id="fl-2">
         <path>./</path>
         <kind>object</kind>
         <file>Encoder.obj</file>
         <name>Encoder.obj</name>
      </input_file>
      <input_file id="fl-3">
         <path>./</path>
         <kind>object</kind>
         <file>IRLine.obj</file>
         <name>IRLine.obj</name>
      </input_file>
      <input_file id="fl-4">
         <path>./</path>
         <kind>object</kind>
         <file>PWM.obj</file>
         <name>PWM.obj</name>
      </input_file>
      <input_file id="fl-5">
         <path>./</path>
         <kind>object</kind>
         <file>UART.obj</file>
         <name>UART.obj</name>
      </input_file>
      <input_file id="fl-6">
         <path>./</path>
         <kind>object</kind>
         <file>Ultrasonic.obj</file>
         <name>Ultrasonic.obj</name>
      </input_file>
      <input_file id="fl-7">
         <path>./</path>
         <kind>object</kind>
         <file>main.obj</file>
         <name>main.obj</name>
      </input_file>
      <input_file id="fl-8">
         <path>./</path>
         <kind>object</kind>
         <file>system_msp432p401r.obj</file>
         <name>system_msp432p401r.obj</name>
      </input_file>
      <input_file id="fl-9">
         <path>./Devices/</path>
         <kind>object</kind>
         <file>ESP8266.obj</file>
         <name>ESP8266.obj</name>
      </input_file>
      <input_file id="fl-a">
         <path>./Devices/</path>
         <kind>object</kind>
         <file>MSPIO.obj</file>
         <name>MSPIO.obj</name>
      </input_file>
      <input_file id="fl-b">
         <path>./Hardware/</path>
         <kind>object</kind>
         <file>CS_Driver.obj</file>
         <name>CS_Driver.obj</name>
      </input_file>
      <input_file id="fl-c">
         <path>./Hardware/</path>
         <kind>object</kind>
         <file>GPIO_Driver.obj</file>
         <name>GPIO_Driver.obj</name>
      </input_file>
      <input_file id="fl-d">
         <path>./Hardware/</path>
         <kind>object</kind>
         <file>UART_Driver.obj</file>
         <name>UART_Driver.obj</name>
      </input_file>
      <input_file id="fl-e">
         <path>./ccs/</path>
         <kind>object</kind>
         <file>startup_msp432p401r_ccs.obj</file>
         <name>startup_msp432p401r_ccs.obj</name>
      </input_file>
      <input_file id="fl-18">
         <kind>object</kind>
         <file>&lt;internal&gt;</file>
         <name>&lt;internal&gt;</name>
      </input_file>
      <input_file id="fl-19">
         <path>/Applications/TI/simplelink_msp432p4_sdk_3_40_01_02/source/ti/devices/msp432p4xx/driverlib/ccs/</path>
         <kind>archive</kind>
         <file>msp432p4xx_driverlib.lib</file>
         <name>cs.o</name>
      </input_file>
      <input_file id="fl-1a">
         <path>/Applications/TI/simplelink_msp432p4_sdk_3_40_01_02/source/ti/devices/msp432p4xx/driverlib/ccs/</path>
         <kind>archive</kind>
         <file>msp432p4xx_driverlib.lib</file>
         <name>flash.o</name>
      </input_file>
      <input_file id="fl-1b">
         <path>/Applications/TI/simplelink_msp432p4_sdk_3_40_01_02/source/ti/devices/msp432p4xx/driverlib/ccs/</path>
         <kind>archive</kind>
         <file>msp432p4xx_driverlib.lib</file>
         <name>gpio.o</name>
      </input_file>
      <input_file id="fl-1c">
         <path>/Applications/TI/simplelink_msp432p4_sdk_3_40_01_02/source/ti/devices/msp432p4xx/driverlib/ccs/</path>
         <kind>archive</kind>
         <file>msp432p4xx_driverlib.lib</file>
         <name>interrupt.o</name>
      </input_file>
      <input_file id="fl-1d">
         <path>/Applications/TI/simplelink_msp432p4_sdk_3_40_01_02/source/ti/devices/msp432p4xx/driverlib/ccs/</path>
         <kind>archive</kind>
         <file>msp432p4xx_driverlib.lib</file>
         <name>pcm.o</name>
      </input_file>
      <input_file id="fl-1e">
         <path>/Applications/TI/simplelink_msp432p4_sdk_3_40_01_02/source/ti/devices/msp432p4xx/driverlib/ccs/</path>
         <kind>archive</kind>
         <file>msp432p4xx_driverlib.lib</file>
         <name>rtc_c.o</name>
      </input_file>
      <input_file id="fl-1f">
         <path>/Applications/TI/simplelink_msp432p4_sdk_3_40_01_02/source/ti/devices/msp432p4xx/driverlib/ccs/</path>
         <kind>archive</kind>
         <file>msp432p4xx_driverlib.lib</file>
         <name>sysctl.o</name>
      </input_file>
      <input_file id="fl-20">
         <path>/Applications/TI/simplelink_msp432p4_sdk_3_40_01_02/source/ti/devices/msp432p4xx/driverlib/ccs/</path>
         <kind>archive</kind>
         <file>msp432p4xx_driverlib.lib</file>
         <name>sysctl_a.o</name>
      </input_file>
      <input_file id="fl-21">
         <path>/Applications/TI/simplelink_msp432p4_sdk_3_40_01_02/source/ti/devices/msp432p4xx/driverlib/ccs/</path>
         <kind>archive</kind>
         <file>msp432p4xx_driverlib.lib</file>
         <name>timer_a.o</name>
      </input_file>
      <input_file id="fl-22">
         <path>/Applications/TI/simplelink_msp432p4_sdk_3_40_01_02/source/ti/devices/msp432p4xx/driverlib/ccs/</path>
         <kind>archive</kind>
         <file>msp432p4xx_driverlib.lib</file>
         <name>uart.o</name>
      </input_file>
      <input_file id="fl-23">
         <path>/Applications/TI/simplelink_msp432p4_sdk_3_40_01_02/source/ti/devices/msp432p4xx/driverlib/ccs/</path>
         <kind>archive</kind>
         <file>msp432p4xx_driverlib.lib</file>
         <name>wdt_a.o</name>
      </input_file>
      <input_file id="fl-24">
         <path>/Applications/TI/simplelink_msp432p4_sdk_3_40_01_02/source/ti/devices/msp432p4xx/driverlib/ccs/</path>
         <kind>archive</kind>
         <file>msp432p4xx_driverlib.lib</file>
         <name>cpu.o</name>
      </input_file>
      <input_file id="fl-da">
         <path>/Applications/TI/ccs/tools/compiler/ti-cgt-arm_20.2.5.LTS/lib/</path>
         <kind>archive</kind>
         <file>rtsv7M4_T_le_v4SPD16_eabi.lib</file>
         <name>fd_div_t2.asm.obj</name>
      </input_file>
      <input_file id="fl-db">
         <path>/Applications/TI/ccs/tools/compiler/ti-cgt-arm_20.2.5.LTS/lib/</path>
         <kind>archive</kind>
         <file>rtsv7M4_T_le_v4SPD16_eabi.lib</file>
         <name>fd_mul_t2.asm.obj</name>
      </input_file>
      <input_file id="fl-dc">
         <path>/Applications/TI/ccs/tools/compiler/ti-cgt-arm_20.2.5.LTS/lib/</path>
         <kind>archive</kind>
         <file>rtsv7M4_T_le_v4SPD16_eabi.lib</file>
         <name>fd_tos_t2.asm.obj</name>
      </input_file>
      <input_file id="fl-dd">
         <path>/Applications/TI/ccs/tools/compiler/ti-cgt-arm_20.2.5.LTS/lib/</path>
         <kind>archive</kind>
         <file>rtsv7M4_T_le_v4SPD16_eabi.lib</file>
         <name>fs_tod_t2.asm.obj</name>
      </input_file>
      <input_file id="fl-de">
         <path>/Applications/TI/ccs/tools/compiler/ti-cgt-arm_20.2.5.LTS/lib/</path>
         <kind>archive</kind>
         <file>rtsv7M4_T_le_v4SPD16_eabi.lib</file>
         <name>memset_t2.asm.obj</name>
      </input_file>
      <input_file id="fl-df">
         <path>/Applications/TI/ccs/tools/compiler/ti-cgt-arm_20.2.5.LTS/lib/</path>
         <kind>archive</kind>
         <file>rtsv7M4_T_le_v4SPD16_eabi.lib</file>
         <name>copy_zero_init.c.obj</name>
      </input_file>
      <input_file id="fl-e0">
         <path>/Applications/TI/ccs/tools/compiler/ti-cgt-arm_20.2.5.LTS/lib/</path>
         <kind>archive</kind>
         <file>rtsv7M4_T_le_v4SPD16_eabi.lib</file>
         <name>copy_decompress_none.c.obj</name>
      </input_file>
      <input_file id="fl-e1">
         <path>/Applications/TI/ccs/tools/compiler/ti-cgt-arm_20.2.5.LTS/lib/</path>
         <kind>archive</kind>
         <file>rtsv7M4_T_le_v4SPD16_eabi.lib</file>
         <name>copy_decompress_lzss.c.obj</name>
      </input_file>
      <input_file id="fl-e2">
         <path>/Applications/TI/ccs/tools/compiler/ti-cgt-arm_20.2.5.LTS/lib/</path>
         <kind>archive</kind>
         <file>rtsv7M4_T_le_v4SPD16_eabi.lib</file>
         <name>ltoa.c.obj</name>
      </input_file>
      <input_file id="fl-e3">
         <path>/Applications/TI/ccs/tools/compiler/ti-cgt-arm_20.2.5.LTS/lib/</path>
         <kind>archive</kind>
         <file>rtsv7M4_T_le_v4SPD16_eabi.lib</file>
         <name>strcmp.c.obj</name>
      </input_file>
      <input_file id="fl-e4">
         <path>/Applications/TI/ccs/tools/compiler/ti-cgt-arm_20.2.5.LTS/lib/</path>
         <kind>archive</kind>
         <file>rtsv7M4_T_le_v4SPD16_eabi.lib</file>
         <name>strcpy.c.obj</name>
      </input_file>
      <input_file id="fl-e5">
         <path>/Applications/TI/ccs/tools/compiler/ti-cgt-arm_20.2.5.LTS/lib/</path>
         <kind>archive</kind>
         <file>rtsv7M4_T_le_v4SPD16_eabi.lib</file>
         <name>strstr.c.obj</name>
      </input_file>
      <input_file id="fl-e6">
         <path>/Applications/TI/ccs/tools/compiler/ti-cgt-arm_20.2.5.LTS/lib/</path>
         <kind>archive</kind>
         <file>rtsv7M4_T_le_v4SPD16_eabi.lib</file>
         <name>boot_cortex_m.c.obj</name>
      </input_file>
      <input_file id="fl-e7">
         <path>/Applications/TI/ccs/tools/compiler/ti-cgt-arm_20.2.5.LTS/lib/</path>
         <kind>archive</kind>
         <file>rtsv7M4_T_le_v4SPD16_eabi.lib</file>
         <name>memcpy_t2.asm.obj</name>
      </input_file>
      <input_file id="fl-e8">
         <path>/Applications/TI/ccs/tools/compiler/ti-cgt-arm_20.2.5.LTS/lib/</path>
         <kind>archive</kind>
         <file>rtsv7M4_T_le_v4SPD16_eabi.lib</file>
         <name>autoinit.c.obj</name>
      </input_file>
      <input_file id="fl-e9">
         <path>/Applications/TI/ccs/tools/compiler/ti-cgt-arm_20.2.5.LTS/lib/</path>
         <kind>archive</kind>
         <file>rtsv7M4_T_le_v4SPD16_eabi.lib</file>
         <name>pre_init.c.obj</name>
      </input_file>
      <input_file id="fl-ea">
         <path>/Applications/TI/ccs/tools/compiler/ti-cgt-arm_20.2.5.LTS/lib/</path>
         <kind>archive</kind>
         <file>rtsv7M4_T_le_v4SPD16_eabi.lib</file>
         <name>cpy_tbl.c.obj</name>
      </input_file>
      <input_file id="fl-eb">
         <path>/Applications/TI/ccs/tools/compiler/ti-cgt-arm_20.2.5.LTS/lib/</path>
         <kind>archive</kind>
         <file>rtsv7M4_T_le_v4SPD16_eabi.lib</file>
         <name>exit.c.obj</name>
      </input_file>
      <input_file id="fl-ec">
         <path>/Applications/TI/ccs/tools/compiler/ti-cgt-arm_20.2.5.LTS/lib/</path>
         <kind>archive</kind>
         <file>rtsv7M4_T_le_v4SPD16_eabi.lib</file>
         <name>_lock.c.obj</name>
      </input_file>
      <input_file id="fl-ed">
         <path>/Applications/TI/ccs/tools/compiler/ti-cgt-arm_20.2.5.LTS/lib/</path>
         <kind>archive</kind>
         <file>rtsv7M4_T_le_v4SPD16_eabi.lib</file>
         <name>args_main.c.obj</name>
      </input_file>
   </input_file_list>
   <object_component_list>
      <object_component id="oc-26">
         <name>.intvecs:retain</name>
         <load_address>0x0</load_address>
         <run_address>0x0</run_address>
         <size>0xe4</size>
         <input_file_ref idref="fl-e"/>
      </object_component>
      <object_component id="oc-146">
         <name>.text:init_UART</name>
         <load_address>0xe4</load_address>
         <run_address>0xe4</run_address>
         <size>0x218</size>
         <input_file_ref idref="fl-5"/>
      </object_component>
      <object_component id="oc-371">
         <name>.text:UART_Printf</name>
         <load_address>0x2fc</load_address>
         <run_address>0x2fc</run_address>
         <size>0x158</size>
         <input_file_ref idref="fl-d"/>
      </object_component>
      <object_component id="oc-3a0">
         <name>.text:privateTimer_AProcessClockSourceDivider</name>
         <load_address>0x454</load_address>
         <run_address>0x454</run_address>
         <size>0x144</size>
         <input_file_ref idref="fl-21"/>
      </object_component>
      <object_component id="oc-3c8">
         <name>.text:UART_Read</name>
         <load_address>0x598</load_address>
         <run_address>0x598</run_address>
         <size>0x140</size>
         <input_file_ref idref="fl-d"/>
      </object_component>
      <object_component id="oc-d0">
         <name>.text</name>
         <load_address>0x6d8</load_address>
         <run_address>0x6d8</run_address>
         <size>0x136</size>
         <input_file_ref idref="fl-da"/>
      </object_component>
      <object_component id="oc-6d">
         <name>.text:Default_Handler</name>
         <load_address>0x80e</load_address>
         <run_address>0x80e</run_address>
         <size>0x2</size>
         <input_file_ref idref="fl-e"/>
      </object_component>
      <object_component id="oc-73">
         <name>.text:TA1_0_IRQHandler</name>
         <load_address>0x810</load_address>
         <run_address>0x810</run_address>
         <size>0x134</size>
         <input_file_ref idref="fl-6"/>
      </object_component>
      <object_component id="oc-b1">
         <name>.text:main</name>
         <load_address>0x944</load_address>
         <run_address>0x944</run_address>
         <size>0x124</size>
         <input_file_ref idref="fl-7"/>
      </object_component>
      <object_component id="oc-182">
         <name>.text:sendData</name>
         <load_address>0xa68</load_address>
         <run_address>0xa68</run_address>
         <size>0x120</size>
         <input_file_ref idref="fl-5"/>
      </object_component>
      <object_component id="oc-238">
         <name>.text:UART_initModule</name>
         <load_address>0xb88</load_address>
         <run_address>0xb88</run_address>
         <size>0x11c</size>
         <input_file_ref idref="fl-22"/>
      </object_component>
      <object_component id="oc-398">
         <name>.text:_CSComputeCLKFrequency</name>
         <load_address>0xca4</load_address>
         <run_address>0xca4</run_address>
         <size>0x104</size>
         <input_file_ref idref="fl-19"/>
      </object_component>
      <object_component id="oc-d5">
         <name>.text</name>
         <load_address>0xda8</load_address>
         <run_address>0xda8</run_address>
         <size>0xfc</size>
         <input_file_ref idref="fl-db"/>
      </object_component>
      <object_component id="oc-442">
         <name>.text:CS_getDCOFrequency</name>
         <load_address>0xea4</load_address>
         <run_address>0xea4</run_address>
         <size>0xf8</size>
         <input_file_ref idref="fl-19"/>
      </object_component>
      <object_component id="oc-30f">
         <name>.text:ESP8266_EstablishConnection</name>
         <load_address>0xf9c</load_address>
         <run_address>0xf9c</run_address>
         <size>0xd4</size>
         <input_file_ref idref="fl-9"/>
      </object_component>
      <object_component id="oc-256">
         <name>.text:MSPrintf</name>
         <load_address>0x1070</load_address>
         <run_address>0x1070</run_address>
         <size>0xba</size>
         <input_file_ref idref="fl-a"/>
      </object_component>
      <object_component id="oc-17c">
         <name>.text:uartLoop</name>
         <load_address>0x112c</load_address>
         <run_address>0x112c</run_address>
         <size>0xb4</size>
         <input_file_ref idref="fl-5"/>
      </object_component>
      <object_component id="oc-315">
         <name>.text:ESP8266_SendData</name>
         <load_address>0x11e0</load_address>
         <run_address>0x11e0</run_address>
         <size>0xa0</size>
         <input_file_ref idref="fl-9"/>
      </object_component>
      <object_component id="oc-79">
         <name>.text:EUSCIA0_IRQHandler</name>
         <load_address>0x1280</load_address>
         <run_address>0x1280</run_address>
         <size>0x9c</size>
         <input_file_ref idref="fl-d"/>
      </object_component>
      <object_component id="oc-37">
         <name>.text</name>
         <load_address>0x131c</load_address>
         <run_address>0x131c</run_address>
         <size>0x9c</size>
         <input_file_ref idref="fl-e7"/>
      </object_component>
      <object_component id="oc-481">
         <name>.text:SysCtl_A_getTLVInfo</name>
         <load_address>0x13b8</load_address>
         <run_address>0x13b8</run_address>
         <size>0x94</size>
         <input_file_ref idref="fl-20"/>
      </object_component>
      <object_component id="oc-26e">
         <name>.text:ESP8266_ConnectToAP</name>
         <load_address>0x144c</load_address>
         <run_address>0x144c</run_address>
         <size>0x90</size>
         <input_file_ref idref="fl-9"/>
      </object_component>
      <object_component id="oc-188">
         <name>.text:getHCSR04Distance</name>
         <load_address>0x14dc</load_address>
         <run_address>0x14dc</run_address>
         <size>0x90</size>
         <input_file_ref idref="fl-6"/>
      </object_component>
      <object_component id="oc-7f">
         <name>.text:EUSCIA2_IRQHandler</name>
         <load_address>0x156c</load_address>
         <run_address>0x156c</run_address>
         <size>0x8c</size>
         <input_file_ref idref="fl-d"/>
      </object_component>
      <object_component id="oc-384">
         <name>.text:PrintInteger</name>
         <load_address>0x15f8</load_address>
         <run_address>0x15f8</run_address>
         <size>0x8c</size>
         <input_file_ref idref="fl-a"/>
      </object_component>
      <object_component id="oc-29e">
         <name>.text:GPIO_setAsPeripheralModuleFunctionOutputPin</name>
         <load_address>0x1684</load_address>
         <run_address>0x1684</run_address>
         <size>0x88</size>
         <input_file_ref idref="fl-1b"/>
      </object_component>
      <object_component id="oc-25c">
         <name>.text:ESP8266_EnableMultipleConnections</name>
         <load_address>0x170c</load_address>
         <run_address>0x170c</run_address>
         <size>0x80</size>
         <input_file_ref idref="fl-9"/>
      </object_component>
      <object_component id="oc-28e">
         <name>.text:Interrupt_enableInterrupt</name>
         <load_address>0x178c</load_address>
         <run_address>0x178c</run_address>
         <size>0x80</size>
         <input_file_ref idref="fl-1c"/>
      </object_component>
      <object_component id="oc-2d8">
         <name>.text:ESP8266_WaitForAnswer</name>
         <load_address>0x180c</load_address>
         <run_address>0x180c</run_address>
         <size>0x7c</size>
         <input_file_ref idref="fl-9"/>
      </object_component>
      <object_component id="oc-487">
         <name>.text:_CSGetDOCFrequency</name>
         <load_address>0x1888</load_address>
         <run_address>0x1888</run_address>
         <size>0x7c</size>
         <input_file_ref idref="fl-19"/>
      </object_component>
      <object_component id="oc-a5">
         <name>.text</name>
         <load_address>0x1904</load_address>
         <run_address>0x1904</run_address>
         <size>0x7a</size>
         <input_file_ref idref="fl-de"/>
      </object_component>
      <object_component id="oc-c3">
         <name>.text:SystemInit</name>
         <load_address>0x1980</load_address>
         <run_address>0x1980</run_address>
         <size>0x78</size>
         <input_file_ref idref="fl-8"/>
      </object_component>
      <object_component id="oc-2a4">
         <name>.text:Timer_A_generatePWM</name>
         <load_address>0x19f8</load_address>
         <run_address>0x19f8</run_address>
         <size>0x74</size>
         <input_file_ref idref="fl-21"/>
      </object_component>
      <object_component id="oc-3e0">
         <name>.text:ltoa</name>
         <load_address>0x1a6c</load_address>
         <run_address>0x1a6c</run_address>
         <size>0x6e</size>
         <input_file_ref idref="fl-e2"/>
      </object_component>
      <object_component id="oc-da">
         <name>.text</name>
         <load_address>0x1ada</load_address>
         <run_address>0x1ada</run_address>
         <size>0x6e</size>
         <input_file_ref idref="fl-dc"/>
      </object_component>
      <object_component id="oc-288">
         <name>.text:Timer_A_configureUpMode</name>
         <load_address>0x1b48</load_address>
         <run_address>0x1b48</run_address>
         <size>0x68</size>
         <input_file_ref idref="fl-21"/>
      </object_component>
      <object_component id="oc-17">
         <name>.text:decompress:lzss:__TI_decompress_lzss</name>
         <load_address>0x1bb0</load_address>
         <run_address>0x1bb0</run_address>
         <size>0x68</size>
         <input_file_ref idref="fl-e1"/>
      </object_component>
      <object_component id="oc-158">
         <name>.text:init_Encoder</name>
         <load_address>0x1c18</load_address>
         <run_address>0x1c18</run_address>
         <size>0x68</size>
         <input_file_ref idref="fl-2"/>
      </object_component>
      <object_component id="oc-f0">
         <name>.text:UART_getEnabledInterruptStatus</name>
         <load_address>0x1c80</load_address>
         <run_address>0x1c80</run_address>
         <size>0x64</size>
         <input_file_ref idref="fl-22"/>
      </object_component>
      <object_component id="oc-436">
         <name>.text:_CSGetDividerValue</name>
         <load_address>0x1ce4</load_address>
         <run_address>0x1ce4</run_address>
         <size>0x62</size>
         <input_file_ref idref="fl-19"/>
      </object_component>
      <object_component id="oc-262">
         <name>.text:ESP8266_Port8000</name>
         <load_address>0x1d48</load_address>
         <run_address>0x1d48</run_address>
         <size>0x5c</size>
         <input_file_ref idref="fl-9"/>
      </object_component>
      <object_component id="oc-282">
         <name>.text:GPIO_setAsInputPinWithPullDownResistor</name>
         <load_address>0x1da4</load_address>
         <run_address>0x1da4</run_address>
         <size>0x58</size>
         <input_file_ref idref="fl-1b"/>
      </object_component>
      <object_component id="oc-2b1">
         <name>.text:GPIO_setAsInputPinWithPullUpResistor</name>
         <load_address>0x1dfc</load_address>
         <run_address>0x1dfc</run_address>
         <size>0x58</size>
         <input_file_ref idref="fl-1b"/>
      </object_component>
      <object_component id="oc-250">
         <name>.text:ESP8266_ChangeMode1</name>
         <load_address>0x1e54</load_address>
         <run_address>0x1e54</run_address>
         <size>0x54</size>
         <input_file_ref idref="fl-9"/>
      </object_component>
      <object_component id="oc-14c">
         <name>.text:init_ultrasonic</name>
         <load_address>0x1ea8</load_address>
         <run_address>0x1ea8</run_address>
         <size>0x54</size>
         <input_file_ref idref="fl-6"/>
      </object_component>
      <object_component id="oc-302">
         <name>.text:ESP8266_Close</name>
         <load_address>0x1efc</load_address>
         <run_address>0x1efc</run_address>
         <size>0x50</size>
         <input_file_ref idref="fl-9"/>
      </object_component>
      <object_component id="oc-2cd">
         <name>.text:GPIO_setAsInputPin</name>
         <load_address>0x1f4c</load_address>
         <run_address>0x1f4c</run_address>
         <size>0x4c</size>
         <input_file_ref idref="fl-1b"/>
      </object_component>
      <object_component id="oc-3f1">
         <name>.text:Timer_A_getCounterValue</name>
         <load_address>0x1f98</load_address>
         <run_address>0x1f98</run_address>
         <size>0x4c</size>
         <input_file_ref idref="fl-21"/>
      </object_component>
      <object_component id="oc-3c2">
         <name>.text:UART_Available</name>
         <load_address>0x1fe4</load_address>
         <run_address>0x1fe4</run_address>
         <size>0x4c</size>
         <input_file_ref idref="fl-d"/>
      </object_component>
      <object_component id="oc-244">
         <name>.text:UART_Flush</name>
         <load_address>0x2030</load_address>
         <run_address>0x2030</run_address>
         <size>0x48</size>
         <input_file_ref idref="fl-d"/>
      </object_component>
      <object_component id="oc-2e4">
         <name>.text:leftDirection</name>
         <load_address>0x2078</load_address>
         <run_address>0x2078</run_address>
         <size>0x48</size>
         <input_file_ref idref="fl-4"/>
      </object_component>
      <object_component id="oc-2ea">
         <name>.text:rightDirection</name>
         <load_address>0x20c0</load_address>
         <run_address>0x20c0</run_address>
         <size>0x48</size>
         <input_file_ref idref="fl-4"/>
      </object_component>
      <object_component id="oc-85">
         <name>.text:PORT2_IRQHandler</name>
         <load_address>0x2108</load_address>
         <run_address>0x2108</run_address>
         <size>0x44</size>
         <input_file_ref idref="fl-2"/>
      </object_component>
      <object_component id="oc-1b0">
         <name>.text:__TI_auto_init_nobinit_nopinit:__TI_auto_init_nobinit_nopinit</name>
         <load_address>0x214c</load_address>
         <run_address>0x214c</run_address>
         <size>0x44</size>
         <input_file_ref idref="fl-e8"/>
      </object_component>
      <object_component id="oc-152">
         <name>.text:init_PWM</name>
         <load_address>0x2190</load_address>
         <run_address>0x2190</run_address>
         <size>0x44</size>
         <input_file_ref idref="fl-4"/>
      </object_component>
      <object_component id="oc-134">
         <name>.text:GPIO_setAsOutputPin</name>
         <load_address>0x21d4</load_address>
         <run_address>0x21d4</run_address>
         <size>0x40</size>
         <input_file_ref idref="fl-1b"/>
      </object_component>
      <object_component id="oc-268">
         <name>.text:UART_Write</name>
         <load_address>0x2214</load_address>
         <run_address>0x2214</run_address>
         <size>0x40</size>
         <input_file_ref idref="fl-d"/>
      </object_component>
      <object_component id="oc-334">
         <name>.text:getHCSR04Time</name>
         <load_address>0x2254</load_address>
         <run_address>0x2254</run_address>
         <size>0x38</size>
         <input_file_ref idref="fl-6"/>
      </object_component>
      <object_component id="oc-cb">
         <name>.text</name>
         <load_address>0x228c</load_address>
         <run_address>0x228c</run_address>
         <size>0x38</size>
         <input_file_ref idref="fl-dd"/>
      </object_component>
      <object_component id="oc-194">
         <name>.text:slowDown</name>
         <load_address>0x22c4</load_address>
         <run_address>0x22c4</run_address>
         <size>0x38</size>
         <input_file_ref idref="fl-4"/>
      </object_component>
      <object_component id="oc-19a">
         <name>.text:speedUp</name>
         <load_address>0x22fc</load_address>
         <run_address>0x22fc</run_address>
         <size>0x38</size>
         <input_file_ref idref="fl-4"/>
      </object_component>
      <object_component id="oc-23e">
         <name>.text:ESP8266_HardReset</name>
         <load_address>0x2334</load_address>
         <run_address>0x2334</run_address>
         <size>0x34</size>
         <input_file_ref idref="fl-9"/>
      </object_component>
      <object_component id="oc-55">
         <name>.text:_c_int00_noargs:_c_int00_noargs</name>
         <load_address>0x2368</load_address>
         <run_address>0x2368</run_address>
         <size>0x34</size>
         <input_file_ref idref="fl-e6"/>
      </object_component>
      <object_component id="oc-170">
         <name>.text:stop</name>
         <load_address>0x239c</load_address>
         <run_address>0x239c</run_address>
         <size>0x34</size>
         <input_file_ref idref="fl-4"/>
      </object_component>
      <object_component id="oc-2de">
         <name>.text:strstr</name>
         <load_address>0x23d0</load_address>
         <run_address>0x23d0</run_address>
         <size>0x34</size>
         <input_file_ref idref="fl-e5"/>
      </object_component>
      <object_component id="oc-43c">
         <name>.text:CS_clearInterruptFlag</name>
         <load_address>0x2404</load_address>
         <run_address>0x2404</run_address>
         <size>0x30</size>
         <input_file_ref idref="fl-19"/>
      </object_component>
      <object_component id="oc-164">
         <name>.text:GPIO_getInputPinValue</name>
         <load_address>0x2434</load_address>
         <run_address>0x2434</run_address>
         <size>0x30</size>
         <input_file_ref idref="fl-1b"/>
      </object_component>
      <object_component id="oc-df">
         <name>.text:Timer_A_clearCaptureCompareInterrupt</name>
         <load_address>0x2464</load_address>
         <run_address>0x2464</run_address>
         <size>0x2c</size>
         <input_file_ref idref="fl-21"/>
      </object_component>
      <object_component id="oc-27c">
         <name>.text:CS_getSMCLK</name>
         <load_address>0x2490</load_address>
         <run_address>0x2490</run_address>
         <size>0x28</size>
         <input_file_ref idref="fl-19"/>
      </object_component>
      <object_component id="oc-116">
         <name>.text:GPIO_clearInterruptFlag</name>
         <load_address>0x24b8</load_address>
         <run_address>0x24b8</run_address>
         <size>0x28</size>
         <input_file_ref idref="fl-1b"/>
      </object_component>
      <object_component id="oc-2b7">
         <name>.text:GPIO_enableInterrupt</name>
         <load_address>0x24e0</load_address>
         <run_address>0x24e0</run_address>
         <size>0x28</size>
         <input_file_ref idref="fl-1b"/>
      </object_component>
      <object_component id="oc-140">
         <name>.text:GPIO_setOutputHighOnPin</name>
         <load_address>0x2508</load_address>
         <run_address>0x2508</run_address>
         <size>0x28</size>
         <input_file_ref idref="fl-1b"/>
      </object_component>
      <object_component id="oc-13a">
         <name>.text:GPIO_setOutputLowOnPin</name>
         <load_address>0x2530</load_address>
         <run_address>0x2530</run_address>
         <size>0x28</size>
         <input_file_ref idref="fl-1b"/>
      </object_component>
      <object_component id="oc-176">
         <name>.text:GPIO_toggleOutputOnPin</name>
         <load_address>0x2558</load_address>
         <run_address>0x2558</run_address>
         <size>0x28</size>
         <input_file_ref idref="fl-1b"/>
      </object_component>
      <object_component id="oc-3d1">
         <name>.text:Delay</name>
         <load_address>0x2580</load_address>
         <run_address>0x2580</run_address>
         <size>0x24</size>
         <input_file_ref idref="fl-4"/>
      </object_component>
      <object_component id="oc-328">
         <name>.text:Delay</name>
         <load_address>0x25a4</load_address>
         <run_address>0x25a4</run_address>
         <size>0x24</size>
         <input_file_ref idref="fl-6"/>
      </object_component>
      <object_component id="oc-16a">
         <name>.text:Delay</name>
         <load_address>0x25c8</load_address>
         <run_address>0x25c8</run_address>
         <size>0x24</size>
         <input_file_ref idref="fl-7"/>
      </object_component>
      <object_component id="oc-110">
         <name>.text:GPIO_getInterruptStatus</name>
         <load_address>0x25ec</load_address>
         <run_address>0x25ec</run_address>
         <size>0x24</size>
         <input_file_ref idref="fl-1b"/>
      </object_component>
      <object_component id="oc-18e">
         <name>.text:getSlowSpeed</name>
         <load_address>0x2610</load_address>
         <run_address>0x2610</run_address>
         <size>0x24</size>
         <input_file_ref idref="fl-4"/>
      </object_component>
      <object_component id="oc-37e">
         <name>.text:PrintString</name>
         <load_address>0x2634</load_address>
         <run_address>0x2634</run_address>
         <size>0x22</size>
         <input_file_ref idref="fl-a"/>
      </object_component>
      <object_component id="oc-294">
         <name>.text:Timer_A_clearTimer</name>
         <load_address>0x2658</load_address>
         <run_address>0x2658</run_address>
         <size>0x18</size>
         <input_file_ref idref="fl-21"/>
      </object_component>
      <object_component id="oc-20d">
         <name>.text:UART_getInterruptStatus</name>
         <load_address>0x2670</load_address>
         <run_address>0x2670</run_address>
         <size>0x18</size>
         <input_file_ref idref="fl-22"/>
      </object_component>
      <object_component id="oc-2f0">
         <name>.text:forwardDirection</name>
         <load_address>0x2688</load_address>
         <run_address>0x2688</run_address>
         <size>0x18</size>
         <input_file_ref idref="fl-4"/>
      </object_component>
      <object_component id="oc-2f6">
         <name>.text:reverseDirection</name>
         <load_address>0x26a0</load_address>
         <run_address>0x26a0</run_address>
         <size>0x18</size>
         <input_file_ref idref="fl-4"/>
      </object_component>
      <object_component id="oc-2fc">
         <name>.text:strcmp</name>
         <load_address>0x26b8</load_address>
         <run_address>0x26b8</run_address>
         <size>0x18</size>
         <input_file_ref idref="fl-e3"/>
      </object_component>
      <object_component id="oc-2c3">
         <name>.text:Timer_A_startCounter</name>
         <load_address>0x26d0</load_address>
         <run_address>0x26d0</run_address>
         <size>0x16</size>
         <input_file_ref idref="fl-21"/>
      </object_component>
      <object_component id="oc-308">
         <name>.text:ESP8266_ClearBuffer</name>
         <load_address>0x26e8</load_address>
         <run_address>0x26e8</run_address>
         <size>0x14</size>
         <input_file_ref idref="fl-9"/>
      </object_component>
      <object_component id="oc-15e">
         <name>.text:IRSensorSetup</name>
         <load_address>0x26fc</load_address>
         <run_address>0x26fc</run_address>
         <size>0x14</size>
         <input_file_ref idref="fl-3"/>
      </object_component>
      <object_component id="oc-378">
         <name>.text:PrintChar</name>
         <load_address>0x2710</load_address>
         <run_address>0x2710</run_address>
         <size>0x14</size>
         <input_file_ref idref="fl-a"/>
      </object_component>
      <object_component id="oc-32e">
         <name>.text:Timer_A_stopTimer</name>
         <load_address>0x2724</load_address>
         <run_address>0x2724</run_address>
         <size>0x14</size>
         <input_file_ref idref="fl-21"/>
      </object_component>
      <object_component id="oc-460">
         <name>.text:strcpy</name>
         <load_address>0x2738</load_address>
         <run_address>0x2738</run_address>
         <size>0x14</size>
         <input_file_ref idref="fl-e4"/>
      </object_component>
      <object_component id="oc-2bd">
         <name>.text:Interrupt_enableMaster</name>
         <load_address>0x274c</load_address>
         <run_address>0x274c</run_address>
         <size>0x10</size>
         <input_file_ref idref="fl-1c"/>
      </object_component>
      <object_component id="oc-1d">
         <name>.text:decompress:none:__TI_decompress_none</name>
         <load_address>0x275c</load_address>
         <run_address>0x275c</run_address>
         <size>0xe</size>
         <input_file_ref idref="fl-e0"/>
      </object_component>
      <object_component id="oc-3b7">
         <name>.text:CPU_cpsie</name>
         <load_address>0x276a</load_address>
         <run_address>0x276a</run_address>
         <size>0xc</size>
         <input_file_ref idref="fl-24"/>
      </object_component>
      <object_component id="oc-67">
         <name>.text:Reset_Handler</name>
         <load_address>0x2776</load_address>
         <run_address>0x2776</run_address>
         <size>0xc</size>
         <input_file_ref idref="fl-e"/>
      </object_component>
      <object_component id="oc-49">
         <name>.text:decompress:ZI:__TI_zero_init</name>
         <load_address>0x2782</load_address>
         <run_address>0x2782</run_address>
         <size>0xc</size>
         <input_file_ref idref="fl-df"/>
      </object_component>
      <object_component id="oc-24a">
         <name>.text:ESP8266_GetBuffer</name>
         <load_address>0x2790</load_address>
         <run_address>0x2790</run_address>
         <size>0x8</size>
         <input_file_ref idref="fl-9"/>
      </object_component>
      <object_component id="oc-ab">
         <name>.text:_system_pre_init</name>
         <load_address>0x2798</load_address>
         <run_address>0x2798</run_address>
         <size>0x4</size>
         <input_file_ref idref="fl-e9"/>
      </object_component>
      <object_component id="oc-1a4">
         <name>.text:abort:abort</name>
         <load_address>0x279c</load_address>
         <run_address>0x279c</run_address>
         <size>0x4</size>
         <input_file_ref idref="fl-eb"/>
      </object_component>
      <object_component id="oc-230">
         <name>.const:GPIO_PORT_TO_BASE</name>
         <load_address>0x27a0</load_address>
         <run_address>0x27a0</run_address>
         <size>0x30</size>
         <input_file_ref idref="fl-1b"/>
      </object_component>
      <object_component id="oc-29a">
         <name>.const:$P$T0$1</name>
         <load_address>0x27d0</load_address>
         <run_address>0x27d0</run_address>
         <size>0x18</size>
         <input_file_ref idref="fl-6"/>
      </object_component>
      <object_component id="oc-2c9">
         <name>.const:upConfig</name>
         <load_address>0x27e8</load_address>
         <run_address>0x27e8</run_address>
         <size>0x18</size>
         <input_file_ref idref="fl-2"/>
      </object_component>
      <object_component id="oc-3a8">
         <name>.const:g_pulEnRegs</name>
         <load_address>0x2800</load_address>
         <run_address>0x2800</run_address>
         <size>0x8</size>
         <input_file_ref idref="fl-1c"/>
      </object_component>
      <object_component id="oc-ec">
         <name>.const</name>
         <load_address>0x2808</load_address>
         <run_address>0x2808</run_address>
         <size>0x4</size>
         <input_file_ref idref="fl-2"/>
      </object_component>
      <object_component id="oc-4d0">
         <name>.cinit..data.load</name>
         <load_address>0x2810</load_address>
         <run_address>0x2810</run_address>
         <size>0x82</size>
      </object_component>
      <object_component id="oc-4ce">
         <name>__TI_handler_table</name>
         <load_address>0x2894</load_address>
         <run_address>0x2894</run_address>
         <size>0xc</size>
      </object_component>
      <object_component id="oc-4d1">
         <name>.cinit..bss.load</name>
         <load_address>0x28a0</load_address>
         <run_address>0x28a0</run_address>
         <size>0x8</size>
      </object_component>
      <object_component id="oc-4cf">
         <name>__TI_cinit_table</name>
         <load_address>0x28a8</load_address>
         <run_address>0x28a8</run_address>
         <size>0x10</size>
      </object_component>
      <object_component id="oc-4a2">
         <name>.binit</name>
         <load_address>0x0</load_address>
         <run_address>0x0</run_address>
         <size>0x0</size>
      </object_component>
      <object_component id="oc-e9">
         <name>.data</name>
         <load_address>0x200018ec</load_address>
         <run_address>0x200018ec</run_address>
         <size>0x8</size>
         <input_file_ref idref="fl-2"/>
      </object_component>
      <object_component id="oc-2aa">
         <name>.data:pwmConfig</name>
         <load_address>0x200018c8</load_address>
         <run_address>0x200018c8</run_address>
         <size>0x18</size>
         <input_file_ref idref="fl-4"/>
      </object_component>
      <object_component id="oc-2ad">
         <name>.data:pwm2Config</name>
         <load_address>0x200018b0</load_address>
         <run_address>0x200018b0</run_address>
         <size>0x18</size>
         <input_file_ref idref="fl-4"/>
      </object_component>
      <object_component id="oc-31b">
         <name>.data:HTTP_WebPage</name>
         <load_address>0x200018e0</load_address>
         <run_address>0x200018e0</run_address>
         <size>0xc</size>
         <input_file_ref idref="fl-5"/>
      </object_component>
      <object_component id="oc-31e">
         <name>.data:Port</name>
         <load_address>0x200018f4</load_address>
         <run_address>0x200018f4</run_address>
         <size>0x5</size>
         <input_file_ref idref="fl-5"/>
      </object_component>
      <object_component id="oc-324">
         <name>.data:HTTP_Request</name>
         <load_address>0x20001828</load_address>
         <run_address>0x20001828</run_address>
         <size>0x36</size>
         <input_file_ref idref="fl-5"/>
      </object_component>
      <object_component id="oc-321">
         <name>.data</name>
         <load_address>0x200018fc</load_address>
         <run_address>0x200018fc</run_address>
         <size>0x4</size>
         <input_file_ref idref="fl-5"/>
      </object_component>
      <object_component id="oc-274">
         <name>.data:UART0Config</name>
         <load_address>0x20001860</load_address>
         <run_address>0x20001860</run_address>
         <size>0x28</size>
         <input_file_ref idref="fl-5"/>
      </object_component>
      <object_component id="oc-277">
         <name>.data:UART2Config</name>
         <load_address>0x20001888</load_address>
         <run_address>0x20001888</run_address>
         <size>0x28</size>
         <input_file_ref idref="fl-5"/>
      </object_component>
      <object_component id="oc-448">
         <name>.bss</name>
         <uninitialized>true</uninitialized>
         <run_address>0x20001800</run_address>
         <size>0x8</size>
         <input_file_ref idref="fl-19"/>
      </object_component>
      <object_component id="oc-100">
         <name>.common:UARTA0Data</name>
         <uninitialized>true</uninitialized>
         <run_address>0x20000800</run_address>
         <size>0x800</size>
      </object_component>
      <object_component id="oc-ff">
         <name>.common:UARTA0ReadIndex</name>
         <uninitialized>true</uninitialized>
         <run_address>0x2000180c</run_address>
         <size>0x4</size>
      </object_component>
      <object_component id="oc-f6">
         <name>.common:UARTA0WriteIndex</name>
         <uninitialized>true</uninitialized>
         <run_address>0x20001810</run_address>
         <size>0x4</size>
      </object_component>
      <object_component id="oc-10e">
         <name>.common:UARTA2Data</name>
         <uninitialized>true</uninitialized>
         <run_address>0x20001000</run_address>
         <size>0x800</size>
      </object_component>
      <object_component id="oc-10d">
         <name>.common:UARTA2ReadIndex</name>
         <uninitialized>true</uninitialized>
         <run_address>0x20001814</run_address>
         <size>0x4</size>
      </object_component>
      <object_component id="oc-10c">
         <name>.common:UARTA2WriteIndex</name>
         <uninitialized>true</uninitialized>
         <run_address>0x20001818</run_address>
         <size>0x4</size>
      </object_component>
      <object_component id="oc-36f">
         <name>.common:ESP8266_Buffer</name>
         <uninitialized>true</uninitialized>
         <run_address>0x20000000</run_address>
         <size>0x800</size>
      </object_component>
      <object_component id="oc-27a">
         <name>.common:receivedData</name>
         <uninitialized>true</uninitialized>
         <run_address>0x20001824</run_address>
         <size>0x4</size>
      </object_component>
      <object_component id="oc-e5">
         <name>.common:SR04IntTimes</name>
         <uninitialized>true</uninitialized>
         <run_address>0x20001808</run_address>
         <size>0x4</size>
      </object_component>
      <object_component id="oc-e8">
         <name>.common:encoderTimes</name>
         <uninitialized>true</uninitialized>
         <run_address>0x2000181c</run_address>
         <size>0x4</size>
      </object_component>
      <object_component id="oc-1a0">
         <name>.common:foo</name>
         <uninitialized>true</uninitialized>
         <run_address>0x20001820</run_address>
         <size>0x4</size>
      </object_component>
      <object_component id="oc-29">
         <name>.stack</name>
         <uninitialized>true</uninitialized>
         <run_address>0x2000fe00</run_address>
         <size>0x4</size>
         <input_file_ref idref="fl-e6"/>
      </object_component>
      <object_component id="oc-4d3">
         <name>.stack</name>
         <uninitialized>true</uninitialized>
         <run_address>0x2000fe00</run_address>
         <size>0x0</size>
      </object_component>
      <object_component id="oc-20c">
         <name>.debug_info</name>
         <load_address>0x0</load_address>
         <run_address>0x0</run_address>
         <size>0x77f</size>
         <input_file_ref idref="fl-2"/>
      </object_component>
      <object_component id="oc-ea">
         <name>.debug_info</name>
         <load_address>0x77f</load_address>
         <run_address>0x77f</run_address>
         <size>0x107</size>
         <input_file_ref idref="fl-2"/>
      </object_component>
      <object_component id="oc-ed">
         <name>.debug_info</name>
         <load_address>0x886</load_address>
         <run_address>0x886</run_address>
         <size>0xd4</size>
         <input_file_ref idref="fl-2"/>
      </object_component>
      <object_component id="oc-2ca">
         <name>.debug_info</name>
         <load_address>0x95a</load_address>
         <run_address>0x95a</run_address>
         <size>0xd4</size>
         <input_file_ref idref="fl-2"/>
      </object_component>
      <object_component id="oc-15b">
         <name>.debug_info</name>
         <load_address>0xa2e</load_address>
         <run_address>0xa2e</run_address>
         <size>0x271</size>
         <input_file_ref idref="fl-2"/>
      </object_component>
      <object_component id="oc-88">
         <name>.debug_info</name>
         <load_address>0xc9f</load_address>
         <run_address>0xc9f</run_address>
         <size>0x18c</size>
         <input_file_ref idref="fl-2"/>
      </object_component>
      <object_component id="oc-11f">
         <name>.debug_info</name>
         <load_address>0xe2b</load_address>
         <run_address>0xe2b</run_address>
         <size>0x26b</size>
         <input_file_ref idref="fl-2"/>
      </object_component>
      <object_component id="oc-1f9">
         <name>.debug_info</name>
         <load_address>0x1096</load_address>
         <run_address>0x1096</run_address>
         <size>0x1028</size>
         <input_file_ref idref="fl-2"/>
      </object_component>
      <object_component id="oc-216">
         <name>.debug_info</name>
         <load_address>0x20be</load_address>
         <run_address>0x20be</run_address>
         <size>0x37e2</size>
         <input_file_ref idref="fl-2"/>
      </object_component>
      <object_component id="oc-1fe">
         <name>.debug_info</name>
         <load_address>0x58a0</load_address>
         <run_address>0x58a0</run_address>
         <size>0x341</size>
         <input_file_ref idref="fl-2"/>
      </object_component>
      <object_component id="oc-107">
         <name>.debug_info</name>
         <load_address>0x5be1</load_address>
         <run_address>0x5be1</run_address>
         <size>0x8b</size>
         <input_file_ref idref="fl-2"/>
      </object_component>
      <object_component id="oc-22b">
         <name>.debug_info</name>
         <load_address>0x5c6c</load_address>
         <run_address>0x5c6c</run_address>
         <size>0x2a4</size>
         <input_file_ref idref="fl-2"/>
      </object_component>
      <object_component id="oc-203">
         <name>.debug_info</name>
         <load_address>0x5f10</load_address>
         <run_address>0x5f10</run_address>
         <size>0xef</size>
         <input_file_ref idref="fl-2"/>
      </object_component>
      <object_component id="oc-102">
         <name>.debug_info</name>
         <load_address>0x5fff</load_address>
         <run_address>0x5fff</run_address>
         <size>0xbb</size>
         <input_file_ref idref="fl-2"/>
      </object_component>
      <object_component id="oc-38b">
         <name>.debug_info</name>
         <load_address>0x60ba</load_address>
         <run_address>0x60ba</run_address>
         <size>0x2c</size>
         <input_file_ref idref="fl-2"/>
      </object_component>
      <object_component id="oc-226">
         <name>.debug_info</name>
         <load_address>0x60e6</load_address>
         <run_address>0x60e6</run_address>
         <size>0x102</size>
         <input_file_ref idref="fl-2"/>
      </object_component>
      <object_component id="oc-162">
         <name>.debug_info</name>
         <load_address>0x61e8</load_address>
         <run_address>0x61e8</run_address>
         <size>0x13d</size>
         <input_file_ref idref="fl-3"/>
      </object_component>
      <object_component id="oc-32">
         <name>.debug_info</name>
         <load_address>0x6325</load_address>
         <run_address>0x6325</run_address>
         <size>0x84</size>
         <input_file_ref idref="fl-3"/>
      </object_component>
      <object_component id="oc-45d">
         <name>.debug_info</name>
         <load_address>0x63a9</load_address>
         <run_address>0x63a9</run_address>
         <size>0x6b5</size>
         <input_file_ref idref="fl-4"/>
      </object_component>
      <object_component id="oc-2ab">
         <name>.debug_info</name>
         <load_address>0x6a5e</load_address>
         <run_address>0x6a5e</run_address>
         <size>0xd2</size>
         <input_file_ref idref="fl-4"/>
      </object_component>
      <object_component id="oc-2ae">
         <name>.debug_info</name>
         <load_address>0x6b30</load_address>
         <run_address>0x6b30</run_address>
         <size>0xd4</size>
         <input_file_ref idref="fl-4"/>
      </object_component>
      <object_component id="oc-3d4">
         <name>.debug_info</name>
         <load_address>0x6c04</load_address>
         <run_address>0x6c04</run_address>
         <size>0x120</size>
         <input_file_ref idref="fl-4"/>
      </object_component>
      <object_component id="oc-155">
         <name>.debug_info</name>
         <load_address>0x6d24</load_address>
         <run_address>0x6d24</run_address>
         <size>0x1b3</size>
         <input_file_ref idref="fl-4"/>
      </object_component>
      <object_component id="oc-173">
         <name>.debug_info</name>
         <load_address>0x6ed7</load_address>
         <run_address>0x6ed7</run_address>
         <size>0x124</size>
         <input_file_ref idref="fl-4"/>
      </object_component>
      <object_component id="oc-198">
         <name>.debug_info</name>
         <load_address>0x6ffb</load_address>
         <run_address>0x6ffb</run_address>
         <size>0x12c</size>
         <input_file_ref idref="fl-4"/>
      </object_component>
      <object_component id="oc-19e">
         <name>.debug_info</name>
         <load_address>0x7127</load_address>
         <run_address>0x7127</run_address>
         <size>0x12a</size>
         <input_file_ref idref="fl-4"/>
      </object_component>
      <object_component id="oc-2e8">
         <name>.debug_info</name>
         <load_address>0x7251</load_address>
         <run_address>0x7251</run_address>
         <size>0x159</size>
         <input_file_ref idref="fl-4"/>
      </object_component>
      <object_component id="oc-2ee">
         <name>.debug_info</name>
         <load_address>0x73aa</load_address>
         <run_address>0x73aa</run_address>
         <size>0x15b</size>
         <input_file_ref idref="fl-4"/>
      </object_component>
      <object_component id="oc-2f4">
         <name>.debug_info</name>
         <load_address>0x7505</load_address>
         <run_address>0x7505</run_address>
         <size>0x151</size>
         <input_file_ref idref="fl-4"/>
      </object_component>
      <object_component id="oc-2fa">
         <name>.debug_info</name>
         <load_address>0x7656</load_address>
         <run_address>0x7656</run_address>
         <size>0x151</size>
         <input_file_ref idref="fl-4"/>
      </object_component>
      <object_component id="oc-192">
         <name>.debug_info</name>
         <load_address>0x77a7</load_address>
         <run_address>0x77a7</run_address>
         <size>0x104</size>
         <input_file_ref idref="fl-4"/>
      </object_component>
      <object_component id="oc-fd">
         <name>.debug_info</name>
         <load_address>0x78ab</load_address>
         <run_address>0x78ab</run_address>
         <size>0xb7d</size>
         <input_file_ref idref="fl-5"/>
      </object_component>
      <object_component id="oc-31c">
         <name>.debug_info</name>
         <load_address>0x8428</load_address>
         <run_address>0x8428</run_address>
         <size>0xd9</size>
         <input_file_ref idref="fl-5"/>
      </object_component>
      <object_component id="oc-31f">
         <name>.debug_info</name>
         <load_address>0x8501</load_address>
         <run_address>0x8501</run_address>
         <size>0xc9</size>
         <input_file_ref idref="fl-5"/>
      </object_component>
      <object_component id="oc-325">
         <name>.debug_info</name>
         <load_address>0x85ca</load_address>
         <run_address>0x85ca</run_address>
         <size>0xd9</size>
         <input_file_ref idref="fl-5"/>
      </object_component>
      <object_component id="oc-322">
         <name>.debug_info</name>
         <load_address>0x86a3</load_address>
         <run_address>0x86a3</run_address>
         <size>0xe3</size>
         <input_file_ref idref="fl-5"/>
      </object_component>
      <object_component id="oc-275">
         <name>.debug_info</name>
         <load_address>0x8786</load_address>
         <run_address>0x8786</run_address>
         <size>0xd7</size>
         <input_file_ref idref="fl-5"/>
      </object_component>
      <object_component id="oc-278">
         <name>.debug_info</name>
         <load_address>0x885d</load_address>
         <run_address>0x885d</run_address>
         <size>0xd7</size>
         <input_file_ref idref="fl-5"/>
      </object_component>
      <object_component id="oc-14a">
         <name>.debug_info</name>
         <load_address>0x8934</load_address>
         <run_address>0x8934</run_address>
         <size>0x2f9</size>
         <input_file_ref idref="fl-5"/>
      </object_component>
      <object_component id="oc-186">
         <name>.debug_info</name>
         <load_address>0x8c2d</load_address>
         <run_address>0x8c2d</run_address>
         <size>0x21f</size>
         <input_file_ref idref="fl-5"/>
      </object_component>
      <object_component id="oc-180">
         <name>.debug_info</name>
         <load_address>0x8e4c</load_address>
         <run_address>0x8e4c</run_address>
         <size>0x21e</size>
         <input_file_ref idref="fl-5"/>
      </object_component>
      <object_component id="oc-12b">
         <name>.debug_info</name>
         <load_address>0x906a</load_address>
         <run_address>0x906a</run_address>
         <size>0x2c</size>
         <input_file_ref idref="fl-5"/>
      </object_component>
      <object_component id="oc-21d">
         <name>.debug_info</name>
         <load_address>0x9096</load_address>
         <run_address>0x9096</run_address>
         <size>0x35</size>
         <input_file_ref idref="fl-5"/>
      </object_component>
      <object_component id="oc-e6">
         <name>.debug_info</name>
         <load_address>0x90cb</load_address>
         <run_address>0x90cb</run_address>
         <size>0x9b5</size>
         <input_file_ref idref="fl-6"/>
      </object_component>
      <object_component id="oc-29b">
         <name>.debug_info</name>
         <load_address>0x9a80</load_address>
         <run_address>0x9a80</run_address>
         <size>0xd4</size>
         <input_file_ref idref="fl-6"/>
      </object_component>
      <object_component id="oc-32c">
         <name>.debug_info</name>
         <load_address>0x9b54</load_address>
         <run_address>0x9b54</run_address>
         <size>0x135</size>
         <input_file_ref idref="fl-6"/>
      </object_component>
      <object_component id="oc-150">
         <name>.debug_info</name>
         <load_address>0x9c89</load_address>
         <run_address>0x9c89</run_address>
         <size>0x20e</size>
         <input_file_ref idref="fl-6"/>
      </object_component>
      <object_component id="oc-77">
         <name>.debug_info</name>
         <load_address>0x9e97</load_address>
         <run_address>0x9e97</run_address>
         <size>0x2b1</size>
         <input_file_ref idref="fl-6"/>
      </object_component>
      <object_component id="oc-338">
         <name>.debug_info</name>
         <load_address>0xa148</load_address>
         <run_address>0xa148</run_address>
         <size>0x179</size>
         <input_file_ref idref="fl-6"/>
      </object_component>
      <object_component id="oc-18c">
         <name>.debug_info</name>
         <load_address>0xa2c1</load_address>
         <run_address>0xa2c1</run_address>
         <size>0x271</size>
         <input_file_ref idref="fl-6"/>
      </object_component>
      <object_component id="oc-1f4">
         <name>.debug_info</name>
         <load_address>0xa532</load_address>
         <run_address>0xa532</run_address>
         <size>0x37e2</size>
         <input_file_ref idref="fl-6"/>
      </object_component>
      <object_component id="oc-1a1">
         <name>.debug_info</name>
         <load_address>0xdd14</load_address>
         <run_address>0xdd14</run_address>
         <size>0x80b</size>
         <input_file_ref idref="fl-7"/>
      </object_component>
      <object_component id="oc-16b">
         <name>.debug_info</name>
         <load_address>0xe51f</load_address>
         <run_address>0xe51f</run_address>
         <size>0x123</size>
         <input_file_ref idref="fl-7"/>
      </object_component>
      <object_component id="oc-b2">
         <name>.debug_info</name>
         <load_address>0xe642</load_address>
         <run_address>0xe642</run_address>
         <size>0x39e</size>
         <input_file_ref idref="fl-7"/>
      </object_component>
      <object_component id="oc-c4">
         <name>.debug_info</name>
         <load_address>0xe9e0</load_address>
         <run_address>0xe9e0</run_address>
         <size>0x12c</size>
         <input_file_ref idref="fl-8"/>
      </object_component>
      <object_component id="oc-f9">
         <name>.debug_info</name>
         <load_address>0xeb0c</load_address>
         <run_address>0xeb0c</run_address>
         <size>0x853</size>
         <input_file_ref idref="fl-9"/>
      </object_component>
      <object_component id="oc-2dc">
         <name>.debug_info</name>
         <load_address>0xf35f</load_address>
         <run_address>0xf35f</run_address>
         <size>0x1b3</size>
         <input_file_ref idref="fl-9"/>
      </object_component>
      <object_component id="oc-254">
         <name>.debug_info</name>
         <load_address>0xf512</load_address>
         <run_address>0xf512</run_address>
         <size>0x171</size>
         <input_file_ref idref="fl-9"/>
      </object_component>
      <object_component id="oc-266">
         <name>.debug_info</name>
         <load_address>0xf683</load_address>
         <run_address>0xf683</run_address>
         <size>0x16b</size>
         <input_file_ref idref="fl-9"/>
      </object_component>
      <object_component id="oc-306">
         <name>.debug_info</name>
         <load_address>0xf7ee</load_address>
         <run_address>0xf7ee</run_address>
         <size>0x180</size>
         <input_file_ref idref="fl-9"/>
      </object_component>
      <object_component id="oc-272">
         <name>.debug_info</name>
         <load_address>0xf96e</load_address>
         <run_address>0xf96e</run_address>
         <size>0x1d4</size>
         <input_file_ref idref="fl-9"/>
      </object_component>
      <object_component id="oc-260">
         <name>.debug_info</name>
         <load_address>0xfb42</load_address>
         <run_address>0xfb42</run_address>
         <size>0x1c5</size>
         <input_file_ref idref="fl-9"/>
      </object_component>
      <object_component id="oc-313">
         <name>.debug_info</name>
         <load_address>0xfd07</load_address>
         <run_address>0xfd07</run_address>
         <size>0x22f</size>
         <input_file_ref idref="fl-9"/>
      </object_component>
      <object_component id="oc-319">
         <name>.debug_info</name>
         <load_address>0xff36</load_address>
         <run_address>0xff36</run_address>
         <size>0x22a</size>
         <input_file_ref idref="fl-9"/>
      </object_component>
      <object_component id="oc-24e">
         <name>.debug_info</name>
         <load_address>0x10160</load_address>
         <run_address>0x10160</run_address>
         <size>0x135</size>
         <input_file_ref idref="fl-9"/>
      </object_component>
      <object_component id="oc-30c">
         <name>.debug_info</name>
         <load_address>0x10295</load_address>
         <run_address>0x10295</run_address>
         <size>0x142</size>
         <input_file_ref idref="fl-9"/>
      </object_component>
      <object_component id="oc-242">
         <name>.debug_info</name>
         <load_address>0x103d7</load_address>
         <run_address>0x103d7</run_address>
         <size>0x13f</size>
         <input_file_ref idref="fl-9"/>
      </object_component>
      <object_component id="oc-fb">
         <name>.debug_info</name>
         <load_address>0x10516</load_address>
         <run_address>0x10516</run_address>
         <size>0x6e3</size>
         <input_file_ref idref="fl-a"/>
      </object_component>
      <object_component id="oc-37c">
         <name>.debug_info</name>
         <load_address>0x10bf9</load_address>
         <run_address>0x10bf9</run_address>
         <size>0x163</size>
         <input_file_ref idref="fl-a"/>
      </object_component>
      <object_component id="oc-382">
         <name>.debug_info</name>
         <load_address>0x10d5c</load_address>
         <run_address>0x10d5c</run_address>
         <size>0x17a</size>
         <input_file_ref idref="fl-a"/>
      </object_component>
      <object_component id="oc-388">
         <name>.debug_info</name>
         <load_address>0x10ed6</load_address>
         <run_address>0x10ed6</run_address>
         <size>0x1cc</size>
         <input_file_ref idref="fl-a"/>
      </object_component>
      <object_component id="oc-25a">
         <name>.debug_info</name>
         <load_address>0x110a2</load_address>
         <run_address>0x110a2</run_address>
         <size>0x1bc</size>
         <input_file_ref idref="fl-a"/>
      </object_component>
      <object_component id="oc-f7">
         <name>.debug_info</name>
         <load_address>0x1125e</load_address>
         <run_address>0x1125e</run_address>
         <size>0x6db</size>
         <input_file_ref idref="fl-d"/>
      </object_component>
      <object_component id="oc-26b">
         <name>.debug_info</name>
         <load_address>0x11939</load_address>
         <run_address>0x11939</run_address>
         <size>0x1ab</size>
         <input_file_ref idref="fl-d"/>
      </object_component>
      <object_component id="oc-3cb">
         <name>.debug_info</name>
         <load_address>0x11ae4</load_address>
         <run_address>0x11ae4</run_address>
         <size>0x234</size>
         <input_file_ref idref="fl-d"/>
      </object_component>
      <object_component id="oc-3c5">
         <name>.debug_info</name>
         <load_address>0x11d18</load_address>
         <run_address>0x11d18</run_address>
         <size>0x15e</size>
         <input_file_ref idref="fl-d"/>
      </object_component>
      <object_component id="oc-247">
         <name>.debug_info</name>
         <load_address>0x11e76</load_address>
         <run_address>0x11e76</run_address>
         <size>0x152</size>
         <input_file_ref idref="fl-d"/>
      </object_component>
      <object_component id="oc-374">
         <name>.debug_info</name>
         <load_address>0x11fc8</load_address>
         <run_address>0x11fc8</run_address>
         <size>0x263</size>
         <input_file_ref idref="fl-d"/>
      </object_component>
      <object_component id="oc-7c">
         <name>.debug_info</name>
         <load_address>0x1222b</load_address>
         <run_address>0x1222b</run_address>
         <size>0x1c2</size>
         <input_file_ref idref="fl-d"/>
      </object_component>
      <object_component id="oc-82">
         <name>.debug_info</name>
         <load_address>0x123ed</load_address>
         <run_address>0x123ed</run_address>
         <size>0x1bd</size>
         <input_file_ref idref="fl-d"/>
      </object_component>
      <object_component id="oc-8d">
         <name>.debug_info</name>
         <load_address>0x125aa</load_address>
         <run_address>0x125aa</run_address>
         <size>0x2cc</size>
         <input_file_ref idref="fl-e"/>
      </object_component>
      <object_component id="oc-27">
         <name>.debug_info</name>
         <load_address>0x12876</load_address>
         <run_address>0x12876</run_address>
         <size>0xf8</size>
         <input_file_ref idref="fl-e"/>
      </object_component>
      <object_component id="oc-6b">
         <name>.debug_info</name>
         <load_address>0x1296e</load_address>
         <run_address>0x1296e</run_address>
         <size>0x15b</size>
         <input_file_ref idref="fl-e"/>
      </object_component>
      <object_component id="oc-71">
         <name>.debug_info</name>
         <load_address>0x12ac9</load_address>
         <run_address>0x12ac9</run_address>
         <size>0x143</size>
         <input_file_ref idref="fl-e"/>
      </object_component>
      <object_component id="oc-419">
         <name>.debug_info</name>
         <load_address>0x12c0c</load_address>
         <run_address>0x12c0c</run_address>
         <size>0x807</size>
         <input_file_ref idref="fl-19"/>
      </object_component>
      <object_component id="oc-449">
         <name>.debug_info</name>
         <load_address>0x13413</load_address>
         <run_address>0x13413</run_address>
         <size>0x140</size>
         <input_file_ref idref="fl-19"/>
      </object_component>
      <object_component id="oc-438">
         <name>.debug_info</name>
         <load_address>0x13553</load_address>
         <run_address>0x13553</run_address>
         <size>0x1d9</size>
         <input_file_ref idref="fl-19"/>
      </object_component>
      <object_component id="oc-39a">
         <name>.debug_info</name>
         <load_address>0x1372c</load_address>
         <run_address>0x1372c</run_address>
         <size>0x2a8</size>
         <input_file_ref idref="fl-19"/>
      </object_component>
      <object_component id="oc-489">
         <name>.debug_info</name>
         <load_address>0x139d4</load_address>
         <run_address>0x139d4</run_address>
         <size>0x1be</size>
         <input_file_ref idref="fl-19"/>
      </object_component>
      <object_component id="oc-444">
         <name>.debug_info</name>
         <load_address>0x13b92</load_address>
         <run_address>0x13b92</run_address>
         <size>0x28f</size>
         <input_file_ref idref="fl-19"/>
      </object_component>
      <object_component id="oc-27f">
         <name>.debug_info</name>
         <load_address>0x13e21</load_address>
         <run_address>0x13e21</run_address>
         <size>0x1eb</size>
         <input_file_ref idref="fl-19"/>
      </object_component>
      <object_component id="oc-440">
         <name>.debug_info</name>
         <load_address>0x1400c</load_address>
         <run_address>0x1400c</run_address>
         <size>0x1d3</size>
         <input_file_ref idref="fl-19"/>
      </object_component>
      <object_component id="oc-41c">
         <name>.debug_info</name>
         <load_address>0x141df</load_address>
         <run_address>0x141df</run_address>
         <size>0x431a</size>
         <input_file_ref idref="fl-19"/>
      </object_component>
      <object_component id="oc-47a">
         <name>.debug_info</name>
         <load_address>0x184f9</load_address>
         <run_address>0x184f9</run_address>
         <size>0x1b5</size>
         <input_file_ref idref="fl-19"/>
      </object_component>
      <object_component id="oc-426">
         <name>.debug_info</name>
         <load_address>0x186ae</load_address>
         <run_address>0x186ae</run_address>
         <size>0x26b</size>
         <input_file_ref idref="fl-19"/>
      </object_component>
      <object_component id="oc-421">
         <name>.debug_info</name>
         <load_address>0x18919</load_address>
         <run_address>0x18919</run_address>
         <size>0x1028</size>
         <input_file_ref idref="fl-19"/>
      </object_component>
      <object_component id="oc-360">
         <name>.debug_info</name>
         <load_address>0x19941</load_address>
         <run_address>0x19941</run_address>
         <size>0x297</size>
         <input_file_ref idref="fl-19"/>
      </object_component>
      <object_component id="oc-1ed">
         <name>.debug_info</name>
         <load_address>0x19bd8</load_address>
         <run_address>0x19bd8</run_address>
         <size>0xef</size>
         <input_file_ref idref="fl-19"/>
      </object_component>
      <object_component id="oc-1e8">
         <name>.debug_info</name>
         <load_address>0x19cc7</load_address>
         <run_address>0x19cc7</run_address>
         <size>0xbb</size>
         <input_file_ref idref="fl-19"/>
      </object_component>
      <object_component id="oc-36a">
         <name>.debug_info</name>
         <load_address>0x19d82</load_address>
         <run_address>0x19d82</run_address>
         <size>0x701</size>
         <input_file_ref idref="fl-1b"/>
      </object_component>
      <object_component id="oc-231">
         <name>.debug_info</name>
         <load_address>0x1a483</load_address>
         <run_address>0x1a483</run_address>
         <size>0x135</size>
         <input_file_ref idref="fl-1b"/>
      </object_component>
      <object_component id="oc-138">
         <name>.debug_info</name>
         <load_address>0x1a5b8</load_address>
         <run_address>0x1a5b8</run_address>
         <size>0x252</size>
         <input_file_ref idref="fl-1b"/>
      </object_component>
      <object_component id="oc-2d1">
         <name>.debug_info</name>
         <load_address>0x1a80a</load_address>
         <run_address>0x1a80a</run_address>
         <size>0x250</size>
         <input_file_ref idref="fl-1b"/>
      </object_component>
      <object_component id="oc-2a2">
         <name>.debug_info</name>
         <load_address>0x1aa5a</load_address>
         <run_address>0x1aa5a</run_address>
         <size>0x2a5</size>
         <input_file_ref idref="fl-1b"/>
      </object_component>
      <object_component id="oc-144">
         <name>.debug_info</name>
         <load_address>0x1acff</load_address>
         <run_address>0x1acff</run_address>
         <size>0x25a</size>
         <input_file_ref idref="fl-1b"/>
      </object_component>
      <object_component id="oc-13e">
         <name>.debug_info</name>
         <load_address>0x1af59</load_address>
         <run_address>0x1af59</run_address>
         <size>0x258</size>
         <input_file_ref idref="fl-1b"/>
      </object_component>
      <object_component id="oc-17a">
         <name>.debug_info</name>
         <load_address>0x1b1b1</load_address>
         <run_address>0x1b1b1</run_address>
         <size>0x258</size>
         <input_file_ref idref="fl-1b"/>
      </object_component>
      <object_component id="oc-286">
         <name>.debug_info</name>
         <load_address>0x1b409</load_address>
         <run_address>0x1b409</run_address>
         <size>0x278</size>
         <input_file_ref idref="fl-1b"/>
      </object_component>
      <object_component id="oc-2b5">
         <name>.debug_info</name>
         <load_address>0x1b681</load_address>
         <run_address>0x1b681</run_address>
         <size>0x274</size>
         <input_file_ref idref="fl-1b"/>
      </object_component>
      <object_component id="oc-168">
         <name>.debug_info</name>
         <load_address>0x1b8f5</load_address>
         <run_address>0x1b8f5</run_address>
         <size>0x27e</size>
         <input_file_ref idref="fl-1b"/>
      </object_component>
      <object_component id="oc-2bb">
         <name>.debug_info</name>
         <load_address>0x1bb73</load_address>
         <run_address>0x1bb73</run_address>
         <size>0x254</size>
         <input_file_ref idref="fl-1b"/>
      </object_component>
      <object_component id="oc-114">
         <name>.debug_info</name>
         <load_address>0x1bdc7</load_address>
         <run_address>0x1bdc7</run_address>
         <size>0x25e</size>
         <input_file_ref idref="fl-1b"/>
      </object_component>
      <object_component id="oc-11a">
         <name>.debug_info</name>
         <load_address>0x1c025</load_address>
         <run_address>0x1c025</run_address>
         <size>0x25a</size>
         <input_file_ref idref="fl-1b"/>
      </object_component>
      <object_component id="oc-456">
         <name>.debug_info</name>
         <load_address>0x1c27f</load_address>
         <run_address>0x1c27f</run_address>
         <size>0x68f</size>
         <input_file_ref idref="fl-1c"/>
      </object_component>
      <object_component id="oc-3a9">
         <name>.debug_info</name>
         <load_address>0x1c90e</load_address>
         <run_address>0x1c90e</run_address>
         <size>0x12e</size>
         <input_file_ref idref="fl-1c"/>
      </object_component>
      <object_component id="oc-2c1">
         <name>.debug_info</name>
         <load_address>0x1ca3c</load_address>
         <run_address>0x1ca3c</run_address>
         <size>0x1d5</size>
         <input_file_ref idref="fl-1c"/>
      </object_component>
      <object_component id="oc-292">
         <name>.debug_info</name>
         <load_address>0x1cc11</load_address>
         <run_address>0x1cc11</run_address>
         <size>0x219</size>
         <input_file_ref idref="fl-1c"/>
      </object_component>
      <object_component id="oc-499">
         <name>.debug_info</name>
         <load_address>0x1ce2a</load_address>
         <run_address>0x1ce2a</run_address>
         <size>0x5c9</size>
         <input_file_ref idref="fl-20"/>
      </object_component>
      <object_component id="oc-482">
         <name>.debug_info</name>
         <load_address>0x1d3f3</load_address>
         <run_address>0x1d3f3</run_address>
         <size>0x298</size>
         <input_file_ref idref="fl-20"/>
      </object_component>
      <object_component id="oc-3a7">
         <name>.debug_info</name>
         <load_address>0x1d68b</load_address>
         <run_address>0x1d68b</run_address>
         <size>0x725</size>
         <input_file_ref idref="fl-21"/>
      </object_component>
      <object_component id="oc-3a1">
         <name>.debug_info</name>
         <load_address>0x1ddb0</load_address>
         <run_address>0x1ddb0</run_address>
         <size>0x25e</size>
         <input_file_ref idref="fl-21"/>
      </object_component>
      <object_component id="oc-2c4">
         <name>.debug_info</name>
         <load_address>0x1e00e</load_address>
         <run_address>0x1e00e</run_address>
         <size>0x215</size>
         <input_file_ref idref="fl-21"/>
      </object_component>
      <object_component id="oc-289">
         <name>.debug_info</name>
         <load_address>0x1e223</load_address>
         <run_address>0x1e223</run_address>
         <size>0x23d</size>
         <input_file_ref idref="fl-21"/>
      </object_component>
      <object_component id="oc-3f3">
         <name>.debug_info</name>
         <load_address>0x1e460</load_address>
         <run_address>0x1e460</run_address>
         <size>0x22b</size>
         <input_file_ref idref="fl-21"/>
      </object_component>
      <object_component id="oc-296">
         <name>.debug_info</name>
         <load_address>0x1e68b</load_address>
         <run_address>0x1e68b</run_address>
         <size>0x1dd</size>
         <input_file_ref idref="fl-21"/>
      </object_component>
      <object_component id="oc-2a6">
         <name>.debug_info</name>
         <load_address>0x1e868</load_address>
         <run_address>0x1e868</run_address>
         <size>0x248</size>
         <input_file_ref idref="fl-21"/>
      </object_component>
      <object_component id="oc-32f">
         <name>.debug_info</name>
         <load_address>0x1eab0</load_address>
         <run_address>0x1eab0</run_address>
         <size>0x1db</size>
         <input_file_ref idref="fl-21"/>
      </object_component>
      <object_component id="oc-e0">
         <name>.debug_info</name>
         <load_address>0x1ec8b</load_address>
         <run_address>0x1ec8b</run_address>
         <size>0x27c</size>
         <input_file_ref idref="fl-21"/>
      </object_component>
      <object_component id="oc-44f">
         <name>.debug_info</name>
         <load_address>0x1ef07</load_address>
         <run_address>0x1ef07</run_address>
         <size>0x341</size>
         <input_file_ref idref="fl-21"/>
      </object_component>
      <object_component id="oc-36c">
         <name>.debug_info</name>
         <load_address>0x1f248</load_address>
         <run_address>0x1f248</run_address>
         <size>0x6eb</size>
         <input_file_ref idref="fl-22"/>
      </object_component>
      <object_component id="oc-239">
         <name>.debug_info</name>
         <load_address>0x1f933</load_address>
         <run_address>0x1f933</run_address>
         <size>0x234</size>
         <input_file_ref idref="fl-22"/>
      </object_component>
      <object_component id="oc-20e">
         <name>.debug_info</name>
         <load_address>0x1fb67</load_address>
         <run_address>0x1fb67</run_address>
         <size>0x229</size>
         <input_file_ref idref="fl-22"/>
      </object_component>
      <object_component id="oc-f1">
         <name>.debug_info</name>
         <load_address>0x1fd90</load_address>
         <run_address>0x1fd90</run_address>
         <size>0x26c</size>
         <input_file_ref idref="fl-22"/>
      </object_component>
      <object_component id="oc-42d">
         <name>.debug_info</name>
         <load_address>0x1fffc</load_address>
         <run_address>0x1fffc</run_address>
         <size>0x102</size>
         <input_file_ref idref="fl-22"/>
      </object_component>
      <object_component id="oc-3b8">
         <name>.debug_info</name>
         <load_address>0x200fe</load_address>
         <run_address>0x200fe</run_address>
         <size>0x19a</size>
         <input_file_ref idref="fl-24"/>
      </object_component>
      <object_component id="oc-d1">
         <name>.debug_info</name>
         <load_address>0x20298</load_address>
         <run_address>0x20298</run_address>
         <size>0x13a</size>
         <input_file_ref idref="fl-da"/>
      </object_component>
      <object_component id="oc-d6">
         <name>.debug_info</name>
         <load_address>0x203d2</load_address>
[...]
      <symbol id="sm-222">
         <name>init_ultrasonic</name>
         <value>0x1ea9</value>
         <object_component_ref idref="oc-14c"/>
      </symbol>
      <symbol id="sm-223">
         <name>TA1_0_IRQHandler</name>
         <value>0x811</value>
         <object_component_ref idref="oc-73"/>
      </symbol>
      <symbol id="sm-246">
         <name>foo</name>
         <value>0x20001820</value>
      </symbol>
      <symbol id="sm-247">
         <name>main</name>
         <value>0x945</value>
         <object_component_ref idref="oc-b1"/>
      </symbol>
      <symbol id="sm-25a">
         <name>SystemInit</name>
         <value>0x1981</value>
         <object_component_ref idref="oc-c3"/>
      </symbol>
      <symbol id="sm-31f">
         <name>ESP8266_EnableMultipleConnections</name>
         <value>0x170d</value>
         <object_component_ref idref="oc-25c"/>
      </symbol>
      <symbol id="sm-320">
         <name>ESP8266_WaitForAnswer</name>
         <value>0x180d</value>
         <object_component_ref idref="oc-2d8"/>
      </symbol>
      <symbol id="sm-321">
         <name>ESP8266_ConnectToAP</name>
         <value>0x144d</value>
         <object_component_ref idref="oc-26e"/>
      </symbol>
      <symbol id="sm-322">
         <name>ESP8266_ChangeMode1</name>
         <value>0x1e55</value>
         <object_component_ref idref="oc-250"/>
      </symbol>
      <symbol id="sm-323">
         <name>ESP8266_Port8000</name>
         <value>0x1d49</value>
         <object_component_ref idref="oc-262"/>
      </symbol>
      <symbol id="sm-324">
         <name>ESP8266_HardReset</name>
         <value>0x2335</value>
         <object_component_ref idref="oc-23e"/>
      </symbol>
      <symbol id="sm-325">
         <name>ESP8266_GetBuffer</name>
         <value>0x2791</value>
         <object_component_ref idref="oc-24a"/>
      </symbol>
      <symbol id="sm-326">
         <name>ESP8266_EstablishConnection</name>
         <value>0xf9d</value>
         <object_component_ref idref="oc-30f"/>
      </symbol>
      <symbol id="sm-327">
         <name>ESP8266_ClearBuffer</name>
         <value>0x26e9</value>
         <object_component_ref idref="oc-308"/>
      </symbol>
      <symbol id="sm-328">
         <name>ESP8266_SendData</name>
         <value>0x11e1</value>
         <object_component_ref idref="oc-315"/>
      </symbol>
      <symbol id="sm-329">
         <name>ESP8266_Close</name>
         <value>0x1efd</value>
         <object_component_ref idref="oc-302"/>
      </symbol>
      <symbol id="sm-35e">
         <name>PrintString</name>
         <value>0x2635</value>
         <object_component_ref idref="oc-37e"/>
      </symbol>
      <symbol id="sm-35f">
         <name>PrintInteger</name>
         <value>0x15f9</value>
         <object_component_ref idref="oc-384"/>
      </symbol>
      <symbol id="sm-360">
         <name>PrintChar</name>
         <value>0x2711</value>
         <object_component_ref idref="oc-378"/>
      </symbol>
      <symbol id="sm-361">
         <name>MSPrintf</name>
         <value>0x1071</value>
         <object_component_ref idref="oc-256"/>
      </symbol>
      <symbol id="sm-3f4">
         <name>UART_Printf</name>
         <value>0x2fd</value>
         <object_component_ref idref="oc-371"/>
      </symbol>
      <symbol id="sm-3f5">
         <name>UART_Available</name>
         <value>0x1fe5</value>
         <object_component_ref idref="oc-3c2"/>
      </symbol>
      <symbol id="sm-3f6">
         <name>UART_Read</name>
         <value>0x599</value>
         <object_component_ref idref="oc-3c8"/>
      </symbol>
      <symbol id="sm-3f7">
         <name>EUSCIA2_IRQHandler</name>
         <value>0x156d</value>
         <object_component_ref idref="oc-7f"/>
      </symbol>
      <symbol id="sm-3f8">
         <name>UART_Flush</name>
         <value>0x2031</value>
         <object_component_ref idref="oc-244"/>
      </symbol>
      <symbol id="sm-3f9">
         <name>UART_Write</name>
         <value>0x2215</value>
         <object_component_ref idref="oc-268"/>
      </symbol>
      <symbol id="sm-3fa">
         <name>EUSCIA0_IRQHandler</name>
         <value>0x1281</value>
         <object_component_ref idref="oc-79"/>
      </symbol>
      <symbol id="sm-416">
         <name>Reset_Handler</name>
         <value>0x2777</value>
         <object_component_ref idref="oc-67"/>
      </symbol>
      <symbol id="sm-417">
         <name>Default_Handler</name>
         <value>0x80f</value>
         <object_component_ref idref="oc-6d"/>
      </symbol>
      <symbol id="sm-418">
         <name>interruptVectors</name>
         <value>0x0</value>
         <object_component_ref idref="oc-26"/>
      </symbol>
      <symbol id="sm-4bd">
         <name>CS_clearInterruptFlag</name>
         <value>0x2405</value>
         <object_component_ref idref="oc-43c"/>
      </symbol>
      <symbol id="sm-4be">
         <name>CS_getDCOFrequency</name>
         <value>0xea5</value>
         <object_component_ref idref="oc-442"/>
      </symbol>
      <symbol id="sm-4bf">
         <name>CS_getSMCLK</name>
         <value>0x2491</value>
         <object_component_ref idref="oc-27c"/>
      </symbol>
      <symbol id="sm-54b">
         <name>GPIO_setAsInputPin</name>
         <value>0x1f4d</value>
         <object_component_ref idref="oc-2cd"/>
      </symbol>
      <symbol id="sm-54c">
         <name>GPIO_setOutputHighOnPin</name>
         <value>0x2509</value>
         <object_component_ref idref="oc-140"/>
      </symbol>
      <symbol id="sm-54d">
         <name>GPIO_setAsInputPinWithPullDownResistor</name>
         <value>0x1da5</value>
         <object_component_ref idref="oc-282"/>
      </symbol>
      <symbol id="sm-54e">
         <name>GPIO_setAsInputPinWithPullUpResistor</name>
         <value>0x1dfd</value>
         <object_component_ref idref="oc-2b1"/>
      </symbol>
      <symbol id="sm-54f">
         <name>GPIO_getInterruptStatus</name>
         <value>0x25ed</value>
         <object_component_ref idref="oc-110"/>
      </symbol>
      <symbol id="sm-550">
         <name>GPIO_enableInterrupt</name>
         <value>0x24e1</value>
         <object_component_ref idref="oc-2b7"/>
      </symbol>
      <symbol id="sm-551">
         <name>GPIO_setAsOutputPin</name>
         <value>0x21d5</value>
         <object_component_ref idref="oc-134"/>
      </symbol>
      <symbol id="sm-552">
         <name>GPIO_setOutputLowOnPin</name>
         <value>0x2531</value>
         <object_component_ref idref="oc-13a"/>
      </symbol>
      <symbol id="sm-553">
         <name>GPIO_clearInterruptFlag</name>
         <value>0x24b9</value>
         <object_component_ref idref="oc-116"/>
      </symbol>
      <symbol id="sm-554">
         <name>GPIO_toggleOutputOnPin</name>
         <value>0x2559</value>
         <object_component_ref idref="oc-176"/>
      </symbol>
      <symbol id="sm-555">
         <name>GPIO_setAsPeripheralModuleFunctionOutputPin</name>
         <value>0x1685</value>
         <object_component_ref idref="oc-29e"/>
      </symbol>
      <symbol id="sm-556">
         <name>GPIO_getInputPinValue</name>
         <value>0x2435</value>
         <object_component_ref idref="oc-164"/>
      </symbol>
      <symbol id="sm-57c">
         <name>Interrupt_enableMaster</name>
         <value>0x274d</value>
         <object_component_ref idref="oc-2bd"/>
      </symbol>
      <symbol id="sm-57d">
         <name>Interrupt_enableInterrupt</name>
         <value>0x178d</value>
         <object_component_ref idref="oc-28e"/>
      </symbol>
      <symbol id="sm-596">
         <name>SysCtl_A_getTLVInfo</name>
         <value>0x13b9</value>
         <object_component_ref idref="oc-481"/>
      </symbol>
      <symbol id="sm-5fe">
         <name>Timer_A_getCounterValue</name>
         <value>0x1f99</value>
         <object_component_ref idref="oc-3f1"/>
      </symbol>
      <symbol id="sm-5ff">
         <name>Timer_A_clearCaptureCompareInterrupt</name>
         <value>0x2465</value>
         <object_component_ref idref="oc-df"/>
      </symbol>
      <symbol id="sm-600">
         <name>Timer_A_generatePWM</name>
         <value>0x19f9</value>
         <object_component_ref idref="oc-2a4"/>
      </symbol>
      <symbol id="sm-601">
         <name>Timer_A_startCounter</name>
         <value>0x26d1</value>
         <object_component_ref idref="oc-2c3"/>
      </symbol>
      <symbol id="sm-602">
         <name>Timer_A_stopTimer</name>
         <value>0x2725</value>
         <object_component_ref idref="oc-32e"/>
      </symbol>
      <symbol id="sm-603">
         <name>Timer_A_clearTimer</name>
         <value>0x2659</value>
         <object_component_ref idref="oc-294"/>
      </symbol>
      <symbol id="sm-604">
         <name>Timer_A_configureUpMode</name>
         <value>0x1b49</value>
         <object_component_ref idref="oc-288"/>
      </symbol>
      <symbol id="sm-63c">
         <name>UART_getEnabledInterruptStatus</name>
         <value>0x1c81</value>
         <object_component_ref idref="oc-f0"/>
      </symbol>
      <symbol id="sm-63d">
         <name>UART_getInterruptStatus</name>
         <value>0x2671</value>
         <object_component_ref idref="oc-20d"/>
      </symbol>
      <symbol id="sm-63e">
         <name>UART_initModule</name>
         <value>0xb89</value>
         <object_component_ref idref="oc-238"/>
      </symbol>
      <symbol id="sm-649">
         <name>CPU_cpsie</name>
         <value>0x276b</value>
         <object_component_ref idref="oc-3b7"/>
      </symbol>
      <symbol id="sm-65d">
         <name>__aeabi_ddiv</name>
         <value>0x6d9</value>
         <object_component_ref idref="oc-d0"/>
      </symbol>
      <symbol id="sm-668">
         <name>__aeabi_dmul</name>
         <value>0xda9</value>
         <object_component_ref idref="oc-d5"/>
      </symbol>
      <symbol id="sm-674">
         <name>__aeabi_d2f</name>
         <value>0x1adb</value>
         <object_component_ref idref="oc-da"/>
      </symbol>
      <symbol id="sm-67f">
         <name>__aeabi_f2d</name>
         <value>0x228d</value>
         <object_component_ref idref="oc-cb"/>
      </symbol>
      <symbol id="sm-68e">
         <name>__aeabi_memset</name>
         <value>0x1907</value>
         <object_component_ref idref="oc-a5"/>
      </symbol>
      <symbol id="sm-68f">
         <name>memset</name>
         <value>0x190d</value>
         <object_component_ref idref="oc-a5"/>
      </symbol>
      <symbol id="sm-690">
         <name>__aeabi_memset8</name>
         <value>0x1907</value>
         <object_component_ref idref="oc-a5"/>
      </symbol>
      <symbol id="sm-691">
         <name>__aeabi_memset4</name>
         <value>0x1907</value>
         <object_component_ref idref="oc-a5"/>
      </symbol>
      <symbol id="sm-692">
         <name>__aeabi_memclr8</name>
         <value>0x1905</value>
         <object_component_ref idref="oc-a5"/>
      </symbol>
      <symbol id="sm-693">
         <name>__aeabi_memclr4</name>
         <value>0x1905</value>
         <object_component_ref idref="oc-a5"/>
      </symbol>
      <symbol id="sm-694">
         <name>__aeabi_memclr</name>
         <value>0x1905</value>
         <object_component_ref idref="oc-a5"/>
      </symbol>
      <symbol id="sm-6a6">
         <name>__TI_zero_init</name>
         <value>0x2783</value>
         <object_component_ref idref="oc-49"/>
      </symbol>
      <symbol id="sm-6bd">
         <name>__TI_decompress_none</name>
         <value>0x275d</value>
         <object_component_ref idref="oc-1d"/>
      </symbol>
      <symbol id="sm-6e0">
         <name>__TI_decompress_lzss</name>
         <value>0x1bb1</value>
         <object_component_ref idref="oc-17"/>
      </symbol>
      <symbol id="sm-6f1">
         <name>ltoa</name>
         <value>0x1a6d</value>
         <object_component_ref idref="oc-3e0"/>
      </symbol>
      <symbol id="sm-700">
         <name>strcmp</name>
         <value>0x26b9</value>
         <object_component_ref idref="oc-2fc"/>
      </symbol>
      <symbol id="sm-70e">
         <name>strcpy</name>
         <value>0x2739</value>
         <object_component_ref idref="oc-460"/>
      </symbol>
      <symbol id="sm-721">
         <name>strstr</name>
         <value>0x23d1</value>
         <object_component_ref idref="oc-2de"/>
      </symbol>
      <symbol id="sm-734">
         <name>__stack</name>
         <value>0x2000fe00</value>
         <object_component_ref idref="oc-29"/>
      </symbol>
      <symbol id="sm-735">
         <name>_c_int00_noargs</name>
         <value>0x2369</value>
         <object_component_ref idref="oc-55"/>
      </symbol>
      <symbol id="sm-750">
         <name>memcpy</name>
         <value>0x131d</value>
         <object_component_ref idref="oc-37"/>
      </symbol>
      <symbol id="sm-751">
         <name>__aeabi_memcpy</name>
         <value>0x131d</value>
         <object_component_ref idref="oc-37"/>
      </symbol>
      <symbol id="sm-752">
         <name>__aeabi_memcpy8</name>
         <value>0x131d</value>
         <object_component_ref idref="oc-37"/>
      </symbol>
      <symbol id="sm-753">
         <name>__aeabi_memcpy4</name>
         <value>0x131d</value>
         <object_component_ref idref="oc-37"/>
      </symbol>
      <symbol id="sm-77b">
         <name>__TI_auto_init_nobinit_nopinit</name>
         <value>0x214d</value>
         <object_component_ref idref="oc-1b0"/>
      </symbol>
      <symbol id="sm-785">
         <name>_system_pre_init</name>
         <value>0x2799</value>
         <object_component_ref idref="oc-ab"/>
      </symbol>
      <symbol id="sm-791">
         <name>C$$EXIT</name>
         <value>0x279d</value>
         <object_component_ref idref="oc-1a4"/>
      </symbol>
      <symbol id="sm-792">
         <name>abort</name>
         <value>0x279d</value>
         <object_component_ref idref="oc-1a4"/>
      </symbol>
      <symbol id="sm-795">
         <name>__TI_static_base__</name>
         <value>0x0</value>
      </symbol>
      <symbol id="sm-798">
         <name>__mpu_init</name>
         <value>0x0</value>
      </symbol>
      <symbol id="sm-799">
         <name>_system_post_cinit</name>
         <value>0x0</value>
      </symbol>
      <symbol id="sm-79a">
         <name>NMI_Handler</name>
         <value>0x80f</value>
      </symbol>
      <symbol id="sm-79b">
         <name>HardFault_Handler</name>
         <value>0x80f</value>
      </symbol>
      <symbol id="sm-79c">
         <name>MemManage_Handler</name>
         <value>0x80f</value>
      </symbol>
      <symbol id="sm-79d">
         <name>BusFault_Handler</name>
         <value>0x80f</value>
      </symbol>
      <symbol id="sm-79e">
         <name>UsageFault_Handler</name>
         <value>0x80f</value>
      </symbol>
      <symbol id="sm-79f">
         <name>SVC_Handler</name>
         <value>0x80f</value>
      </symbol>
      <symbol id="sm-7a0">
         <name>DebugMon_Handler</name>
         <value>0x80f</value>
      </symbol>
      <symbol id="sm-7a1">
         <name>PendSV_Handler</name>
         <value>0x80f</value>
      </symbol>
      <symbol id="sm-7a2">
         <name>SysTick_Handler</name>
         <value>0x80f</value>
      </symbol>
      <symbol id="sm-7a3">
         <name>PSS_IRQHandler</name>
         <value>0x80f</value>
      </symbol>
      <symbol id="sm-7a4">
         <name>CS_IRQHandler</name>
         <value>0x80f</value>
      </symbol>
      <symbol id="sm-7a5">
         <name>PCM_IRQHandler</name>
         <value>0x80f</value>
      </symbol>
      <symbol id="sm-7a6">
         <name>WDT_A_IRQHandler</name>
         <value>0x80f</value>
      </symbol>
      <symbol id="sm-7a7">
         <name>FPU_IRQHandler</name>
         <value>0x80f</value>
      </symbol>
      <symbol id="sm-7a8">
         <name>FLCTL_IRQHandler</name>
         <value>0x80f</value>
      </symbol>
      <symbol id="sm-7a9">
         <name>COMP_E0_IRQHandler</name>
         <value>0x80f</value>
      </symbol>
      <symbol id="sm-7aa">
         <name>COMP_E1_IRQHandler</name>
         <value>0x80f</value>
      </symbol>
      <symbol id="sm-7ab">
         <name>TA0_0_IRQHandler</name>
         <value>0x80f</value>
      </symbol>
      <symbol id="sm-7ac">
         <name>TA0_N_IRQHandler</name>
         <value>0x80f</value>
      </symbol>
      <symbol id="sm-7ad">
         <name>TA1_0_IRQHandler</name>
         <value>0x811</value>
      </symbol>
      <symbol id="sm-7ae">
         <name>TA1_N_IRQHandler</name>
         <value>0x80f</value>
      </symbol>
      <symbol id="sm-7af">
         <name>TA2_0_IRQHandler</name>
         <value>0x80f</value>
      </symbol>
      <symbol id="sm-7b0">
         <name>TA2_N_IRQHandler</name>
         <value>0x80f</value>
      </symbol>
      <symbol id="sm-7b1">
         <name>TA3_0_IRQHandler</name>
         <value>0x80f</value>
      </symbol>
      <symbol id="sm-7b2">
         <name>TA3_N_IRQHandler</name>
         <value>0x80f</value>
      </symbol>
      <symbol id="sm-7b3">
         <name>EUSCIA0_IRQHandler</name>
         <value>0x1281</value>
      </symbol>
      <symbol id="sm-7b4">
         <name>EUSCIA1_IRQHandler</name>
         <value>0x80f</value>
      </symbol>
      <symbol id="sm-7b5">
         <name>EUSCIA2_IRQHandler</name>
         <value>0x156d</value>
      </symbol>
      <symbol id="sm-7b6">
         <name>EUSCIA3_IRQHandler</name>
         <value>0x80f</value>
      </symbol>
      <symbol id="sm-7b7">
         <name>EUSCIB0_IRQHandler</name>
         <value>0x80f</value>
      </symbol>
      <symbol id="sm-7b8">
         <name>EUSCIB1_IRQHandler</name>
         <value>0x80f</value>
      </symbol>
      <symbol id="sm-7b9">
         <name>EUSCIB2_IRQHandler</name>
         <value>0x80f</value>
      </symbol>
      <symbol id="sm-7ba">
         <name>EUSCIB3_IRQHandler</name>
         <value>0x80f</value>
      </symbol>
      <symbol id="sm-7bb">
         <name>ADC14_IRQHandler</name>
         <value>0x80f</value>
      </symbol>
      <symbol id="sm-7bc">
         <name>T32_INT1_IRQHandler</name>
         <value>0x80f</value>
      </symbol>
      <symbol id="sm-7bd">
         <name>T32_INT2_IRQHandler</name>
         <value>0x80f</value>
      </symbol>
      <symbol id="sm-7be">
         <name>T32_INTC_IRQHandler</name>
         <value>0x80f</value>
      </symbol>
      <symbol id="sm-7bf">
         <name>AES256_IRQHandler</name>
         <value>0x80f</value>
      </symbol>
      <symbol id="sm-7c0">
         <name>RTC_C_IRQHandler</name>
         <value>0x80f</value>
      </symbol>
      <symbol id="sm-7c1">
         <name>DMA_ERR_IRQHandler</name>
         <value>0x80f</value>
      </symbol>
      <symbol id="sm-7c2">
         <name>DMA_INT3_IRQHandler</name>
         <value>0x80f</value>
      </symbol>
      <symbol id="sm-7c3">
         <name>DMA_INT2_IRQHandler</name>
         <value>0x80f</value>
      </symbol>
      <symbol id="sm-7c4">
         <name>DMA_INT1_IRQHandler</name>
         <value>0x80f</value>
      </symbol>
      <symbol id="sm-7c5">
         <name>DMA_INT0_IRQHandler</name>
         <value>0x80f</value>
      </symbol>
      <symbol id="sm-7c6">
         <name>PORT1_IRQHandler</name>
         <value>0x80f</value>
      </symbol>
      <symbol id="sm-7c7">
         <name>PORT2_IRQHandler</name>
         <value>0x2109</value>
      </symbol>
      <symbol id="sm-7c8">
         <name>PORT3_IRQHandler</name>
         <value>0x80f</value>
      </symbol>
      <symbol id="sm-7c9">
         <name>PORT4_IRQHandler</name>
         <value>0x80f</value>
      </symbol>
      <symbol id="sm-7ca">
         <name>PORT5_IRQHandler</name>
         <value>0x80f</value>
      </symbol>
      <symbol id="sm-7cb">
         <name>PORT6_IRQHandler</name>
         <value>0x80f</value>
      </symbol>
   </symbol_table>
   <title>Link successful</title>
</link_info>
