******************************************************************************
                  TI ARM Linker Unix v20.2.5                   
******************************************************************************
>> Linked Fri Nov 26 00:44:41 2021

OUTPUT FILE NAME:   <IRAcer.out>
ENTRY POINT SYMBOL: "_c_int00_noargs"  address: 00004069


MEMORY CONFIGURATION

         name            origin    length      used     unused   attr    fill
----------------------  --------  ---------  --------  --------  ----  --------
  MAIN                  00000000   00040000  0000478c  0003b874  R  X
  INFO                  00200000   00004000  00000000  00004000  R  X
  SRAM_CODE             01000000   00010000  00002654  0000d9ac  RW X
  SRAM_DATA             20000000   00010000  00002654  0000d9ac  RW  


SEGMENT ALLOCATION MAP

run origin  load origin   length   init length attrs members
----------  ----------- ---------- ----------- ----- -------
00000000    00000000    00004790   00004790    r-x
  00000000    00000000    000000e4   000000e4    r-- .intvecs
  000000e4    000000e4    000044a4   000044a4    r-x .text
  00004588    00004588    00000154   00000154    r-- .const
  000046e0    000046e0    000000b0   000000b0    r-- .cinit
20000000    20000000    00002458   00000000    rw-
  20000000    20000000    000019ec   00000000    rw- .bss
  200019f0    200019f0    00000800   00000000    rw- .sysmem
  200021f0    200021f0    00000268   00000000    rw- .data
2000fe00    2000fe00    00000200   00000000    rw-
  2000fe00    2000fe00    00000200   00000000    rw- .stack


SECTION ALLOCATION MAP

 output                                  attributes/
section   page    origin      length       input sections
--------  ----  ----------  ----------   ----------------
.intvecs   0    00000000    000000e4     
                  00000000    000000e4     startup_msp432p401r_ccs.obj (.intvecs:retain)

.text      0    000000e4    000044a4     
                  000000e4    00000a4e     rtsv7M4_T_le_v4SPD16_eabi.lib : _printfi.c.obj (.text:__TI_printfi)
                  00000b32    00000002     startup_msp432p401r_ccs.obj (.text:Default_Handler)
                  00000b34    00000270     rtsv7M4_T_le_v4SPD16_eabi.lib : _printfi.c.obj (.text:_pconv_a)
                  00000da4    00000214     UART.obj (.text:init_UART)
                  00000fb8    000001d0     rtsv7M4_T_le_v4SPD16_eabi.lib : _printfi.c.obj (.text:_pconv_g)
                  00001188    000001b6                                   : fd_add_t2.asm.obj (.text)
                  0000133e    00000158     UART_Driver.obj (.text:UART_Printf)
                  00001496    00000002     rtsv7M4_T_le_v4SPD16_eabi.lib : _lock.c.obj (.text:_nop)
                  00001498    00000144     msp432p4xx_driverlib.lib : timer_a.o (.text:privateTimer_AProcessClockSourceDivider)
                  000015dc    00000140     UART_Driver.obj (.text:UART_Read)
                  0000171c    0000013c     rtsv7M4_T_le_v4SPD16_eabi.lib : _printfi.c.obj (.text:_pconv_e)
                  00001858    00000136                                   : fd_div_t2.asm.obj (.text)
                  0000198e    00000002                                   : div0.asm.obj (.text)
                  00001990    00000124                                   : _printfi.c.obj (.text:fcvt)
                  00001ab4    0000011c     msp432p4xx_driverlib.lib : uart.o (.text:UART_initModule)
                  00001bd0    00000114     rtsv7M4_T_le_v4SPD16_eabi.lib : fputs.c.obj (.text:fputs)
                  00001ce4    00000110                                   : s_scalbn.c.obj (.text:scalbn)
                  00001df4    00000104     msp432p4xx_driverlib.lib : cs.o (.text:_CSComputeCLKFrequency)
                  00001ef8    00000100     rtsv7M4_T_le_v4SPD16_eabi.lib : memory.c.obj (.text:aligned_alloc)
                  00001ff8    000000fc                                   : fd_mul_t2.asm.obj (.text)
                  000020f4    000000f8     msp432p4xx_driverlib.lib : cs.o (.text:CS_getDCOFrequency)
                  000021ec    000000e4     rtsv7M4_T_le_v4SPD16_eabi.lib : memory.c.obj (.text:free)
                  000022d0    000000dc                                   : setvbuf.c.obj (.text:setvbuf)
                  000023ac    000000bc     main.obj (.text:main)
                  00002468    000000ba     MSPIO.obj (.text:MSPrintf)
                  00002522    00000002     --HOLE-- [fill = 0]
                  00002524    000000b4     UART.obj (.text:uartLoop)
                  000025d8    000000b1     rtsv7M4_T_le_v4SPD16_eabi.lib : _printfi.c.obj (.text:_ltostr)
                  00002689    00000003     --HOLE-- [fill = 0]
                  0000268c    0000009c     UART_Driver.obj (.text:EUSCIA0_IRQHandler)
                  00002728    0000009c     rtsv7M4_T_le_v4SPD16_eabi.lib : memcpy_t2.asm.obj (.text)
                  000027c4    00000096                                   : ull_div_t2.asm.obj (.text)
                  0000285a    00000002     --HOLE-- [fill = 0]
                  0000285c    00000094     msp432p4xx_driverlib.lib : sysctl_a.o (.text:SysCtl_A_getTLVInfo)
                  000028f0    00000090     ESP8266.obj (.text:ESP8266_ConnectToAP)
                  00002980    00000090     Ultrasonic.obj (.text:getHCSR04Distance)
                  00002a10    0000008c     UART_Driver.obj (.text:EUSCIA2_IRQHandler)
                  00002a9c    0000008c     MSPIO.obj (.text:PrintInteger)
                  00002b28    0000008c     rtsv7M4_T_le_v4SPD16_eabi.lib : fputc.c.obj (.text:fputc)
                  00002bb4    00000088     msp432p4xx_driverlib.lib : gpio.o (.text:GPIO_setAsPeripheralModuleFunctionOutputPin)
                  00002c3c    00000086     rtsv7M4_T_le_v4SPD16_eabi.lib : fd_cmp_t2.asm.obj (.text:__aeabi_cdcmple)
                  00002cc2    00000086                                   : fd_cmp_t2.asm.obj (.text:__aeabi_cdrcmple)
                  00002d48    00000080     ESP8266.obj (.text:ESP8266_EnableMultipleConnections)
                  00002dc8    00000080     msp432p4xx_driverlib.lib : interrupt.o (.text:Interrupt_enableInterrupt)
                  00002e48    0000007c     ESP8266.obj (.text:ESP8266_WaitForAnswer)
                  00002ec4    0000007c     msp432p4xx_driverlib.lib : cs.o (.text:_CSGetDOCFrequency)
                  00002f40    0000007a     rtsv7M4_T_le_v4SPD16_eabi.lib : memset_t2.asm.obj (.text)
                  00002fba    00000002     --HOLE-- [fill = 0]
                  00002fbc    00000078     system_msp432p401r.obj (.text:SystemInit)
                  00003034    00000074     msp432p4xx_driverlib.lib : timer_a.o (.text:Timer_A_generatePWM)
                  000030a8    00000074     rtsv7M4_T_le_v4SPD16_eabi.lib : fclose.c.obj (.text:__TI_closefile)
                  0000311c    00000070                                   : memory.c.obj (.text:split)
                  0000318c    0000006e                                   : _printfi.c.obj (.text:_mcpy)
                  000031fa    00000002     --HOLE-- [fill = 0]
                  000031fc    0000006c                                   : hostrename.c.obj (.text:HOSTrename)
                  00003268    00000068                                   : hostlseek.c.obj (.text:HOSTlseek)
                  000032d0    00000068     msp432p4xx_driverlib.lib : timer_a.o (.text:Timer_A_configureUpMode)
                  00003338    00000068     rtsv7M4_T_le_v4SPD16_eabi.lib : copy_decompress_lzss.c.obj (.text:decompress:lzss:__TI_decompress_lzss)
                  000033a0    00000068                                   : printf.c.obj (.text:printf)
                  00003408    00000064     msp432p4xx_driverlib.lib : uart.o (.text:UART_getEnabledInterruptStatus)
                  0000346c    00000064     rtsv7M4_T_le_v4SPD16_eabi.lib : s_frexp.c.obj (.text:frexp)
                  000034d0    00000064                                   : fseek.c.obj (.text:fseek)
                  00003534    00000062     msp432p4xx_driverlib.lib : cs.o (.text:_CSGetDividerValue)
                  00003596    00000062     rtsv7M4_T_le_v4SPD16_eabi.lib : _io_perm.c.obj (.text:__TI_wrt_ok)
                  000035f8    00000060                                   : hostopen.c.obj (.text:HOSTopen)
                  00003658    0000005c     ESP8266.obj (.text:ESP8266_Port80)
                  000036b4    0000005c     rtsv7M4_T_le_v4SPD16_eabi.lib : close.c.obj (.text:close)
                  00003710    00000058     msp432p4xx_driverlib.lib : gpio.o (.text:GPIO_setAsInputPinWithPullDownResistor)
                  00003768    00000058     rtsv7M4_T_le_v4SPD16_eabi.lib : hostread.c.obj (.text:HOSTread)
                  000037c0    00000058                                   : hostwrite.c.obj (.text:HOSTwrite)
                  00003818    00000056                                   : _printfi.c.obj (.text:_pconv_f)
                  0000386e    00000002     --HOLE-- [fill = 0]
                  00003870    00000054     ESP8266.obj (.text:ESP8266_ChangeMode1)
                  000038c4    00000054     rtsv7M4_T_le_v4SPD16_eabi.lib : _ltoa.c.obj (.text:__TI_ltoa)
                  00003918    00000054     Ultrasonic.obj (.text:init_ultrasonic)
                  0000396c    00000052     rtsv7M4_T_le_v4SPD16_eabi.lib : _printfi.c.obj (.text:_ecpy)
                  000039be    00000002     --HOLE-- [fill = 0]
                  000039c0    00000050     ESP8266.obj (.text:ESP8266_Close)
                  00003a10    0000004c     msp432p4xx_driverlib.lib : timer_a.o (.text:Timer_A_getCounterValue)
                  00003a5c    0000004c     UART_Driver.obj (.text:UART_Available)
                  00003aa8    0000004c     rtsv7M4_T_le_v4SPD16_eabi.lib : fflush.c.obj (.text:__TI_doflush)
                  00003af4    0000004c                                   : atoi.c.obj (.text:atoi)
                  00003b40    00000048     UART_Driver.obj (.text:UART_Flush)
                  00003b88    00000048     rtsv7M4_T_le_v4SPD16_eabi.lib : exit.c.obj (.text:exit)
                  00003bd0    00000048                                   : fd_toi_t2.asm.obj (.text)
                  00003c18    00000044                                   : hostclose.c.obj (.text:HOSTclose)
                  00003c5c    00000044                                   : hostunlink.c.obj (.text:HOSTunlink)
                  00003ca0    00000044                                   : autoinit.c.obj (.text:__TI_auto_init_nobinit_nopinit:__TI_auto_init_nobinit_nopinit)
                  00003ce4    00000044                                   : getdevice.c.obj (.text:getdevice)
                  00003d28    00000044     PWM.obj (.text:init_PWM)
                  00003d6c    00000044     PWM.obj (.text:leftDirection)
                  00003db0    00000044     PWM.obj (.text:rightDirection)
                  00003df4    00000040     msp432p4xx_driverlib.lib : gpio.o (.text:GPIO_setAsOutputPin)
                  00003e34    00000040     UART_Driver.obj (.text:UART_Write)
                  00003e74    0000003e     rtsv7M4_T_le_v4SPD16_eabi.lib : _printfi.c.obj (.text:_fcpy)
                  00003eb2    00000002     --HOLE-- [fill = 0]
                  00003eb4    00000038                                   : trgmsg.c.obj (.text:__TI_writemsg)
                  00003eec    00000038     Ultrasonic.obj (.text:getHCSR04Time)
                  00003f24    00000038     PWM.obj (.text:slowDown)
                  00003f5c    00000038     PWM.obj (.text:speedUp)
                  00003f94    00000036     rtsv7M4_T_le_v4SPD16_eabi.lib : strncpy.c.obj (.text:strncpy)
                  00003fca    00000002     --HOLE-- [fill = 0]
                  00003fcc    00000034     ESP8266.obj (.text:ESP8266_HardReset)
                  00004000    00000034     rtsv7M4_T_le_v4SPD16_eabi.lib : fopen.c.obj (.text:__TI_cleanup)
                  00004034    00000034                                   : trgmsg.c.obj (.text:__TI_readmsg)
                  00004068    00000034                                   : boot_cortex_m.c.obj (.text:_c_int00_noargs:_c_int00_noargs)
                  0000409c    00000034                                   : strstr.c.obj (.text:strstr)
                  000040d0    00000030     msp432p4xx_driverlib.lib : cs.o (.text:CS_clearInterruptFlag)
                  00004100    00000030                              : gpio.o (.text:GPIO_getInputPinValue)
                  00004130    00000030     rtsv7M4_T_le_v4SPD16_eabi.lib : getdevice.c.obj (.text:finddevice)
                  00004160    0000002e                                   : i_tofd_t2.asm.obj (.text)
                  0000418e    00000002     --HOLE-- [fill = 0]
                  00004190    0000002c     msp432p4xx_driverlib.lib : timer_a.o (.text:Timer_A_clearCaptureCompareInterrupt)
                  000041bc    0000002c     rtsv7M4_T_le_v4SPD16_eabi.lib : unlink.c.obj (.text:unlink)
                  000041e8    00000028     msp432p4xx_driverlib.lib : cs.o (.text:CS_getSMCLK)
                  00004210    00000028                              : gpio.o (.text:GPIO_setOutputHighOnPin)
                  00004238    00000028                              : gpio.o (.text:GPIO_setOutputLowOnPin)
                  00004260    00000028                              : gpio.o (.text:GPIO_toggleOutputOnPin)
                  00004288    00000028     rtsv7M4_T_le_v4SPD16_eabi.lib : memory.c.obj (.text:free_list_insert)
                  000042b0    00000028                                   : lseek.c.obj (.text:lseek)
                  000042d8    00000028                                   : write.c.obj (.text:write)
                  00004300    00000024     PWM.obj (.text:Delay)
                  00004324    00000024     Ultrasonic.obj (.text:Delay)
                  00004348    00000024     main.obj (.text:Delay)
                  0000436c    00000022     MSPIO.obj (.text:PrintString)
                  0000438e    00000020     rtsv7M4_T_le_v4SPD16_eabi.lib : memchr.c.obj (.text:memchr)
                  000043ae    00000002     --HOLE-- [fill = 0]
                  000043b0    0000001c     Ultrasonic.obj (.text:TA1_0_IRQHandler)
                  000043cc    0000001c     rtsv7M4_T_le_v4SPD16_eabi.lib : memory.c.obj (.text:free_list_remove)
                  000043e8    0000001c                                   : memccpy.c.obj (.text:memccpy)
                  00004404    0000001a                                   : s_copysign.c.obj (.text:copysign)
                  0000441e    00000002     --HOLE-- [fill = 0]
                  00004420    00000018     msp432p4xx_driverlib.lib : timer_a.o (.text:Timer_A_clearTimer)
                  00004438    00000018                              : uart.o (.text:UART_getInterruptStatus)
                  00004450    00000018     PWM.obj (.text:forwardDirection)
                  00004468    00000018     PWM.obj (.text:reverseDirection)
                  00004480    00000018     rtsv7M4_T_le_v4SPD16_eabi.lib : strcmp.c.obj (.text:strcmp)
                  00004498    00000016     msp432p4xx_driverlib.lib : timer_a.o (.text:Timer_A_startCounter)
                  000044ae    00000016     rtsv7M4_T_le_v4SPD16_eabi.lib : strchr.c.obj (.text:strchr)
                  000044c4    00000014     ESP8266.obj (.text:ESP8266_ClearBuffer)
                  000044d8    00000014     MSPIO.obj (.text:PrintChar)
                  000044ec    00000014     msp432p4xx_driverlib.lib : timer_a.o (.text:Timer_A_stopTimer)
                  00004500    00000014     rtsv7M4_T_le_v4SPD16_eabi.lib : strcpy.c.obj (.text:strcpy)
                  00004514    00000014                                   : strlen.c.obj (.text:strlen)
                  00004528    00000012                                   : wcslen.c.obj (.text:wcslen)
                  0000453a    0000000e                                   : copy_decompress_none.c.obj (.text:decompress:none:__TI_decompress_none)
                  00004548    0000000c     startup_msp432p401r_ccs.obj (.text:Reset_Handler)
                  00004554    0000000c     rtsv7M4_T_le_v4SPD16_eabi.lib : copy_zero_init.c.obj (.text:decompress:ZI:__TI_zero_init)
                  00004560    00000008     ESP8266.obj (.text:ESP8266_GetBuffer)
                  00004568    00000008     rtsv7M4_T_le_v4SPD16_eabi.lib : errno.c.obj (.text:__aeabi_errno_addr)
                  00004570    00000008                                   : memory.c.obj (.text:malloc)
                  00004578    00000004                                   : printf.c.obj (.text:_outc)
                  0000457c    00000004                                   : printf.c.obj (.text:_outs)
                  00004580    00000004                                   : pre_init.c.obj (.text:_system_pre_init)
                  00004584    00000004                                   : exit.c.obj (.text:abort:abort)

.const     0    00004588    00000154     
                  00004588    00000101     rtsv7M4_T_le_v4SPD16_eabi.lib : ctype.c.obj (.const:.string:_ctypes_)
                  00004689    00000003     --HOLE-- [fill = 0]
                  0000468c    00000030     msp432p4xx_driverlib.lib : gpio.o (.const:GPIO_PORT_TO_BASE)
                  000046bc    00000018     Ultrasonic.obj (.const:$P$T0$1)
                  000046d4    00000008     msp432p4xx_driverlib.lib : interrupt.o (.const:g_pulEnRegs)

.cinit     0    000046e0    000000b0     
                  000046e0    00000085     (.cinit..data.load) [load image, compression = lzss]
                  00004765    00000003     --HOLE-- [fill = 0]
                  00004768    0000000c     (__TI_handler_table)
                  00004774    00000004     --HOLE-- [fill = 0]
                  00004778    00000008     (.cinit..bss.load) [load image, compression = zero_init]
                  00004780    00000010     (__TI_cinit_table)

.init_array 
*          0    00000000    00000000     UNINITIALIZED

.binit     0    00000000    00000000     

.bss       0    20000000    000019ec     UNINITIALIZED
                  20000000    00000800     (.common:ESP8266_Buffer)
                  20000800    00000800     (.common:UARTA0Data)
                  20001000    00000800     (.common:UARTA2Data)
                  20001800    00000120     rtsv7M4_T_le_v4SPD16_eabi.lib : trgmsg.c.obj (.bss:_CIOBUF_)
                  20001920    000000a0     (.common:__TI_tmpnams)
                  200019c0    00000008     msp432p4xx_driverlib.lib : cs.o (.bss)
                  200019c8    00000008     (.common:parmbuf)
                  200019d0    00000004     (.common:SR04IntTimes)
                  200019d4    00000004     (.common:UARTA0ReadIndex)
                  200019d8    00000004     (.common:UARTA0WriteIndex)
                  200019dc    00000004     (.common:UARTA2ReadIndex)
                  200019e0    00000004     (.common:UARTA2WriteIndex)
                  200019e4    00000004     (.common:foo)
                  200019e8    00000004     (.common:receivedData)

.sysmem    0    200019f0    00000800     UNINITIALIZED
                  200019f0    00000010     rtsv7M4_T_le_v4SPD16_eabi.lib : memory.c.obj (.sysmem)
                  20001a00    000007f0     --HOLE--

.data      0    200021f0    00000268     UNINITIALIZED
                  200021f0    000000f0     rtsv7M4_T_le_v4SPD16_eabi.lib : defs.c.obj (.data:_ftable)
                  200022e0    00000078                                   : host_device.c.obj (.data:_device)
                  20002358    00000050                                   : host_device.c.obj (.data:_stream)
                  200023a8    00000028     UART.obj (.data:UART0Config)
                  200023d0    00000028     UART.obj (.data:UART2Config)
                  200023f8    00000018     PWM.obj (.data:pwm2Config)
                  20002410    00000018     PWM.obj (.data:pwmConfig)
                  20002428    00000010     rtsv7M4_T_le_v4SPD16_eabi.lib : defs.c.obj (.data)
                  20002438    0000000c                                   : exit.c.obj (.data:$O1$$)
                  20002444    00000008                                   : _lock.c.obj (.data:$O1$$)
                  2000244c    00000008                                   : memory.c.obj (.data:$O1$$)
                  20002454    00000004                                   : errno.c.obj (.data)

.stack     0    2000fe00    00000200     UNINITIALIZED
                  2000fe00    00000004     rtsv7M4_T_le_v4SPD16_eabi.lib : boot_cortex_m.c.obj (.stack)
                  2000fe04    000001fc     --HOLE--

__llvm_prf_cnts 
*          0    20000000    00000000     UNINITIALIZED

MODULE SUMMARY

       Module                        code    ro data   rw data
       ------                        ----    -------   -------
    ./
       UART.obj                      712     0         12488  
       PWM.obj                       400     0         96     
       Ultrasonic.obj                348     24        8      
       main.obj                      224     0         8      
       system_msp432p401r.obj        120     0         0      
    +--+-----------------------------+-------+---------+---------+
       Total:                        1804    24        12600  
                                                              
    ./Devices/
       ESP8266.obj                   732     0         0      
       MSPIO.obj                     380     0         0      
    +--+-----------------------------+-------+---------+---------+
       Total:                        1112    0         0      
                                                              
    ./Hardware/
       UART_Driver.obj               1172    0         0      
    +--+-----------------------------+-------+---------+---------+
       Total:                        1172    0         0      
                                                              
    ./ccs/
       startup_msp432p401r_ccs.obj   14      228       0      
    +--+-----------------------------+-------+---------+---------+
       Total:                        14      228       0      
                                                              
    /Applications/TI/ccs/tools/compiler/ti-cgt-arm_20.2.5.LTS/lib/rtsv7M4_T_le_v4SPD16_eabi.lib
       _printfi.c.obj                4851    0         0      
       defs.c.obj                    0       0         832    
       memory.c.obj                  672     0         16     
       trgmsg.c.obj                  108     0         576    
       fd_add_t2.asm.obj             438     0         0      
       host_device.c.obj             0       0         400    
       fd_div_t2.asm.obj             310     0         0      
       fputs.c.obj                   276     0         0      
       s_scalbn.c.obj                272     0         0      
       fd_cmp_t2.asm.obj             268     0         0      
       ctype.c.obj                   0       257       0      
       fd_mul_t2.asm.obj             252     0         0      
       setvbuf.c.obj                 220     0         0      
       memcpy_t2.asm.obj             156     0         0      
       ull_div_t2.asm.obj            150     0         0      
       fputc.c.obj                   140     0         0      
       memset_t2.asm.obj             122     0         0      
       fclose.c.obj                  116     0         0      
       getdevice.c.obj               116     0         0      
       hostopen.c.obj                96      0         16     
       printf.c.obj                  112     0         0      
       hostrename.c.obj              108     0         0      
       copy_decompress_lzss.c.obj    104     0         0      
       hostlseek.c.obj               104     0         0      
       exit.c.obj                    76      0         24     
       fseek.c.obj                   100     0         0      
       s_frexp.c.obj                 100     0         0      
       _io_perm.c.obj                98      0         0      
       close.c.obj                   92      0         0      
       hostread.c.obj                88      0         0      
       hostwrite.c.obj               88      0         0      
       _ltoa.c.obj                   84      0         0      
       atoi.c.obj                    76      0         0      
       fflush.c.obj                  76      0         0      
       fd_toi_t2.asm.obj             72      0         0      
       autoinit.c.obj                68      0         0      
       hostclose.c.obj               68      0         0      
       hostunlink.c.obj              68      0         0      
       strncpy.c.obj                 54      0         0      
       boot_cortex_m.c.obj           52      0         0      
       fopen.c.obj                   52      0         0      
       strstr.c.obj                  52      0         0      
       i_tofd_t2.asm.obj             46      0         0      
       unlink.c.obj                  44      0         0      
       lseek.c.obj                   40      0         0      
       write.c.obj                   40      0         0      
       memchr.c.obj                  32      0         0      
       memccpy.c.obj                 28      0         0      
       s_copysign.c.obj              26      0         0      
       strcmp.c.obj                  24      0         0      
       strchr.c.obj                  22      0         0      
       strcpy.c.obj                  20      0         0      
       strlen.c.obj                  20      0         0      
       _lock.c.obj                   2       0         16     
       wcslen.c.obj                  18      0         0      
       errno.c.obj                   8       0         8      
       copy_decompress_none.c.obj    14      0         0      
       copy_zero_init.c.obj          12      0         0      
       pre_init.c.obj                4       0         0      
       div0.asm.obj                  2       0         0      
    +--+-----------------------------+-------+---------+---------+
       Total:                        10757   257       1888   
                                                              
    /Applications/TI/simplelink_msp432p4_sdk_3_40_01_02/source/ti/devices/msp432p4xx/driverlib/ccs/msp432p4xx_driverlib.lib
       cs.o                          818     0         16     
       timer_a.o                     730     0         0      
       gpio.o                        456     48        0      
       uart.o                        408     0         0      
       sysctl_a.o                    148     0         0      
       interrupt.o                   128     8         0      
    +--+-----------------------------+-------+---------+---------+
       Total:                        2688    56        16     
                                                              
       Heap:                         0       0         4096   
       Stack:                        0       0         1024   
       Linker Generated:             0       169       0      
    +--+-----------------------------+-------+---------+---------+
       Grand Total:                  17547   734       19624  


LINKER GENERATED COPY TABLES

__TI_cinit_table @ 00004780 records: 2, size/record: 8, table size: 16
	.data: load addr=000046e0, load size=00000085 bytes, run addr=200021f0, run size=00000268 bytes, compression=lzss
	.bss: load addr=00004778, load size=00000008 bytes, run addr=20000000, run size=000019ec bytes, compression=zero_init


LINKER GENERATED HANDLER TABLE

__TI_handler_table @ 00004768 records: 3, size/record: 4, table size: 12
	index: 0, handler: __TI_decompress_lzss
	index: 1, handler: __TI_decompress_none
	index: 2, handler: __TI_zero_init


GLOBAL SYMBOLS: SORTED ALPHABETICALLY BY Name 

address   name                                       
-------   ----                                       
00000b33  ADC14_IRQHandler                           
00000b33  AES256_IRQHandler                          
00000b33  BusFault_Handler                           
00004585  C$$EXIT                                    
00003ee3  C$$IO$$                                    
00000b33  COMP_E0_IRQHandler                         
00000b33  COMP_E1_IRQHandler                         
00000b33  CS_IRQHandler                              
000040d1  CS_clearInterruptFlag                      
000020f5  CS_getDCOFrequency                         
000041e9  CS_getSMCLK                                
00000b33  DMA_ERR_IRQHandler                         
00000b33  DMA_INT0_IRQHandler                        
00000b33  DMA_INT1_IRQHandler                        
00000b33  DMA_INT2_IRQHandler                        
00000b33  DMA_INT3_IRQHandler                        
00000b33  DebugMon_Handler                           
00000b33  Default_Handler                            
20000000  ESP8266_Buffer                             
00003871  ESP8266_ChangeMode1                        
000044c5  ESP8266_ClearBuffer                        
000039c1  ESP8266_Close                              
000028f1  ESP8266_ConnectToAP                        
00002d49  ESP8266_EnableMultipleConnections          
00004561  ESP8266_GetBuffer                          
00003fcd  ESP8266_HardReset                          
00003659  ESP8266_Port80                             
00002e49  ESP8266_WaitForAnswer                      
0000268d  EUSCIA0_IRQHandler                         
0000268d  EUSCIA0_IRQHandler                         
00000b33  EUSCIA1_IRQHandler                         
00002a11  EUSCIA2_IRQHandler                         
00002a11  EUSCIA2_IRQHandler                         
00000b33  EUSCIA3_IRQHandler                         
00000b33  EUSCIB0_IRQHandler                         
00000b33  EUSCIB1_IRQHandler                         
00000b33  EUSCIB2_IRQHandler                         
00000b33  EUSCIB3_IRQHandler                         
00000b33  FLCTL_IRQHandler                           
00000b33  FPU_IRQHandler                             
00004101  GPIO_getInputPinValue                      
00003711  GPIO_setAsInputPinWithPullDownResistor     
00003df5  GPIO_setAsOutputPin                        
00002bb5  GPIO_setAsPeripheralModuleFunctionOutputPin
00004211  GPIO_setOutputHighOnPin                    
00004239  GPIO_setOutputLowOnPin                     
00004261  GPIO_toggleOutputOnPin                     
00003c19  HOSTclose                                  
00003269  HOSTlseek                                  
000035f9  HOSTopen                                   
00003769  HOSTread                                   
000031fd  HOSTrename                                 
00003c5d  HOSTunlink                                 
000037c1  HOSTwrite                                  
00000b33  HardFault_Handler                          
00002dc9  Interrupt_enableInterrupt                  
00002469  MSPrintf                                   
00000b33  MemManage_Handler                          
00000b33  NMI_Handler                                
00000b33  PCM_IRQHandler                             
00000b33  PORT1_IRQHandler                           
00000b33  PORT2_IRQHandler                           
00000b33  PORT3_IRQHandler                           
00000b33  PORT4_IRQHandler                           
00000b33  PORT5_IRQHandler                           
00000b33  PORT6_IRQHandler                           
00000b33  PSS_IRQHandler                             
00000b33  PendSV_Handler                             
000044d9  PrintChar                                  
00002a9d  PrintInteger                               
0000436d  PrintString                                
00000b33  RTC_C_IRQHandler                           
00004549  Reset_Handler                              
200019d0  SR04IntTimes                               
00000b33  SVC_Handler                                
0000285d  SysCtl_A_getTLVInfo                        
00000b33  SysTick_Handler                            
00002fbd  SystemInit                                 
00000b33  T32_INT1_IRQHandler                        
00000b33  T32_INT2_IRQHandler                        
00000b33  T32_INTC_IRQHandler                        
00000b33  TA0_0_IRQHandler                           
00000b33  TA0_N_IRQHandler                           
000043b1  TA1_0_IRQHandler                           
000043b1  TA1_0_IRQHandler                           
00000b33  TA1_N_IRQHandler                           
00000b33  TA2_0_IRQHandler                           
00000b33  TA2_N_IRQHandler                           
00000b33  TA3_0_IRQHandler                           
00000b33  TA3_N_IRQHandler                           
00004191  Timer_A_clearCaptureCompareInterrupt       
00004421  Timer_A_clearTimer                         
000032d1  Timer_A_configureUpMode                    
00003035  Timer_A_generatePWM                        
00003a11  Timer_A_getCounterValue                    
00004499  Timer_A_startCounter                       
000044ed  Timer_A_stopTimer                          
200023a8  UART0Config                                
200023d0  UART2Config                                
20000800  UARTA0Data                                 
200019d4  UARTA0ReadIndex                            
200019d8  UARTA0WriteIndex                           
20001000  UARTA2Data                                 
200019dc  UARTA2ReadIndex                            
200019e0  UARTA2WriteIndex                           
00003a5d  UART_Available                             
00003b41  UART_Flush                                 
0000133f  UART_Printf                                
000015dd  UART_Read                                  
00003e35  UART_Write                                 
00003409  UART_getEnabledInterruptStatus             
00004439  UART_getInterruptStatus                    
00001ab5  UART_initModule                            
00000b33  UsageFault_Handler                         
4000480c  WDTCTL_SYM                                 
00000b33  WDT_A_IRQHandler                           
20001800  __CIOBUF_                                  
20010000  __STACK_END                                
00000200  __STACK_SIZE                               
00000800  __SYSMEM_SIZE                              
00004780  __TI_CINIT_Base                            
00004790  __TI_CINIT_Limit                           
00004768  __TI_Handler_Table_Base                    
00004774  __TI_Handler_Table_Limit                   
00003ca1  __TI_auto_init_nobinit_nopinit             
00004001  __TI_cleanup                               
20002438  __TI_cleanup_ptr                           
000030a9  __TI_closefile                             
00003339  __TI_decompress_lzss                       
0000453b  __TI_decompress_none                       
00003aa9  __TI_doflush                               
2000243c  __TI_dtors_ptr                             
20002440  __TI_enable_exit_profile_output            
20002428  __TI_ft_end                                
000038c5  __TI_ltoa                                  
ffffffff  __TI_pprof_out_hndl                        
000000e5  __TI_printfi                               
ffffffff  __TI_prof_data_size                        
ffffffff  __TI_prof_data_start                       
00004035  __TI_readmsg                               
00000000  __TI_static_base__                         
20001920  __TI_tmpnams                               
00003eb5  __TI_writemsg                              
00003597  __TI_wrt_ok                                
00004555  __TI_zero_init                             
00002c3d  __aeabi_cdcmpeq                            
00002c3d  __aeabi_cdcmple                            
00002cc3  __aeabi_cdrcmple                           
00003bd1  __aeabi_d2iz                               
00001193  __aeabi_dadd                               
00001859  __aeabi_ddiv                               
00001ff9  __aeabi_dmul                               
00001189  __aeabi_dsub                               
00004569  __aeabi_errno_addr                         
00004161  __aeabi_i2d                                
0000198f  __aeabi_idiv0                              
0000198f  __aeabi_ldiv0                              
00002f41  __aeabi_memclr                             
00002f41  __aeabi_memclr4                            
00002f41  __aeabi_memclr8                            
00002729  __aeabi_memcpy                             
00002729  __aeabi_memcpy4                            
00002729  __aeabi_memcpy8                            
00002f43  __aeabi_memset                             
00002f43  __aeabi_memset4                            
00002f43  __aeabi_memset8                            
20002434  __aeabi_stderr                             
2000242c  __aeabi_stdin                              
20002430  __aeabi_stdout                             
000027c5  __aeabi_uldivmod                           
ffffffff  __binit__                                  
ffffffff  __c_args__                                 
UNDEFED   __mpu_init                                 
2000fe00  __stack                                    
20000000  __start___llvm_prf_cnts                    
20000000  __stop___llvm_prf_cnts                     
00004069  _c_int00_noargs                            
00004588  _ctypes_                                   
200022e0  _device                                    
200021f0  _ftable                                    
20002444  _lock                                      
00001497  _nop                                       
20002358  _stream                                    
200019f0  _sys_memory                                
UNDEFED   _system_post_cinit                         
00004581  _system_pre_init                           
20002448  _unlock                                    
00004585  abort                                      
00001ef9  aligned_alloc                              
00003af5  atoi                                       
ffffffff  binit                                      
000036b5  close                                      
00004405  copysign                                   
00004405  copysignl                                  
20002454  errno                                      
00003b89  exit                                       
00004131  finddevice                                 
200019e4  foo                                        
00004451  forwardDirection                           
00002b29  fputc                                      
00001bd1  fputs                                      
000021ed  free                                       
0000346d  frexp                                      
0000346d  frexpl                                     
000034d1  fseek                                      
00002981  getHCSR04Distance                          
00003ce5  getdevice                                  
00003d29  init_PWM                                   
00000da5  init_UART                                  
00003919  init_ultrasonic                            
00000000  interruptVectors                           
00001ce5  ldexp                                      
00001ce5  ldexpl                                     
00003d6d  leftDirection                              
000042b1  lseek                                      
000023ad  main                                       
00004571  malloc                                     
00001ef9  memalign                                   
000043e9  memccpy                                    
0000438f  memchr                                     
00002729  memcpy                                     
00002f49  memset                                     
200019c8  parmbuf                                    
000033a1  printf                                     
00002b29  putc                                       
200023f8  pwm2Config                                 
20002410  pwmConfig                                  
200019e8  receivedData                               
000041bd  remove                                     
00004469  reverseDirection                           
00003db1  rightDirection                             
00001ce5  scalbn                                     
00001ce5  scalbnl                                    
000022d1  setvbuf                                    
00003f25  slowDown                                   
00003f5d  speedUp                                    
000044af  strchr                                     
00004481  strcmp                                     
00004501  strcpy                                     
00004515  strlen                                     
00003f95  strncpy                                    
0000409d  strstr                                     
00002525  uartLoop                                   
000041bd  unlink                                     
00004529  wcslen                                     
000042d9  write                                      


GLOBAL SYMBOLS: SORTED BY Symbol Address 

address   name                                       
-------   ----                                       
00000000  __TI_static_base__                         
00000000  interruptVectors                           
000000e5  __TI_printfi                               
00000200  __STACK_SIZE                               
00000800  __SYSMEM_SIZE                              
00000b33  ADC14_IRQHandler                           
00000b33  AES256_IRQHandler                          
00000b33  BusFault_Handler                           
00000b33  COMP_E0_IRQHandler                         
00000b33  COMP_E1_IRQHandler                         
00000b33  CS_IRQHandler                              
00000b33  DMA_ERR_IRQHandler                         
00000b33  DMA_INT0_IRQHandler                        
00000b33  DMA_INT1_IRQHandler                        
00000b33  DMA_INT2_IRQHandler                        
00000b33  DMA_INT3_IRQHandler                        
00000b33  DebugMon_Handler                           
00000b33  Default_Handler                            
00000b33  EUSCIA1_IRQHandler                         
00000b33  EUSCIA3_IRQHandler                         
00000b33  EUSCIB0_IRQHandler                         
00000b33  EUSCIB1_IRQHandler                         
00000b33  EUSCIB2_IRQHandler                         
00000b33  EUSCIB3_IRQHandler                         
00000b33  FLCTL_IRQHandler                           
00000b33  FPU_IRQHandler                             
00000b33  HardFault_Handler                          
00000b33  MemManage_Handler                          
00000b33  NMI_Handler                                
00000b33  PCM_IRQHandler                             
00000b33  PORT1_IRQHandler                           
00000b33  PORT2_IRQHandler                           
00000b33  PORT3_IRQHandler                           
00000b33  PORT4_IRQHandler                           
00000b33  PORT5_IRQHandler                           
00000b33  PORT6_IRQHandler                           
00000b33  PSS_IRQHandler                             
00000b33  PendSV_Handler                             
00000b33  RTC_C_IRQHandler                           
00000b33  SVC_Handler                                
00000b33  SysTick_Handler                            
00000b33  T32_INT1_IRQHandler                        
00000b33  T32_INT2_IRQHandler                        
00000b33  T32_INTC_IRQHandler                        
00000b33  TA0_0_IRQHandler                           
00000b33  TA0_N_IRQHandler                           
00000b33  TA1_N_IRQHandler                           
00000b33  TA2_0_IRQHandler                           
00000b33  TA2_N_IRQHandler                           
00000b33  TA3_0_IRQHandler                           
00000b33  TA3_N_IRQHandler                           
00000b33  UsageFault_Handler                         
00000b33  WDT_A_IRQHandler                           
00000da5  init_UART                                  
00001189  __aeabi_dsub                               
00001193  __aeabi_dadd                               
0000133f  UART_Printf                                
00001497  _nop                                       
000015dd  UART_Read                                  
00001859  __aeabi_ddiv                               
0000198f  __aeabi_idiv0                              
0000198f  __aeabi_ldiv0                              
00001ab5  UART_initModule                            
00001bd1  fputs                                      
00001ce5  ldexp                                      
00001ce5  ldexpl                                     
00001ce5  scalbn                                     
00001ce5  scalbnl                                    
00001ef9  aligned_alloc                              
00001ef9  memalign                                   
00001ff9  __aeabi_dmul                               
000020f5  CS_getDCOFrequency                         
000021ed  free                                       
000022d1  setvbuf                                    
000023ad  main                                       
00002469  MSPrintf                                   
00002525  uartLoop                                   
0000268d  EUSCIA0_IRQHandler                         
0000268d  EUSCIA0_IRQHandler                         
00002729  __aeabi_memcpy                             
00002729  __aeabi_memcpy4                            
00002729  __aeabi_memcpy8                            
00002729  memcpy                                     
000027c5  __aeabi_uldivmod                           
0000285d  SysCtl_A_getTLVInfo                        
000028f1  ESP8266_ConnectToAP                        
00002981  getHCSR04Distance                          
00002a11  EUSCIA2_IRQHandler                         
00002a11  EUSCIA2_IRQHandler                         
00002a9d  PrintInteger                               
00002b29  fputc                                      
00002b29  putc                                       
00002bb5  GPIO_setAsPeripheralModuleFunctionOutputPin
00002c3d  __aeabi_cdcmpeq                            
00002c3d  __aeabi_cdcmple                            
00002cc3  __aeabi_cdrcmple                           
00002d49  ESP8266_EnableMultipleConnections          
00002dc9  Interrupt_enableInterrupt                  
00002e49  ESP8266_WaitForAnswer                      
00002f41  __aeabi_memclr                             
00002f41  __aeabi_memclr4                            
00002f41  __aeabi_memclr8                            
00002f43  __aeabi_memset                             
00002f43  __aeabi_memset4                            
00002f43  __aeabi_memset8                            
00002f49  memset                                     
00002fbd  SystemInit                                 
00003035  Timer_A_generatePWM                        
000030a9  __TI_closefile                             
000031fd  HOSTrename                                 
00003269  HOSTlseek                                  
000032d1  Timer_A_configureUpMode                    
00003339  __TI_decompress_lzss                       
000033a1  printf                                     
00003409  UART_getEnabledInterruptStatus             
0000346d  frexp                                      
0000346d  frexpl                                     
000034d1  fseek                                      
00003597  __TI_wrt_ok                                
000035f9  HOSTopen                                   
00003659  ESP8266_Port80                             
000036b5  close                                      
00003711  GPIO_setAsInputPinWithPullDownResistor     
00003769  HOSTread                                   
000037c1  HOSTwrite                                  
00003871  ESP8266_ChangeMode1                        
000038c5  __TI_ltoa                                  
00003919  init_ultrasonic                            
000039c1  ESP8266_Close                              
00003a11  Timer_A_getCounterValue                    
00003a5d  UART_Available                             
00003aa9  __TI_doflush                               
00003af5  atoi                                       
00003b41  UART_Flush                                 
00003b89  exit                                       
00003bd1  __aeabi_d2iz                               
00003c19  HOSTclose                                  
00003c5d  HOSTunlink                                 
00003ca1  __TI_auto_init_nobinit_nopinit             
00003ce5  getdevice                                  
00003d29  init_PWM                                   
00003d6d  leftDirection                              
00003db1  rightDirection                             
00003df5  GPIO_setAsOutputPin                        
00003e35  UART_Write                                 
00003eb5  __TI_writemsg                              
00003ee3  C$$IO$$                                    
00003f25  slowDown                                   
00003f5d  speedUp                                    
00003f95  strncpy                                    
00003fcd  ESP8266_HardReset                          
00004001  __TI_cleanup                               
00004035  __TI_readmsg                               
00004069  _c_int00_noargs                            
0000409d  strstr                                     
000040d1  CS_clearInterruptFlag                      
00004101  GPIO_getInputPinValue                      
00004131  finddevice                                 
00004161  __aeabi_i2d                                
00004191  Timer_A_clearCaptureCompareInterrupt       
000041bd  remove                                     
000041bd  unlink                                     
000041e9  CS_getSMCLK                                
00004211  GPIO_setOutputHighOnPin                    
00004239  GPIO_setOutputLowOnPin                     
00004261  GPIO_toggleOutputOnPin                     
000042b1  lseek                                      
000042d9  write                                      
0000436d  PrintString                                
0000438f  memchr                                     
000043b1  TA1_0_IRQHandler                           
000043b1  TA1_0_IRQHandler                           
000043e9  memccpy                                    
00004405  copysign                                   
00004405  copysignl                                  
00004421  Timer_A_clearTimer                         
00004439  UART_getInterruptStatus                    
00004451  forwardDirection                           
00004469  reverseDirection                           
00004481  strcmp                                     
00004499  Timer_A_startCounter                       
000044af  strchr                                     
000044c5  ESP8266_ClearBuffer                        
000044d9  PrintChar                                  
000044ed  Timer_A_stopTimer                          
00004501  strcpy                                     
00004515  strlen                                     
00004529  wcslen                                     
0000453b  __TI_decompress_none                       
00004549  Reset_Handler                              
00004555  __TI_zero_init                             
00004561  ESP8266_GetBuffer                          
00004569  __aeabi_errno_addr                         
00004571  malloc                                     
00004581  _system_pre_init                           
00004585  C$$EXIT                                    
00004585  abort                                      
00004588  _ctypes_                                   
00004768  __TI_Handler_Table_Base                    
00004774  __TI_Handler_Table_Limit                   
00004780  __TI_CINIT_Base                            
00004790  __TI_CINIT_Limit                           
20000000  ESP8266_Buffer                             
20000000  __start___llvm_prf_cnts                    
20000000  __stop___llvm_prf_cnts                     
20000800  UARTA0Data                                 
20001000  UARTA2Data                                 
20001800  __CIOBUF_                                  
20001920  __TI_tmpnams                               
200019c8  parmbuf                                    
200019d0  SR04IntTimes                               
200019d4  UARTA0ReadIndex                            
200019d8  UARTA0WriteIndex                           
200019dc  UARTA2ReadIndex                            
200019e0  UARTA2WriteIndex                           
200019e4  foo                                        
200019e8  receivedData                               
200019f0  _sys_memory                                
200021f0  _ftable                                    
200022e0  _device                                    
20002358  _stream                                    
200023a8  UART0Config                                
200023d0  UART2Config                                
200023f8  pwm2Config                                 
20002410  pwmConfig                                  
20002428  __TI_ft_end                                
2000242c  __aeabi_stdin                              
20002430  __aeabi_stdout                             
20002434  __aeabi_stderr                             
20002438  __TI_cleanup_ptr                           
2000243c  __TI_dtors_ptr                             
20002440  __TI_enable_exit_profile_output            
20002444  _lock                                      
20002448  _unlock                                    
20002454  errno                                      
2000fe00  __stack                                    
20010000  __STACK_END                                
4000480c  WDTCTL_SYM                                 
ffffffff  __TI_pprof_out_hndl                        
ffffffff  __TI_prof_data_size                        
ffffffff  __TI_prof_data_start                       
ffffffff  __binit__                                  
ffffffff  __c_args__                                 
ffffffff  binit                                      
UNDEFED   __mpu_init                                 
UNDEFED   _system_post_cinit                         

[246 symbols]
