******************************************************************************
                  TI ARM Linker Unix v20.2.5                   
******************************************************************************
>> Linked Tue Dec  7 04:41:10 2021

OUTPUT FILE NAME:   <IRAcer.out>
ENTRY POINT SYMBOL: "_c_int00_noargs"  address: 00002369


MEMORY CONFIGURATION

         name            origin    length      used     unused   attr    fill
----------------------  --------  ---------  --------  --------  ----  --------
  MAIN                  00000000   00040000  000028b4  0003d74c  R  X
  INFO                  00200000   00004000  00000000  00004000  R  X
  SRAM_CODE             01000000   00010000  00001b00  0000e500  RW X
  SRAM_DATA             20000000   00010000  00001b00  0000e500  RW  


SEGMENT ALLOCATION MAP

run origin  load origin   length   init length attrs members
----------  ----------- ---------- ----------- ----- -------
00000000    00000000    000028b8   000028b8    r-x
  00000000    00000000    000000e4   000000e4    r-- .intvecs
  000000e4    000000e4    000026bc   000026bc    r-x .text
  000027a0    000027a0    0000006c   0000006c    r-- .const
  00002810    00002810    000000a8   000000a8    r-- .cinit
20000000    20000000    00001900   00000000    rw-
  20000000    20000000    00001828   00000000    rw- .bss
  20001828    20001828    000000d8   00000000    rw- .data
2000fe00    2000fe00    00000200   00000000    rw-
  2000fe00    2000fe00    00000200   00000000    rw- .stack


SECTION ALLOCATION MAP

 output                                  attributes/
section   page    origin      length       input sections
--------  ----  ----------  ----------   ----------------
.intvecs   0    00000000    000000e4     
                  00000000    000000e4     startup_msp432p401r_ccs.obj (.intvecs:retain)

.text      0    000000e4    000026bc     
                  000000e4    00000218     UART.obj (.text:init_UART)
                  000002fc    00000158     UART_Driver.obj (.text:UART_Printf)
                  00000454    00000144     msp432p4xx_driverlib.lib : timer_a.o (.text:privateTimer_AProcessClockSourceDivider)
                  00000598    00000140     UART_Driver.obj (.text:UART_Read)
                  000006d8    00000136     rtsv7M4_T_le_v4SPD16_eabi.lib : fd_div_t2.asm.obj (.text)
                  0000080e    00000002     startup_msp432p401r_ccs.obj (.text:Default_Handler)
                  00000810    00000134     Ultrasonic.obj (.text:TA1_0_IRQHandler)
                  00000944    00000124     main.obj (.text:main)
                  00000a68    00000120     UART.obj (.text:sendData)
                  00000b88    0000011c     msp432p4xx_driverlib.lib : uart.o (.text:UART_initModule)
                  00000ca4    00000104                              : cs.o (.text:_CSComputeCLKFrequency)
                  00000da8    000000fc     rtsv7M4_T_le_v4SPD16_eabi.lib : fd_mul_t2.asm.obj (.text)
                  00000ea4    000000f8     msp432p4xx_driverlib.lib : cs.o (.text:CS_getDCOFrequency)
                  00000f9c    000000d4     ESP8266.obj (.text:ESP8266_EstablishConnection)
                  00001070    000000ba     MSPIO.obj (.text:MSPrintf)
                  0000112a    00000002     --HOLE-- [fill = 0]
                  0000112c    000000b4     UART.obj (.text:uartLoop)
                  000011e0    000000a0     ESP8266.obj (.text:ESP8266_SendData)
                  00001280    0000009c     UART_Driver.obj (.text:EUSCIA0_IRQHandler)
                  0000131c    0000009c     rtsv7M4_T_le_v4SPD16_eabi.lib : memcpy_t2.asm.obj (.text)
                  000013b8    00000094     msp432p4xx_driverlib.lib : sysctl_a.o (.text:SysCtl_A_getTLVInfo)
                  0000144c    00000090     ESP8266.obj (.text:ESP8266_ConnectToAP)
                  000014dc    00000090     Ultrasonic.obj (.text:getHCSR04Distance)
                  0000156c    0000008c     UART_Driver.obj (.text:EUSCIA2_IRQHandler)
                  000015f8    0000008c     MSPIO.obj (.text:PrintInteger)
                  00001684    00000088     msp432p4xx_driverlib.lib : gpio.o (.text:GPIO_setAsPeripheralModuleFunctionOutputPin)
                  0000170c    00000080     ESP8266.obj (.text:ESP8266_EnableMultipleConnections)
                  0000178c    00000080     msp432p4xx_driverlib.lib : interrupt.o (.text:Interrupt_enableInterrupt)
                  0000180c    0000007c     ESP8266.obj (.text:ESP8266_WaitForAnswer)
                  00001888    0000007c     msp432p4xx_driverlib.lib : cs.o (.text:_CSGetDOCFrequency)
                  00001904    0000007a     rtsv7M4_T_le_v4SPD16_eabi.lib : memset_t2.asm.obj (.text)
                  0000197e    00000002     --HOLE-- [fill = 0]
                  00001980    00000078     system_msp432p401r.obj (.text:SystemInit)
                  000019f8    00000074     msp432p4xx_driverlib.lib : timer_a.o (.text:Timer_A_generatePWM)
                  00001a6c    0000006e     rtsv7M4_T_le_v4SPD16_eabi.lib : ltoa.c.obj (.text:ltoa)
                  00001ada    0000006e                                   : fd_tos_t2.asm.obj (.text)
                  00001b48    00000068     msp432p4xx_driverlib.lib : timer_a.o (.text:Timer_A_configureUpMode)
                  00001bb0    00000068     rtsv7M4_T_le_v4SPD16_eabi.lib : copy_decompress_lzss.c.obj (.text:decompress:lzss:__TI_decompress_lzss)
                  00001c18    00000068     Encoder.obj (.text:init_Encoder)
                  00001c80    00000064     msp432p4xx_driverlib.lib : uart.o (.text:UART_getEnabledInterruptStatus)
                  00001ce4    00000062                              : cs.o (.text:_CSGetDividerValue)
                  00001d46    00000002     --HOLE-- [fill = 0]
                  00001d48    0000005c     ESP8266.obj (.text:ESP8266_Port8000)
                  00001da4    00000058     msp432p4xx_driverlib.lib : gpio.o (.text:GPIO_setAsInputPinWithPullDownResistor)
                  00001dfc    00000058                              : gpio.o (.text:GPIO_setAsInputPinWithPullUpResistor)
                  00001e54    00000054     ESP8266.obj (.text:ESP8266_ChangeMode1)
                  00001ea8    00000054     Ultrasonic.obj (.text:init_ultrasonic)
                  00001efc    00000050     ESP8266.obj (.text:ESP8266_Close)
                  00001f4c    0000004c     msp432p4xx_driverlib.lib : gpio.o (.text:GPIO_setAsInputPin)
                  00001f98    0000004c                              : timer_a.o (.text:Timer_A_getCounterValue)
                  00001fe4    0000004c     UART_Driver.obj (.text:UART_Available)
                  00002030    00000048     UART_Driver.obj (.text:UART_Flush)
                  00002078    00000048     PWM.obj (.text:leftDirection)
                  000020c0    00000048     PWM.obj (.text:rightDirection)
                  00002108    00000044     Encoder.obj (.text:PORT2_IRQHandler)
                  0000214c    00000044     rtsv7M4_T_le_v4SPD16_eabi.lib : autoinit.c.obj (.text:__TI_auto_init_nobinit_nopinit:__TI_auto_init_nobinit_nopinit)
                  00002190    00000044     PWM.obj (.text:init_PWM)
                  000021d4    00000040     msp432p4xx_driverlib.lib : gpio.o (.text:GPIO_setAsOutputPin)
                  00002214    00000040     UART_Driver.obj (.text:UART_Write)
                  00002254    00000038     Ultrasonic.obj (.text:getHCSR04Time)
                  0000228c    00000038     rtsv7M4_T_le_v4SPD16_eabi.lib : fs_tod_t2.asm.obj (.text)
                  000022c4    00000038     PWM.obj (.text:slowDown)
                  000022fc    00000038     PWM.obj (.text:speedUp)
                  00002334    00000034     ESP8266.obj (.text:ESP8266_HardReset)
                  00002368    00000034     rtsv7M4_T_le_v4SPD16_eabi.lib : boot_cortex_m.c.obj (.text:_c_int00_noargs:_c_int00_noargs)
                  0000239c    00000034     PWM.obj (.text:stop)
                  000023d0    00000034     rtsv7M4_T_le_v4SPD16_eabi.lib : strstr.c.obj (.text:strstr)
                  00002404    00000030     msp432p4xx_driverlib.lib : cs.o (.text:CS_clearInterruptFlag)
                  00002434    00000030                              : gpio.o (.text:GPIO_getInputPinValue)
                  00002464    0000002c                              : timer_a.o (.text:Timer_A_clearCaptureCompareInterrupt)
                  00002490    00000028                              : cs.o (.text:CS_getSMCLK)
                  000024b8    00000028                              : gpio.o (.text:GPIO_clearInterruptFlag)
                  000024e0    00000028                              : gpio.o (.text:GPIO_enableInterrupt)
                  00002508    00000028                              : gpio.o (.text:GPIO_setOutputHighOnPin)
                  00002530    00000028                              : gpio.o (.text:GPIO_setOutputLowOnPin)
                  00002558    00000028                              : gpio.o (.text:GPIO_toggleOutputOnPin)
                  00002580    00000024     PWM.obj (.text:Delay)
                  000025a4    00000024     Ultrasonic.obj (.text:Delay)
                  000025c8    00000024     main.obj (.text:Delay)
                  000025ec    00000024     msp432p4xx_driverlib.lib : gpio.o (.text:GPIO_getInterruptStatus)
                  00002610    00000024     PWM.obj (.text:getSlowSpeed)
                  00002634    00000022     MSPIO.obj (.text:PrintString)
                  00002656    00000002     --HOLE-- [fill = 0]
                  00002658    00000018     msp432p4xx_driverlib.lib : timer_a.o (.text:Timer_A_clearTimer)
                  00002670    00000018                              : uart.o (.text:UART_getInterruptStatus)
                  00002688    00000018     PWM.obj (.text:forwardDirection)
                  000026a0    00000018     PWM.obj (.text:reverseDirection)
                  000026b8    00000018     rtsv7M4_T_le_v4SPD16_eabi.lib : strcmp.c.obj (.text:strcmp)
                  000026d0    00000016     msp432p4xx_driverlib.lib : timer_a.o (.text:Timer_A_startCounter)
                  000026e6    00000002     --HOLE-- [fill = 0]
                  000026e8    00000014     ESP8266.obj (.text:ESP8266_ClearBuffer)
                  000026fc    00000014     IRLine.obj (.text:IRSensorSetup)
                  00002710    00000014     MSPIO.obj (.text:PrintChar)
                  00002724    00000014     msp432p4xx_driverlib.lib : timer_a.o (.text:Timer_A_stopTimer)
                  00002738    00000014     rtsv7M4_T_le_v4SPD16_eabi.lib : strcpy.c.obj (.text:strcpy)
                  0000274c    00000010     msp432p4xx_driverlib.lib : interrupt.o (.text:Interrupt_enableMaster)
                  0000275c    0000000e     rtsv7M4_T_le_v4SPD16_eabi.lib : copy_decompress_none.c.obj (.text:decompress:none:__TI_decompress_none)
                  0000276a    0000000c     msp432p4xx_driverlib.lib : cpu.o (.text:CPU_cpsie)
                  00002776    0000000c     startup_msp432p401r_ccs.obj (.text:Reset_Handler)
                  00002782    0000000c     rtsv7M4_T_le_v4SPD16_eabi.lib : copy_zero_init.c.obj (.text:decompress:ZI:__TI_zero_init)
                  0000278e    00000002     --HOLE-- [fill = 0]
                  00002790    00000008     ESP8266.obj (.text:ESP8266_GetBuffer)
                  00002798    00000004     rtsv7M4_T_le_v4SPD16_eabi.lib : pre_init.c.obj (.text:_system_pre_init)
                  0000279c    00000004                                   : exit.c.obj (.text:abort:abort)

.const     0    000027a0    0000006c     
                  000027a0    00000030     msp432p4xx_driverlib.lib : gpio.o (.const:GPIO_PORT_TO_BASE)
                  000027d0    00000018     Ultrasonic.obj (.const:$P$T0$1)
                  000027e8    00000018     Encoder.obj (.const:upConfig)
                  00002800    00000008     msp432p4xx_driverlib.lib : interrupt.o (.const:g_pulEnRegs)
                  00002808    00000004     Encoder.obj (.const)

.cinit     0    00002810    000000a8     
                  00002810    00000082     (.cinit..data.load) [load image, compression = lzss]
                  00002892    00000002     --HOLE-- [fill = 0]
                  00002894    0000000c     (__TI_handler_table)
                  000028a0    00000008     (.cinit..bss.load) [load image, compression = zero_init]
                  000028a8    00000010     (__TI_cinit_table)

.init_array 
*          0    00000000    00000000     UNINITIALIZED

.binit     0    00000000    00000000     

.bss       0    20000000    00001828     UNINITIALIZED
                  20000000    00000800     (.common:ESP8266_Buffer)
                  20000800    00000800     (.common:UARTA0Data)
                  20001000    00000800     (.common:UARTA2Data)
                  20001800    00000008     msp432p4xx_driverlib.lib : cs.o (.bss)
                  20001808    00000004     (.common:SR04IntTimes)
                  2000180c    00000004     (.common:UARTA0ReadIndex)
                  20001810    00000004     (.common:UARTA0WriteIndex)
                  20001814    00000004     (.common:UARTA2ReadIndex)
                  20001818    00000004     (.common:UARTA2WriteIndex)
                  2000181c    00000004     (.common:encoderTimes)
                  20001820    00000004     (.common:foo)
                  20001824    00000004     (.common:receivedData)

.data      0    20001828    000000d8     UNINITIALIZED
                  20001828    00000036     UART.obj (.data:HTTP_Request)
                  2000185e    00000002     --HOLE--
                  20001860    00000028     UART.obj (.data:UART0Config)
                  20001888    00000028     UART.obj (.data:UART2Config)
                  200018b0    00000018     PWM.obj (.data:pwm2Config)
                  200018c8    00000018     PWM.obj (.data:pwmConfig)
                  200018e0    0000000c     UART.obj (.data:HTTP_WebPage)
                  200018ec    00000008     Encoder.obj (.data)
                  200018f4    00000005     UART.obj (.data:Port)
                  200018f9    00000003     --HOLE--
                  200018fc    00000004     UART.obj (.data)

.stack     0    2000fe00    00000200     UNINITIALIZED
                  2000fe00    00000004     rtsv7M4_T_le_v4SPD16_eabi.lib : boot_cortex_m.c.obj (.stack)
                  2000fe04    000001fc     --HOLE--

__llvm_prf_cnts 
*          0    20000000    00000000     UNINITIALIZED

MODULE SUMMARY

       Module                        code   ro data   rw data
       ------                        ----   -------   -------
    ./
       UART.obj                      1004   0         12638  
       Ultrasonic.obj                628    24        16     
       PWM.obj                       496    0         96     
       main.obj                      328    0         8      
       Encoder.obj                   172    28        16     
       system_msp432p401r.obj        120    0         0      
       IRLine.obj                    20     0         0      
    +--+-----------------------------+------+---------+---------+
       Total:                        2768   52        12774  
                                                             
    ./Devices/
       ESP8266.obj                   1104   0         0      
       MSPIO.obj                     380    0         0      
    +--+-----------------------------+------+---------+---------+
       Total:                        1484   0         0      
                                                             
    ./Hardware/
       UART_Driver.obj               1172   0         0      
    +--+-----------------------------+------+---------+---------+
       Total:                        1172   0         0      
                                                             
    ./ccs/
       startup_msp432p401r_ccs.obj   14     228       0      
    +--+-----------------------------+------+---------+---------+
       Total:                        14     228       0      
                                                             
    /Applications/TI/ccs/tools/compiler/ti-cgt-arm_20.2.5.LTS/lib/rtsv7M4_T_le_v4SPD16_eabi.lib
       fd_div_t2.asm.obj             310    0         0      
       fd_mul_t2.asm.obj             252    0         0      
       memcpy_t2.asm.obj             156    0         0      
       memset_t2.asm.obj             122    0         0      
       fd_tos_t2.asm.obj             110    0         0      
       ltoa.c.obj                    110    0         0      
       copy_decompress_lzss.c.obj    104    0         0      
       autoinit.c.obj                68     0         0      
       fs_tod_t2.asm.obj             56     0         0      
       boot_cortex_m.c.obj           52     0         0      
       strstr.c.obj                  52     0         0      
       strcmp.c.obj                  24     0         0      
       strcpy.c.obj                  20     0         0      
       copy_decompress_none.c.obj    14     0         0      
       copy_zero_init.c.obj          12     0         0      
       exit.c.obj                    4      0         0      
       pre_init.c.obj                4      0         0      
    +--+-----------------------------+------+---------+---------+
       Total:                        1470   0         0      
                                                             
    /Applications/TI/simplelink_msp432p4_sdk_3_40_01_02/source/ti/devices/msp432p4xx/driverlib/ccs/msp432p4xx_driverlib.lib
       cs.o                          818    0         16     
       gpio.o                        736    48        0      
       timer_a.o                     730    0         0      
       uart.o                        408    0         0      
       interrupt.o                   144    8         0      
       sysctl_a.o                    148    0         0      
       cpu.o                         12     0         0      
    +--+-----------------------------+------+---------+---------+
       Total:                        2996   56        16     
                                                             
       Stack:                        0      0         1024   
       Linker Generated:             0      166       0      
    +--+-----------------------------+------+---------+---------+
       Grand Total:                  9904   502       13814  


LINKER GENERATED COPY TABLES

__TI_cinit_table @ 000028a8 records: 2, size/record: 8, table size: 16
	.data: load addr=00002810, load size=00000082 bytes, run addr=20001828, run size=000000d8 bytes, compression=lzss
	.bss: load addr=000028a0, load size=00000008 bytes, run addr=20000000, run size=00001828 bytes, compression=zero_init


LINKER GENERATED HANDLER TABLE

__TI_handler_table @ 00002894 records: 3, size/record: 4, table size: 12
	index: 0, handler: __TI_decompress_lzss
	index: 1, handler: __TI_decompress_none
	index: 2, handler: __TI_zero_init


GLOBAL SYMBOLS: SORTED ALPHABETICALLY BY Name 

address   name                                       
-------   ----                                       
0000080f  ADC14_IRQHandler                           
0000080f  AES256_IRQHandler                          
0000080f  BusFault_Handler                           
0000279d  C$$EXIT                                    
0000080f  COMP_E0_IRQHandler                         
0000080f  COMP_E1_IRQHandler                         
0000276b  CPU_cpsie                                  
0000080f  CS_IRQHandler                              
00002405  CS_clearInterruptFlag                      
00000ea5  CS_getDCOFrequency                         
00002491  CS_getSMCLK                                
0000080f  DMA_ERR_IRQHandler                         
0000080f  DMA_INT0_IRQHandler                        
0000080f  DMA_INT1_IRQHandler                        
0000080f  DMA_INT2_IRQHandler                        
0000080f  DMA_INT3_IRQHandler                        
0000080f  DebugMon_Handler                           
0000080f  Default_Handler                            
20000000  ESP8266_Buffer                             
00001e55  ESP8266_ChangeMode1                        
000026e9  ESP8266_ClearBuffer                        
00001efd  ESP8266_Close                              
0000144d  ESP8266_ConnectToAP                        
0000170d  ESP8266_EnableMultipleConnections          
00000f9d  ESP8266_EstablishConnection                
00002791  ESP8266_GetBuffer                          
00002335  ESP8266_HardReset                          
00001d49  ESP8266_Port8000                           
000011e1  ESP8266_SendData                           
0000180d  ESP8266_WaitForAnswer                      
00001281  EUSCIA0_IRQHandler                         
00001281  EUSCIA0_IRQHandler                         
0000080f  EUSCIA1_IRQHandler                         
0000156d  EUSCIA2_IRQHandler                         
0000156d  EUSCIA2_IRQHandler                         
0000080f  EUSCIA3_IRQHandler                         
0000080f  EUSCIB0_IRQHandler                         
0000080f  EUSCIB1_IRQHandler                         
0000080f  EUSCIB2_IRQHandler                         
0000080f  EUSCIB3_IRQHandler                         
0000080f  FLCTL_IRQHandler                           
0000080f  FPU_IRQHandler                             
000024b9  GPIO_clearInterruptFlag                    
000024e1  GPIO_enableInterrupt                       
00002435  GPIO_getInputPinValue                      
000025ed  GPIO_getInterruptStatus                    
00001f4d  GPIO_setAsInputPin                         
00001da5  GPIO_setAsInputPinWithPullDownResistor     
00001dfd  GPIO_setAsInputPinWithPullUpResistor       
000021d5  GPIO_setAsOutputPin                        
00001685  GPIO_setAsPeripheralModuleFunctionOutputPin
00002509  GPIO_setOutputHighOnPin                    
00002531  GPIO_setOutputLowOnPin                     
00002559  GPIO_toggleOutputOnPin                     
20001828  HTTP_Request                               
200018fc  HTTP_Request_Size                          
200018e0  HTTP_WebPage                               
0000080f  HardFault_Handler                          
000026fd  IRSensorSetup                              
0000178d  Interrupt_enableInterrupt                  
0000274d  Interrupt_enableMaster                     
00001071  MSPrintf                                   
0000080f  MemManage_Handler                          
0000080f  NMI_Handler                                
0000080f  PCM_IRQHandler                             
0000080f  PORT1_IRQHandler                           
00002109  PORT2_IRQHandler                           
00002109  PORT2_IRQHandler                           
0000080f  PORT3_IRQHandler                           
0000080f  PORT4_IRQHandler                           
0000080f  PORT5_IRQHandler                           
0000080f  PORT6_IRQHandler                           
0000080f  PSS_IRQHandler                             
0000080f  PendSV_Handler                             
200018f4  Port                                       
00002711  PrintChar                                  
000015f9  PrintInteger                               
00002635  PrintString                                
0000080f  RTC_C_IRQHandler                           
00002777  Reset_Handler                              
20001808  SR04IntTimes                               
0000080f  SVC_Handler                                
000013b9  SysCtl_A_getTLVInfo                        
0000080f  SysTick_Handler                            
00001981  SystemInit                                 
0000080f  T32_INT1_IRQHandler                        
0000080f  T32_INT2_IRQHandler                        
0000080f  T32_INTC_IRQHandler                        
0000080f  TA0_0_IRQHandler                           
0000080f  TA0_N_IRQHandler                           
00000811  TA1_0_IRQHandler                           
00000811  TA1_0_IRQHandler                           
0000080f  TA1_N_IRQHandler                           
0000080f  TA2_0_IRQHandler                           
0000080f  TA2_N_IRQHandler                           
0000080f  TA3_0_IRQHandler                           
0000080f  TA3_N_IRQHandler                           
00002465  Timer_A_clearCaptureCompareInterrupt       
00002659  Timer_A_clearTimer                         
00001b49  Timer_A_configureUpMode                    
000019f9  Timer_A_generatePWM                        
00001f99  Timer_A_getCounterValue                    
000026d1  Timer_A_startCounter                       
00002725  Timer_A_stopTimer                          
20001860  UART0Config                                
20001888  UART2Config                                
20000800  UARTA0Data                                 
2000180c  UARTA0ReadIndex                            
20001810  UARTA0WriteIndex                           
20001000  UARTA2Data                                 
20001814  UARTA2ReadIndex                            
20001818  UARTA2WriteIndex                           
00001fe5  UART_Available                             
00002031  UART_Flush                                 
000002fd  UART_Printf                                
00000599  UART_Read                                  
00002215  UART_Write                                 
00001c81  UART_getEnabledInterruptStatus             
00002671  UART_getInterruptStatus                    
00000b89  UART_initModule                            
0000080f  UsageFault_Handler                         
4000480c  WDTCTL_SYM                                 
0000080f  WDT_A_IRQHandler                           
20010000  __STACK_END                                
00000200  __STACK_SIZE                               
000028a8  __TI_CINIT_Base                            
000028b8  __TI_CINIT_Limit                           
00002894  __TI_Handler_Table_Base                    
000028a0  __TI_Handler_Table_Limit                   
0000214d  __TI_auto_init_nobinit_nopinit             
00001bb1  __TI_decompress_lzss                       
0000275d  __TI_decompress_none                       
ffffffff  __TI_pprof_out_hndl                        
ffffffff  __TI_prof_data_size                        
ffffffff  __TI_prof_data_start                       
00000000  __TI_static_base__                         
00002783  __TI_zero_init                             
00001adb  __aeabi_d2f                                
000006d9  __aeabi_ddiv                               
00000da9  __aeabi_dmul                               
0000228d  __aeabi_f2d                                
00001905  __aeabi_memclr                             
00001905  __aeabi_memclr4                            
00001905  __aeabi_memclr8                            
0000131d  __aeabi_memcpy                             
0000131d  __aeabi_memcpy4                            
0000131d  __aeabi_memcpy8                            
00001907  __aeabi_memset                             
00001907  __aeabi_memset4                            
00001907  __aeabi_memset8                            
ffffffff  __binit__                                  
ffffffff  __c_args__                                 
UNDEFED   __mpu_init                                 
2000fe00  __stack                                    
20000000  __start___llvm_prf_cnts                    
20000000  __stop___llvm_prf_cnts                     
00002369  _c_int00_noargs                            
UNDEFED   _system_post_cinit                         
00002799  _system_pre_init                           
0000279d  abort                                      
ffffffff  binit                                      
00002808  diameter                                   
2000181c  encoderTimes                               
20001820  foo                                        
00002689  forwardDirection                           
000014dd  getHCSR04Distance                          
00002611  getSlowSpeed                               
00001c19  init_Encoder                               
00002191  init_PWM                                   
000000e5  init_UART                                  
00001ea9  init_ultrasonic                            
00000000  interruptVectors                           
00002079  leftDirection                              
200018f0  leftrotation                               
00001a6d  ltoa                                       
00000945  main                                       
0000131d  memcpy                                     
0000190d  memset                                     
200018b0  pwm2Config                                 
200018c8  pwmConfig                                  
20001824  receivedData                               
000026a1  reverseDirection                           
000020c1  rightDirection                             
200018ec  rightrotation                              
00000a69  sendData                                   
000022c5  slowDown                                   
000022fd  speedUp                                    
0000239d  stop                                       
000026b9  strcmp                                     
00002739  strcpy                                     
000023d1  strstr                                     
0000112d  uartLoop                                   
000027e8  upConfig                                   


GLOBAL SYMBOLS: SORTED BY Symbol Address 

address   name                                       
-------   ----                                       
00000000  __TI_static_base__                         
00000000  interruptVectors                           
000000e5  init_UART                                  
00000200  __STACK_SIZE                               
000002fd  UART_Printf                                
00000599  UART_Read                                  
000006d9  __aeabi_ddiv                               
0000080f  ADC14_IRQHandler                           
0000080f  AES256_IRQHandler                          
0000080f  BusFault_Handler                           
0000080f  COMP_E0_IRQHandler                         
0000080f  COMP_E1_IRQHandler                         
0000080f  CS_IRQHandler                              
0000080f  DMA_ERR_IRQHandler                         
0000080f  DMA_INT0_IRQHandler                        
0000080f  DMA_INT1_IRQHandler                        
0000080f  DMA_INT2_IRQHandler                        
0000080f  DMA_INT3_IRQHandler                        
0000080f  DebugMon_Handler                           
0000080f  Default_Handler                            
0000080f  EUSCIA1_IRQHandler                         
0000080f  EUSCIA3_IRQHandler                         
0000080f  EUSCIB0_IRQHandler                         
0000080f  EUSCIB1_IRQHandler                         
0000080f  EUSCIB2_IRQHandler                         
0000080f  EUSCIB3_IRQHandler                         
0000080f  FLCTL_IRQHandler                           
0000080f  FPU_IRQHandler                             
0000080f  HardFault_Handler                          
0000080f  MemManage_Handler                          
0000080f  NMI_Handler                                
0000080f  PCM_IRQHandler                             
0000080f  PORT1_IRQHandler                           
0000080f  PORT3_IRQHandler                           
0000080f  PORT4_IRQHandler                           
0000080f  PORT5_IRQHandler                           
0000080f  PORT6_IRQHandler                           
0000080f  PSS_IRQHandler                             
0000080f  PendSV_Handler                             
0000080f  RTC_C_IRQHandler                           
0000080f  SVC_Handler                                
0000080f  SysTick_Handler                            
0000080f  T32_INT1_IRQHandler                        
0000080f  T32_INT2_IRQHandler                        
0000080f  T32_INTC_IRQHandler                        
0000080f  TA0_0_IRQHandler                           
0000080f  TA0_N_IRQHandler                           
0000080f  TA1_N_IRQHandler                           
0000080f  TA2_0_IRQHandler                           
0000080f  TA2_N_IRQHandler                           
0000080f  TA3_0_IRQHandler                           
0000080f  TA3_N_IRQHandler                           
0000080f  UsageFault_Handler                         
0000080f  WDT_A_IRQHandler                           
00000811  TA1_0_IRQHandler                           
00000811  TA1_0_IRQHandler                           
00000945  main                                       
00000a69  sendData                                   
00000b89  UART_initModule                            
00000da9  __aeabi_dmul                               
00000ea5  CS_getDCOFrequency                         
00000f9d  ESP8266_EstablishConnection                
00001071  MSPrintf                                   
0000112d  uartLoop                                   
000011e1  ESP8266_SendData                           
00001281  EUSCIA0_IRQHandler                         
00001281  EUSCIA0_IRQHandler                         
0000131d  __aeabi_memcpy                             
0000131d  __aeabi_memcpy4                            
0000131d  __aeabi_memcpy8                            
0000131d  memcpy                                     
000013b9  SysCtl_A_getTLVInfo                        
0000144d  ESP8266_ConnectToAP                        
000014dd  getHCSR04Distance                          
0000156d  EUSCIA2_IRQHandler                         
0000156d  EUSCIA2_IRQHandler                         
000015f9  PrintInteger                               
00001685  GPIO_setAsPeripheralModuleFunctionOutputPin
0000170d  ESP8266_EnableMultipleConnections          
0000178d  Interrupt_enableInterrupt                  
0000180d  ESP8266_WaitForAnswer                      
00001905  __aeabi_memclr                             
00001905  __aeabi_memclr4                            
00001905  __aeabi_memclr8                            
00001907  __aeabi_memset                             
00001907  __aeabi_memset4                            
00001907  __aeabi_memset8                            
0000190d  memset                                     
00001981  SystemInit                                 
000019f9  Timer_A_generatePWM                        
00001a6d  ltoa                                       
00001adb  __aeabi_d2f                                
00001b49  Timer_A_configureUpMode                    
00001bb1  __TI_decompress_lzss                       
00001c19  init_Encoder                               
00001c81  UART_getEnabledInterruptStatus             
00001d49  ESP8266_Port8000                           
00001da5  GPIO_setAsInputPinWithPullDownResistor     
00001dfd  GPIO_setAsInputPinWithPullUpResistor       
00001e55  ESP8266_ChangeMode1                        
00001ea9  init_ultrasonic                            
00001efd  ESP8266_Close                              
00001f4d  GPIO_setAsInputPin                         
00001f99  Timer_A_getCounterValue                    
00001fe5  UART_Available                             
00002031  UART_Flush                                 
00002079  leftDirection                              
000020c1  rightDirection                             
00002109  PORT2_IRQHandler                           
00002109  PORT2_IRQHandler                           
0000214d  __TI_auto_init_nobinit_nopinit             
00002191  init_PWM                                   
000021d5  GPIO_setAsOutputPin                        
00002215  UART_Write                                 
0000228d  __aeabi_f2d                                
000022c5  slowDown                                   
000022fd  speedUp                                    
00002335  ESP8266_HardReset                          
00002369  _c_int00_noargs                            
0000239d  stop                                       
000023d1  strstr                                     
00002405  CS_clearInterruptFlag                      
00002435  GPIO_getInputPinValue                      
00002465  Timer_A_clearCaptureCompareInterrupt       
00002491  CS_getSMCLK                                
000024b9  GPIO_clearInterruptFlag                    
000024e1  GPIO_enableInterrupt                       
00002509  GPIO_setOutputHighOnPin                    
00002531  GPIO_setOutputLowOnPin                     
00002559  GPIO_toggleOutputOnPin                     
000025ed  GPIO_getInterruptStatus                    
00002611  getSlowSpeed                               
00002635  PrintString                                
00002659  Timer_A_clearTimer                         
00002671  UART_getInterruptStatus                    
00002689  forwardDirection                           
000026a1  reverseDirection                           
000026b9  strcmp                                     
000026d1  Timer_A_startCounter                       
000026e9  ESP8266_ClearBuffer                        
000026fd  IRSensorSetup                              
00002711  PrintChar                                  
00002725  Timer_A_stopTimer                          
00002739  strcpy                                     
0000274d  Interrupt_enableMaster                     
0000275d  __TI_decompress_none                       
0000276b  CPU_cpsie                                  
00002777  Reset_Handler                              
00002783  __TI_zero_init                             
00002791  ESP8266_GetBuffer                          
00002799  _system_pre_init                           
0000279d  C$$EXIT                                    
0000279d  abort                                      
000027e8  upConfig                                   
00002808  diameter                                   
00002894  __TI_Handler_Table_Base                    
000028a0  __TI_Handler_Table_Limit                   
000028a8  __TI_CINIT_Base                            
000028b8  __TI_CINIT_Limit                           
20000000  ESP8266_Buffer                             
20000000  __start___llvm_prf_cnts                    
20000000  __stop___llvm_prf_cnts                     
20000800  UARTA0Data                                 
20001000  UARTA2Data                                 
20001808  SR04IntTimes                               
2000180c  UARTA0ReadIndex                            
20001810  UARTA0WriteIndex                           
20001814  UARTA2ReadIndex                            
20001818  UARTA2WriteIndex                           
2000181c  encoderTimes                               
20001820  foo                                        
20001824  receivedData                               
20001828  HTTP_Request                               
20001860  UART0Config                                
20001888  UART2Config                                
200018b0  pwm2Config                                 
200018c8  pwmConfig                                  
200018e0  HTTP_WebPage                               
200018ec  rightrotation                              
200018f0  leftrotation                               
200018f4  Port                                       
200018fc  HTTP_Request_Size                          
2000fe00  __stack                                    
20010000  __STACK_END                                
4000480c  WDTCTL_SYM                                 
ffffffff  __TI_pprof_out_hndl                        
ffffffff  __TI_prof_data_size                        
ffffffff  __TI_prof_data_start                       
ffffffff  __binit__                                  
ffffffff  __c_args__                                 
ffffffff  binit                                      
UNDEFED   __mpu_init                                 
UNDEFED   _system_post_cinit                         

[193 symbols]
